C51 COMPILER V9.60.0.0   DATA_SAVE                                                         01/09/2026 10:30:24 PAGE 1   


C51 COMPILER V9.60.0.0, COMPILATION OF MODULE DATA_SAVE
OBJECT MODULE PLACED IN .\Objects\data_save.obj
COMPILER INVOKED BY: C:\Keil_v5\C51\BIN\C51.EXE ..\User\src\data_save.c LARGE OMF2 OPTIMIZE(0,SIZE) BROWSE NOINTPROMOTE 
                    -INCDIR(..\Mdk;..\User\inc;..\Modbus;..\Driver\font;..\Driver\bsp\inc;..\Driver\device\inc) DEBUG PRINT(.\Listings\data_s
                    -ave.lst) TABS(2) OBJECT(.\Objects\data_save.obj)

line level    source

   1          
   2          #include "config.h"
   3          #include <string.h>
   4          #include "data_save.h"
   5          #include "fm31256.h"
   6          #include "data_deal.h"
   7          
   8          
   9          
  10           Pass_Para_Struct g_protect_password;     // 6位口令
  11           Alarm_Para_Struct g_alarm_minutes;        // 报警时间（分钟）
  12           Contra_Para_Struct g_lcd_contrast;         // 对比度 0~255
  13          
  14           Ratio_Para_Struct g_sys_pt_ct;  //系统pt、ct
  15          
  16           Protect_Para_Struct g_vol_h,g_vol_l;//过压保护、欠压保护参数
  17           Com_Para_Struct  g_com;//通讯参数
  18           Cap_Para_Struct  g_cap[4];//电容参数
  19           Control_Para_Struct g_control_para;//控制参数
  20           
  21           AutoManual_Para_Struct g_adjust_cap; //调试开关
  22           Cap_Num_Struct g_cap_num;  //投入电容数量 1-4  几路保护
  23          
  24           Cap_Protect_Para_Struct  g_cap_protect[4];
  25           Cap_Ratio_Para_Struct  g_cap_ratio[4];
  26          
  27           Stat_Para_Struct  g_stat;
  28          
  29          // ************************* 内部工具函数（仅本文件调用，带功能说明） *************************
  30          
  31          
  32          
  33          /**
  34           * @brief 读取FM31256校表数据（）
  35           * @param calib_channel 校表通道（1~4）
  36           * @param read_data     输出缓冲区
  37           * @param data_len      数据长度
  38           * @param saved_chksum3e 输出：存储的0x3E校验和（供后续HT7036验证用）
  39           * @param saved_chksum5e 输出：存储的0x5E校验和（供后续HT7036验证用）
  40           * @return 错误码（见宏定义）
  41           */
  42          Para_Op_Result_E FM31256_Read_Calib(uint8_t calib_channel, uint8_t *read_data, uint16_t data_len,
  43                                     uint32_t *saved_chksum3e, uint32_t *saved_chksum5e)
  44          {
  45   1          // 确定主/备区地址（复用你的地址定义）
  46   1          uint16_t main_addr = 0, backup_addr = 0;  
  47   1          uint8_t temp_buf[100] = {0};
  48   1          // 参数校验
  49   1          if (read_data == NULL || saved_chksum3e == NULL || saved_chksum5e == NULL || data_len < 7)
  50   1              return PARA_OP_ERR_ADDR_OVERFLOW; // 至少需包含数据+3字节3E+3字节5E+1字节CRC8
  51   1      
  52   1      
  53   1      
C51 COMPILER V9.60.0.0   DATA_SAVE                                                         01/09/2026 10:30:24 PAGE 2   

  54   1          switch (calib_channel)
  55   1          {
  56   2              case 1: main_addr = CALIB1_MAIN_DATA; backup_addr = CALIB1_BACKUP_DATA; break;
  57   2              case 2: main_addr = CALIB2_MAIN_DATA; backup_addr = CALIB2_BACKUP_DATA; break;
  58   2              case 3: main_addr = CALIB3_MAIN_DATA; backup_addr = CALIB3_BACKUP_DATA; break;
  59   2              case 4: main_addr = CALIB4_MAIN_DATA; backup_addr = CALIB4_BACKUP_DATA; break;
  60   2      
  61   2          }
  62   1      
  63   1          if (data_len > sizeof(temp_buf)) return PARA_OP_ERR_ADDR_OVERFLOW;
  64   1      
  65   1          // ------------------------ 第一步：读主区+CRC8校验 ------------------------
  66   1          if (FM31256_FRAM_Read(main_addr, temp_buf, data_len) == 0)
  67   1          {
  68   2              // 计算CRC8（排除最后1字节的CRC值）
  69   2              uint8_t crc_calc = CRC8_Calc(temp_buf, data_len - 1);
  70   2              uint8_t crc_saved = temp_buf[data_len - 1];
  71   2              
  72   2              if (crc_calc == crc_saved)
  73   2              {
  74   3                  // 提取存储的0x3E/0x5E校验和（假设存储在数据倒数7~4字节：3E占3字节，5E占3字节）
  75   3                  *saved_chksum3e = (temp_buf[data_len - 7] << 16) | (temp_buf[data_len - 6] << 8) | temp_buf[da
             -ta_len - 5];
  76   3                  *saved_chksum5e = (temp_buf[data_len - 4] << 16) | (temp_buf[data_len - 3] << 8) | temp_buf[da
             -ta_len - 2];
  77   3                  memcpy(read_data, temp_buf, data_len);
  78   3                  return PARA_OP_SUCCESS;
  79   3              }
  80   2          }
  81   1      
  82   1          // ------------------------ 第二步：主区失效，读备区+CRC8校验 ------------------------
  83   1          if (FM31256_FRAM_Read(backup_addr, temp_buf, data_len) == 0)
  84   1          {
  85   2              uint8_t crc_calc = CRC8_Calc(temp_buf, data_len - 1);
  86   2              uint8_t crc_saved = temp_buf[data_len - 1];
  87   2              
  88   2              if (crc_calc == crc_saved)
  89   2              {
  90   3                  *saved_chksum3e = (temp_buf[data_len - 7] << 16) | (temp_buf[data_len - 6] << 8) | temp_buf[da
             -ta_len - 5];
  91   3                  *saved_chksum5e = (temp_buf[data_len - 4] << 16) | (temp_buf[data_len - 3] << 8) | temp_buf[da
             -ta_len - 2];
  92   3                  memcpy(read_data, temp_buf, data_len);
  93   3                  return PARA_OP_SUCCESS;
  94   3              }
  95   2          }
  96   1      
  97   1          // ------------------------ 第三步：主/备区均失效 ------------------------
  98   1          return (FM31256_FRAM_Read(main_addr, temp_buf, data_len) != 0) ? PARA_OP_ERR_IIC :
  99   1                 (FM31256_FRAM_Read(backup_addr, temp_buf, data_len) != 0) ? PARA_OP_ERR_IIC :
 100   1                 (calib_channel == 1 ? PARA_OP_ERR_CRC_MAIN : PARA_OP_ERR_CRC_BACKUP);
 101   1      }
 102          
 103          
 104          /**
 105           * @brief  写入FM31256校表数据（主备区双写+CRC8校验）
 106           * @param  calib_channel：校表通道（1~4）
 107           * @param  write_data：待写入校表数据（输入，非NULL）
 108           * @return Para_Op_Result_E：操作结果（0=成功，非0=失败）
 109           * @note   1. 主区写入数据+CRC8；2. 写入后立即校验，失败自动重试1次；
 110           */
 111          Para_Op_Result_E FM31256_Write_Calib(uint8_t calib_channel, const uint8_t *write_data, uint16_t data_len)
C51 COMPILER V9.60.0.0   DATA_SAVE                                                         01/09/2026 10:30:24 PAGE 3   

 112          {
 113   1          uint16_t main_addr = 0;
 114   1          uint8_t read_back_buf[100] = {0}; // 读回验证缓冲区
 115   1          uint8_t retry = 2; // 最多重试2次（初始1次+1次重试）
 116   1          uint8_t write_ok = 0;
 117   1          uint8_t crc_calc;
 118   1          uint8_t crc_saved;
 119   1          // 1. 参数合法性校验
 120   1          if (write_data == NULL) {
 121   2              return PARA_OP_ERR_NULL_PTR; // 空指针错误
 122   2          }
 123   1      //    if (calib_channel < 1 || calib_channel > 4) {
 124   1      //        return PARA_OP_ERR_CH_OVERFLOW; // 通道号越界
 125   1      //    }
 126   1      //    if (data_len < 7 || data_len > 100) { // 限制最大长度避免缓冲区溢出
 127   1      //        return PARA_OP_ERR_ADDR_OVERFLOW; // 数据长度非法
 128   1      //    }
 129   1          // 3. 映射通道对应的主备区地址
 130   1          switch (calib_channel) {
 131   2              case 1: main_addr = CALIB1_MAIN_DATA; break;
 132   2              case 2: main_addr = CALIB2_MAIN_DATA; break;
 133   2              case 3: main_addr = CALIB3_MAIN_DATA;  break;
 134   2              case 4: main_addr = CALIB4_MAIN_DATA;  break;
 135   2          }
 136   1      
 137   1          // 4. 带重试写入+验证
 138   1          while (retry--) {
 139   2      
 140   2              if (FM31256_FRAM_Write(main_addr, write_data, data_len) != 0) {
 141   3                  continue; // 主区写入失败，重试
 142   3              }
 143   2              // 4.3 读回主区数据做双重验证
 144   2              memset(read_back_buf, 0, sizeof(read_back_buf));
 145   2              if (FM31256_FRAM_Read(main_addr, read_back_buf, data_len) != 0) {
 146   3                  continue; // 读回失败，重试
 147   3              }
 148   2      
 149   2              // 验证1：全字节数据完全匹配（最直接的验证）
 150   2              if (memcmp(read_back_buf, write_data, data_len) != 0) {
 151   3                  continue; // 数据不一致，重试
 152   3              }
 153   2      
 154   2              // 验证2：CRC8校验通过（双重保障，避免数据位翻转）
 155   2               crc_calc = CRC8_Calc(read_back_buf, data_len - 1); // 计算前N-1字节的CRC
 156   2               crc_saved = read_back_buf[data_len - 1]; // 读回的CRC8值（最后1字节）
 157   2              if (crc_calc == crc_saved) {
 158   3                  write_ok = 1;
 159   3                  break; // 双重验证通过，退出重试
 160   3              }
 161   2          }
 162   1          return write_ok ? PARA_OP_SUCCESS : PARA_OP_ERR_HW_WRITE;
 163   1      }
 164          
 165          
 166          
 167          // ************************* 通用参数读写（主备区同步+CRC校验，仅本文件调用） *************************
 168          typedef void (*Param_InitFunc)(void *param);  /* 参数初始化函数指针类型定义 */
 169          
 170          /**
 171           * @brief  应用层参数读取+I2C错误重试（核心示例）
 172           * @param  （参数同之前，略）
 173           * @return Para_Op_Result_E：分层错误码
C51 COMPILER V9.60.0.0   DATA_SAVE                                                         01/09/2026 10:30:24 PAGE 4   

 174           */
 175          static Para_Op_Result_E Read_Param_With_Backup(uint16_t main_data_addr, uint16_t main_crc_addr,
 176                                                         uint16_t backup_data_addr, uint16_t backup_crc_addr,
 177                                                         void *param, uint16_t para_len) {
 178   1          uint8_t crc_main, crc_backup;
 179   1          uint8_t fram_err;          // 驱动层返回的错误
 180   1          uint8_t retry;             // 重试计数器
 181   1      
 182   1          if (param == NULL) {
 183   2              return PARA_OP_ERR_NULL_PTR; // 空指针：直接返回，不重试
 184   2          }
 185   1      
 186   1      
 187   1          retry = 2;
 188   1          do {
 189   2              // 1. 调用驱动层读取主区数据
 190   2              fram_err = FM31256_FRAM_Read(main_data_addr, param, para_len);
 191   2              
 192   2              // 2. 按错误类型处理
 193   2              if (fram_err == FM31256_OK) {
 194   3                  // 读取成功：退出重试，继续校验CRC
 195   3                  break;
 196   3              }  else {
 197   3                  // I2C通信错误：准备重试
 198   3                  retry--;
 199   3                  if (retry > 0) {
 200   4                      // 重试前：清理I2C总线 + 短暂延时（关键！）
 201   4      //                I2C_ClearBus();  // 调用硬件层的总线清理函数
 202   4      //                delay_ms(I2C_RETRY_DELAY); // 延时1ms，避免总线忙
 203   4                      continue;        // 继续下一次重试
 204   4                  } else {
 205   4                      // 重试耗尽：退出循环，切换到备区
 206   4                      break;
 207   4                  }
 208   3              }
 209   2          } while (retry > 0);
 210   1      
 211   1          // 主区读取成功 → 校验CRC
 212   1          if (fram_err == FM31256_OK) {
 213   2              // 读取主区CRC值（同样带重试）
 214   2              retry = 2;
 215   2              do {
 216   3                  fram_err = FM31256_FRAM_Read(main_crc_addr, &crc_main, PARA_CRC_LEN);
 217   3                  if (fram_err == FM31256_OK) break;
 218   3                  else {
 219   4                      retry--;
 220   4                     if (retry > 0) 
 221   4                       { 
 222   5      //                   I2C_ClearBus(); delay_ms(I2C_RETRY_DELAY); 
 223   5                      }
 224   4                  }
 225   3              } while (retry > 0);
 226   2      
 227   2              // 主区CRC读取成功且校验通过 → 返回成功
 228   2              if (fram_err == FM31256_OK && CRC8_Calc((uint8_t *)param, para_len) == crc_main) {
 229   3                  return PARA_OP_SUCCESS;
 230   3              }
 231   2          }
 232   1      
 233   1          // #################### 第三步：主区失效 → 读取备区（同样带重试） ####################
 234   1          retry = 2;
 235   1          do {
C51 COMPILER V9.60.0.0   DATA_SAVE                                                         01/09/2026 10:30:24 PAGE 5   

 236   2              fram_err = FM31256_FRAM_Read(backup_data_addr, param, para_len);
 237   2              if (fram_err == FM31256_OK) break;
 238   2              else {
 239   3                  retry--;
 240   3                  if (retry > 0) { 
 241   4      //            I2C_ClearBus(); delay_ms(I2C_RETRY_DELAY); 
 242   4                  }
 243   3              }
 244   2          } while (retry > 0);
 245   1      
 246   1          // 备区读取成功 → 校验CRC
 247   1          if (fram_err == FM31256_OK) {
 248   2              retry = 2;
 249   2              do {
 250   3                  fram_err = FM31256_FRAM_Read(backup_crc_addr, &crc_backup, PARA_CRC_LEN);
 251   3                  if (fram_err == FM31256_OK) break;
 252   3                  else  {
 253   4                      retry--;
 254   4                      if (retry > 0) { 
 255   5      //                  I2C_ClearBus(); delay_ms(I2C_RETRY_DELAY);
 256   5                      }
 257   4                  }
 258   3              } while (retry > 0);
 259   2      
 260   2              // 备区CRC校验通过 → 同步到主区 + 返回主区CRC错误
 261   2              if (fram_err == FM31256_OK && CRC8_Calc((uint8_t *)param, para_len) == crc_backup) {
 262   3                  // 同步备区到主区（写操作也可加重试，可选）
 263   3                  FM31256_FRAM_Write(main_data_addr, param, para_len);
 264   3                  FM31256_FRAM_Write(main_crc_addr, &crc_backup, PARA_CRC_LEN);
 265   3                  return PARA_OP_ERR_CRC_MAIN;
 266   3              }
 267   2          }
 268   1      
 269   1          // 区分是I2C错误还是CRC错误
 270   1          return (fram_err == FM31256_ERR_I2C) ? PARA_OP_ERR_IIC : PARA_OP_ERR_CRC_BACKUP;
 271   1      }
 272                                                         
 273          
 274          
 275          
 276          // ************************* 参数修改日志索引管理（仅本文件调用） *************************
 277          /**
 278           * @brief  获取当前参数修改日志的存储索引
 279           * @param  无
 280           * @return 日志索引（0~MODIFY_LOG_CNT-1）
 281           * @note   索引超出范围时，返回0（避免越界）
 282           */
 283          static uint8_t Get_Log_Index(void) {
 284   1          uint8_t index = 0;
 285   1          FM31256_FRAM_Read(LOG_INDEX_ADDR, &index, 1);  /* 从FRAM读取当前索引 */
 286   1          return (index >= MODIFY_LOG_CNT) ? 0 : index;  /* 越界保护：返回0 */
 287   1      }
 288          
 289          /**
 290           * @brief  更新参数修改日志索引（支持循环覆盖）
 291           * @param  index：当前日志索引指针（输入+输出）
 292           * @return 无
 293           * @note   索引自增1，达到最大条数时重置为0（循环覆盖最早的日志）
 294           */
 295          static void Update_Log_Index(uint8_t *index) {
 296   1          *index = (*index + 1) % MODIFY_LOG_CNT;  /* 循环自增：0→1→...→99→0 */
 297   1          FM31256_FRAM_Write(LOG_INDEX_ADDR, index, 1);  /* 保存更新后的索引到FRAM */
C51 COMPILER V9.60.0.0   DATA_SAVE                                                         01/09/2026 10:30:24 PAGE 6   

 298   1      }
 299          
 300          // ************************* 时间戳相关函数（日志/事件时间记录用） *************************
 301          /**
 302           * @brief  判断指定年份是否为闰年
 303           * @param  year：完整年份（如2025）
 304           * @return 1：闰年；0：平年
 305           * @note   闰年规则：能被4整除且不能被100整除，或能被400整除
 306           */
 307          static uint8_t Is_LeapYear(uint16_t year) {
 308   1          return (year % 4 == 0 && year % 100 != 0) || (year % 400 == 0) ? 1 : 0;
 309   1      }
 310          
 311          /**
 312           * @brief  获取指定年份和月份的天数（适配平年/闰年）
 313           * @param  year：完整年份（如2025）
 314           * @param  month：月份（1~12）
 315           * @return 当月天数（如2月：28或29天）
 316           */
 317          static uint8_t Get_MonthDays(uint16_t year, uint8_t month) {
 318   1          uint8_t month_days[] = {0, 31, 28, 31, 30, 31, 30, 31, 31, 30, 31, 30, 31};
 319   1          /* 2月且为闰年：返回29天，否则返回数组中定义的天数 */
 320   1          return (month == 2 && Is_LeapYear(year)) ? 29 : month_days[month];
 321   1      }
 322          
 323          /**
 324           * @brief  将日期时间转换为秒级时间戳（基准：BASE_YEAR-01-01 00:00:00）
 325           * @param  date：日期结构体指针（年/月/日）
 326           * @param  time：时间结构体指针（时/分/秒）
 327           * @return 秒级时间戳（从基准时间到当前时间的总秒数）
 328           */
 329          static uint32_t DateTime_To_TimeStamp(const Date_Struct *date, const Time_Struct *time) {
 330   1          uint32_t total_sec = 0;
 331   1          uint16_t full_year = BASE_YEAR + date->year;  /* 后两位年份→完整年份（如25→2025） */
 332   1          uint16_t year;
 333   1          uint8_t month;
 334   1      
 335   1          /* 1. 累加基准年到当前年的总秒数（按平年/闰年区分） */
 336   1          for (year = BASE_YEAR; year < full_year; year++) {
 337   2              total_sec += Is_LeapYear(year) ? 366UL * 24 * 3600 : 365UL * 24 * 3600;
 338   2          }
 339   1          /* 2. 累加当前年1月到当前月的总秒数（按当月天数） */
 340   1          for (month = 1; month < date->month; month++) {
 341   2              total_sec += Get_MonthDays(full_year, month) * 24UL * 3600;
 342   2          }
 343   1          /* 3. 累加当前日、时、分、秒的秒数 */
 344   1          total_sec += (date->day - 1) * 24UL * 3600 + time->hour * 3600UL + time->minute * 60UL + time->second;
 345   1          return total_sec;
 346   1      }
 347          
 348          /**
 349           * @brief  获取当前RTC的秒级时间戳（原子读取，避免数据错乱）
 350           * @param  无
 351           * @return 秒级时间戳（基准：BASE_YEAR-01-01 00:00:00）
 352           * @note   原子读取：关闭总中断→复制全局日期时间→开启总中断，避免读取过程中数据被修改
 353           */
 354          uint32_t Get_RTC_TimeStamp(void) {
 355   1          Date_Struct temp_date;  /* 临时日期变量（避免直接操作全局变量） */
 356   1          Time_Struct temp_time;  /* 临时时间变量 */
 357   1      
 358   1          EA = 0;  /* 关闭总中断：确保读取过程中全局变量不被更新 */
 359   1          temp_date = system_date;  /* 复制全局日期到临时变量 */
C51 COMPILER V9.60.0.0   DATA_SAVE                                                         01/09/2026 10:30:24 PAGE 7   

 360   1          temp_time = system_time;  /* 复制全局时间到临时变量 */
 361   1          EA = 1;  /* 开启总中断：读取完成后恢复 */
 362   1      
 363   1          /* 转换为秒级时间戳并返回 */
 364   1          return DateTime_To_TimeStamp(&temp_date, &temp_time);
 365   1      }
 366          
 367          /**
 368           * @brief  写入参数到FRAM（主区+备份区，均写入新参数），并校验写入结果
 369           * @param  main_data_addr: 主区参数存储地址
 370           * @param  main_crc_addr:  主区CRC存储地址
 371           * @param  backup_data_addr: 备份区参数存储地址
 372           * @param  backup_crc_addr:  备份区CRC存储地址
 373           * @param  new_param:      新参数指针（主/备区均写入此参数）
 374           * @param  para_len:       参数长度（字节）
 375           * @retval 无（可根据需求改为返回错误码）
 376           * @note   主区和备份区均写入新参数+新CRC，写入后立即读取校验一致性
 377           */
 378          static Para_Op_Result_E Write_Param_With_Backup_Log(uint16_t main_data_addr, uint16_t main_crc_addr,
 379                                                  uint16_t backup_data_addr, uint16_t backup_crc_addr,
 380                                                  const void *new_param,
 381                                                  uint16_t para_len) {
 382   1                                                
 383   1          uint8_t crc_new;                // 仅保留新参数的CRC（主/备区共用）
 384   1          uint8_t read_buf[256];          // 临时读取缓冲区（适配多数参数长度）
 385   1          uint8_t read_crc;               // 临时存储读取的CRC值
 386   1          uint8_t write_ok = 1;           // 写入状态标记：1-成功，0-失败
 387   1          Para_Op_Result_E err;
 388   1          /* 空指针/无效长度保护 */
 389   1          if (new_param == NULL )
 390   1              return PARA_OP_ERR_NULL_PTR;      
 391   1          
 392   1          if( para_len == 0 || para_len > sizeof(read_buf)) {
 393   2      
 394   2              return PARA_OP_ERR_ADDR_OVERFLOW;
 395   2          }
 396   1      
 397   1          /* 计算新参数的CRC校验值（主/备区共用此CRC） */
 398   1          crc_new = CRC8_Calc((uint8_t *)new_param, para_len);
 399   1      
 400   1          /* -------------------------- 1. 写入主区并校验 -------------------------- */
 401   1          // 写入新参数到主区
 402   1          err=FM31256_FRAM_Write(main_data_addr, (uint8_t *)new_param, para_len);
 403   1          // 写入新CRC到主区
 404   1          err|=FM31256_FRAM_Write(main_crc_addr, &crc_new, PARA_CRC_LEN);
 405   1      
 406   1          // 校验主区参数写入结果
 407   1          memset(read_buf, 0, sizeof(read_buf));
 408   1          FM31256_FRAM_Read(main_data_addr, read_buf, para_len);
 409   1          if (memcmp(read_buf, new_param, para_len) != 0) {
 410   2              write_ok = 0;
 411   2              // 可选：主区参数写入失败处理，示例：printf("Param ID %d: main data write failed!\r\n", param_id);
 412   2          }
 413   1      
 414   1          // 校验主区CRC写入结果
 415   1          FM31256_FRAM_Read(main_crc_addr, &read_crc, PARA_CRC_LEN);
 416   1          if (read_crc != crc_new) {
 417   2              write_ok = 0;
 418   2              // 可选：主区CRC写入失败处理，示例：printf("Param ID %d: main CRC write failed!\r\n", param_id);
 419   2          }
 420   1      
 421   1          /* -------------------------- 2. 写入备份区并校验（同主区数据） -------------------------- */
C51 COMPILER V9.60.0.0   DATA_SAVE                                                         01/09/2026 10:30:24 PAGE 8   

 422   1          // 写入新参数到备份区（核心调整：不再写old_param，改为new_param）
 423   1          FM31256_FRAM_Write(backup_data_addr, (uint8_t *)new_param, para_len);
 424   1          // 写入新CRC到备份区（核心调整：不再写crc_old，改为crc_new）
 425   1          FM31256_FRAM_Write(backup_crc_addr, &crc_new, PARA_CRC_LEN);
 426   1      
 427   1          // 校验备份区参数写入结果
 428   1          memset(read_buf, 0, sizeof(read_buf));
 429   1          FM31256_FRAM_Read(backup_data_addr, read_buf, para_len);
 430   1          if (memcmp(read_buf, new_param, para_len) != 0) {
 431   2              write_ok = 0;
 432   2              // 可选：备份区参数写入失败处理，示例：printf("Param ID %d: backup data write failed!\r\n", param_
             -id);
 433   2          }
 434   1      
 435   1          // 校验备份区CRC写入结果
 436   1          FM31256_FRAM_Read(backup_crc_addr, &read_crc, PARA_CRC_LEN);
 437   1          if (read_crc != crc_new) {
 438   2              write_ok = 0;
 439   2              // 可选：备份区CRC写入失败处理，示例：printf("Param ID %d: backup CRC write failed!\r\n", param_id
             -);
 440   2          }
 441   1      
 442   1          /* -------------------------- 3. 写入结果统一处理 -------------------------- */
 443   1          if (write_ok == 0) {
 444   2              // 写入失败的兜底处理（可选）：比如尝试重新写入、标记错误状态等
 445   2              // 注意：重试需加次数限制，避免死循环
 446   2          }
 447   1          return PARA_OP_SUCCESS;
 448   1      }
 449          
 450          
 451          
 452          /**
 453           * @brief  系统参数总初始化（程序启动时调用）
 454           * @param  无
 455          * @return 0:成功   1：没有读到数据(fm31256没写入)   2：fm31256有数据但数据出错   3：iic通讯错误
 456           * @note   
 457           */
 458          Para_Op_Result_E Sys_Param_Init(void) {
 459   1        
 460   1                      
 461   1          uint8_t err = 0;
 462   1          uint8_t i;    
 463   1      
 464   1      
 465   1              err=Get_Com_Para(&g_com);
 466   1              err|=Get_OV_Protect_Para(&g_vol_h);
 467   1              err|=Get_UV_Protect_Para(&g_vol_l);
 468   1              err|=Get_Control_Para(&g_control_para);
 469   1              for (i = 0; i < 4; i++) {
 470   2                  err|=Get_Cap_Para_Ch(i, &g_cap[i]);
 471   2              }
 472   1              err|=Get_Ratio_Para(&g_sys_pt_ct);
 473   1              err|=Get_Pass_Para(&g_protect_password);
 474   1              err|=Get_AutoManual_Para(&g_adjust_cap);
 475   1              err|=Get_Contra_Para(&g_lcd_contrast);
 476   1              err|=Get_Alarm_Para(&g_alarm_minutes);
 477   1              for (i = 0; i < 4; i++) {
 478   2                  err|=Get_Cap_Protect_Para_Ch(i, &g_cap_protect[i]);
 479   2              }       
 480   1              for (i = 0; i < 4; i++) {
 481   2                  err|=Get_Cap_Ratio_Para_Ch(i, &g_cap_ratio[i]);
C51 COMPILER V9.60.0.0   DATA_SAVE                                                         01/09/2026 10:30:24 PAGE 9   

 482   2              }   
 483   1                      
 484   1              err|=Get_Cap_Num(&g_cap_num);
 485   1              
 486   1      
 487   1      
 488   1          // 场景4：所有校验通过
 489   1          return err;
 490   1      }
 491          // ************************* 对外接口函数（供其他模块调用，带功能说明） *************************
 492          /**
 493           * @brief  读取通讯参数
 494           * @param  para：存储通讯参数的结构体指针（输出参数）
 495           * @return 无
 496           * @note   内部调用Read_Param_With_Backup，支持主备区切换和失效恢复（仅内存默认值）
 497           */
 498          Para_Op_Result_E Get_Com_Para(Com_Para_Struct *para) {
 499   1          Para_Op_Result_E err;
 500   1          if (para != NULL) {  /* 空指针保护 */
 501   2             err=Read_Param_With_Backup(COM_PARA_MAIN_DATA, COM_PARA_MAIN_CRC,
 502   2                                     COM_PARA_BACKUP_DATA, COM_PARA_BACKUP_CRC,
 503   2                                     para, sizeof(Com_Para_Struct));
 504   2            return err;
 505   2          }
 506   1          return PARA_OP_ERR_NULL_PTR;
 507   1      }
 508          
 509          /**
 510           * @brief  设置通讯参数（自动记录修改日志）
 511           * @param  new_para：新通讯参数结构体指针（输入参数）
 512           * @return 无
 513           * @note   主程序按需调用，不主动触发则不覆盖已有数据
 514           */
 515          Para_Op_Result_E Set_Com_Para(const Com_Para_Struct *new_para) {
 516   1          Para_Op_Result_E err;
 517   1          if (new_para != NULL) {  /* 空指针保护 */
 518   2      
 519   2             err= Write_Param_With_Backup_Log(COM_PARA_MAIN_DATA, COM_PARA_MAIN_CRC,
 520   2                                          COM_PARA_BACKUP_DATA, COM_PARA_BACKUP_CRC,
 521   2                                          new_para,sizeof(Com_Para_Struct));
 522   2            return err;
 523   2          }
 524   1          return PARA_OP_ERR_NULL_PTR;
 525   1      }
 526          
 527          /**
 528           * @brief  读取过压保护参数
 529           * @param  para：存储过压保护参数的结构体指针（输出参数）
 530           * @return 无
 531           * @note   内部调用Read_Param_With_Backup，支持主备区切换和失效恢复（仅内存默认值）
 532           */
 533          Para_Op_Result_E Get_OV_Protect_Para(Protect_Para_Struct *para) {
 534   1          Para_Op_Result_E err;
 535   1          if (para != NULL) {  /* 空指针保护 */
 536   2             err= Read_Param_With_Backup(OV_PROTECT_MAIN_DATA, OV_PROTECT_MAIN_CRC,
 537   2                                     OV_PROTECT_BACKUP_DATA, OV_PROTECT_BACKUP_CRC,
 538   2                                     para, sizeof(Protect_Para_Struct));
 539   2            return err;
 540   2          }
 541   1          return PARA_OP_ERR_NULL_PTR;
 542   1      }
 543          
C51 COMPILER V9.60.0.0   DATA_SAVE                                                         01/09/2026 10:30:24 PAGE 10  

 544          /**
 545           * @brief  设置过压保护参数（自动记录修改日志）
 546           * @param  new_para：新过压保护参数结构体指针（输入参数）
 547           * @return 无
 548           * @note   主程序按需调用，不主动触发则不覆盖已有数据
 549           */
 550          Para_Op_Result_E Set_OV_Protect_Para(const Protect_Para_Struct *new_para) {
 551   1          Para_Op_Result_E err;
 552   1          if (new_para != NULL) {  /* 空指针保护 */
 553   2              err=Write_Param_With_Backup_Log(OV_PROTECT_MAIN_DATA, OV_PROTECT_MAIN_CRC,
 554   2                                          OV_PROTECT_BACKUP_DATA, OV_PROTECT_BACKUP_CRC,
 555   2                                          new_para,sizeof(Protect_Para_Struct));
 556   2                  return err;
 557   2          }
 558   1          return PARA_OP_ERR_NULL_PTR;
 559   1      }
 560          
 561          /**
 562           * @brief  读取欠压保护参数
 563           * @param  para：存储欠压保护参数的结构体指针（输出参数）
 564           * @return 无
 565           * @note   内部调用Read_Param_With_Backup，支持主备区切换和失效恢复（仅内存默认值）
 566           */
 567          Para_Op_Result_E Get_UV_Protect_Para(Protect_Para_Struct *para) {
 568   1          Para_Op_Result_E err;
 569   1          if (para != NULL) {  /* 空指针保护 */
 570   2              err=Read_Param_With_Backup(UV_PROTECT_MAIN_DATA, UV_PROTECT_MAIN_CRC,
 571   2                                     UV_PROTECT_BACKUP_DATA, UV_PROTECT_BACKUP_CRC,
 572   2                                     para, sizeof(Protect_Para_Struct));
 573   2            return err;
 574   2          }
 575   1          return PARA_OP_ERR_NULL_PTR;
 576   1      }
 577          
 578          /**
 579           * @brief  设置欠压保护参数（自动记录修改日志）
 580           * @param  new_para：新欠压保护参数结构体指针（输入参数）
 581           * @return 无
 582           * @note   主程序按需调用，不主动触发则不覆盖已有数据
 583           */
 584          Para_Op_Result_E Set_UV_Protect_Para(const Protect_Para_Struct *new_para) {
 585   1          Para_Op_Result_E err; 
 586   1          if (new_para != NULL) {  /* 空指针保护 */
 587   2              err=Write_Param_With_Backup_Log(UV_PROTECT_MAIN_DATA, UV_PROTECT_MAIN_CRC,
 588   2                                          UV_PROTECT_BACKUP_DATA, UV_PROTECT_BACKUP_CRC,
 589   2                                          new_para,sizeof(Protect_Para_Struct));
 590   2                  return err;
 591   2          }
 592   1          return PARA_OP_ERR_NULL_PTR;
 593   1      }
 594          
 595          /**
 596           * @brief  读取控制参数
 597           * @param  para：存储控制参数的结构体指针（输出参数）
 598           * @return 无
 599           * @note   内部调用Read_Param_With_Backup，支持主备区切换和失效恢复（仅内存默认值）
 600           */
 601          Para_Op_Result_E Get_Control_Para(Control_Para_Struct *para) {
 602   1          Para_Op_Result_E err;
 603   1          if (para != NULL) {  /* 空指针保护 */
 604   2             err= Read_Param_With_Backup(CONTROL_PARA_MAIN_DATA, CONTROL_PARA_MAIN_CRC,
 605   2                                     CONTROL_PARA_BACKUP_DATA, CONTROL_PARA_BACKUP_CRC,
C51 COMPILER V9.60.0.0   DATA_SAVE                                                         01/09/2026 10:30:24 PAGE 11  

 606   2                                     para, sizeof(Control_Para_Struct));
 607   2            return err;
 608   2          }
 609   1          return PARA_OP_ERR_NULL_PTR;
 610   1      }
 611          
 612          /**
 613           * @brief  设置控制参数（自动记录修改日志）
 614           * @param  new_para：新控制参数结构体指针（输入参数）
 615           * @return 无
 616           * @note   主程序按需调用，不主动触发则不覆盖已有数据
 617           */
 618          Para_Op_Result_E Set_Control_Para(const Control_Para_Struct *new_para) {
 619   1          Para_Op_Result_E err;
 620   1          if (new_para != NULL) {  /* 空指针保护 */
 621   2              err=Write_Param_With_Backup_Log(CONTROL_PARA_MAIN_DATA, CONTROL_PARA_MAIN_CRC,
 622   2                                          CONTROL_PARA_BACKUP_DATA, CONTROL_PARA_BACKUP_CRC,
 623   2                                          new_para, sizeof(Control_Para_Struct));
 624   2                  return err;
 625   2          }
 626   1          return PARA_OP_ERR_NULL_PTR;
 627   1      }
 628          
 629          // ************************* 多通道电容参数读写接口（新增） *************************
 630          /**
 631           * @brief  读取指定通道的电容参数
 632           * @param  ch：通道号（0=1路，1=2路...，需小于CAP_CHANNEL_CNT）
 633           * @param  para：存储参数的缓冲区指针（输出）
 634           * @return 无
 635           * @note   自动处理主备区切换、CRC校验、失效恢复（同原有逻辑）
 636           */
 637          Para_Op_Result_E Get_Cap_Para_Ch(uint8_t ch, Cap_Para_Struct *para) {
 638   1         Para_Op_Result_E err;
 639   1          if (ch >= CAP_CHANNEL_CNT || para == NULL) return PARA_OP_ERR_NULL_PTR; 
 640   1      
 641   1          // 调用通用读取函数，传入当前通道的地址
 642   1          err=Read_Param_With_Backup(
 643   1              CAP_PARA_MAIN_DATA_CH(ch),    /* 主区数据地址 */
 644   1              CAP_PARA_MAIN_CRC_CH(ch),     /* 主区CRC地址 */
 645   1              CAP_PARA_BACKUP_DATA_CH(ch),  /* 备份区数据地址 */
 646   1              CAP_PARA_BACKUP_CRC_CH(ch),   /* 备份区CRC地址 */
 647   1              para,                         /* 输出缓冲区 */
 648   1              sizeof(Cap_Para_Struct)      /* 参数长度 */
 649   1          );
 650   1            return err;
 651   1      }
 652          
 653          /**
 654           * @brief  设置指定通道的电容参数（自动记录日志）
 655           * @param  ch：通道号（0=1路，1=2路...，需小于CAP_CHANNEL_CNT）
 656           * @param  new_para：新参数缓冲区指针（输入）
 657           * @return 无
 658           * @note   自动处理主备区同步、CRC校验、修改日志记录（同原有逻辑）
 659           */
 660          Para_Op_Result_E Set_Cap_Para_Ch(uint8_t ch, const Cap_Para_Struct *new_para) {
 661   1          Para_Op_Result_E err; 
 662   1          if (new_para == NULL) return PARA_OP_ERR_NULL_PTR;  
 663   1      
 664   1      
 665   1          // 3. 调用通用写入函数，传入当前通道的地址和日志信息
 666   1         err= Write_Param_With_Backup_Log(
 667   1              CAP_PARA_MAIN_DATA_CH(ch),    /* 主区数据地址 */
C51 COMPILER V9.60.0.0   DATA_SAVE                                                         01/09/2026 10:30:24 PAGE 12  

 668   1              CAP_PARA_MAIN_CRC_CH(ch),     /* 主区CRC地址 */
 669   1              CAP_PARA_BACKUP_DATA_CH(ch),  /* 备份区数据地址 */
 670   1              CAP_PARA_BACKUP_CRC_CH(ch),   /* 备份区CRC地址 */
 671   1              new_para,                     /* 新参数 */
 672   1              sizeof(Cap_Para_Struct)      /* 参数长度 */
 673   1          );
 674   1          return err;
 675   1      }
 676          
 677          /**
 678           * @brief  读取变比参数
 679           * @param  para：存储变比参数的结构体指针（输出参数）
 680           * @return 无
 681           * @note   内部调用Read_Param_With_Backup，支持主备区切换和失效恢复（仅内存默认值）
 682           */
 683          Para_Op_Result_E Get_Ratio_Para(Ratio_Para_Struct *para) {
 684   1          Para_Op_Result_E err;
 685   1          if (para != NULL) {  /* 空指针保护 */
 686   2             err= Read_Param_With_Backup(RATIO_PARA_MAIN_DATA, RATIO_PARA_MAIN_CRC,
 687   2                                     RATIO_PARA_BACKUP_DATA, RATIO_PARA_BACKUP_CRC,
 688   2                                     para, sizeof(Ratio_Para_Struct));
 689   2            return err;
 690   2          }
 691   1          return PARA_OP_ERR_NULL_PTR;
 692   1      }
 693          
 694          /**
 695           * @brief  设置变比参数（自动记录修改日志）
 696           * @param  new_para：新变比参数结构体指针（输入参数）
 697           * @return 无
 698           * @note   主程序按需调用，不主动触发则不覆盖已有数据
 699           */
 700          Para_Op_Result_E Set_Ratio_Para(const Ratio_Para_Struct *new_para) {
 701   1          Para_Op_Result_E err;
 702   1          if (new_para != NULL) {  /* 空指针保护 */
 703   2             err= Write_Param_With_Backup_Log(RATIO_PARA_MAIN_DATA, RATIO_PARA_MAIN_CRC,
 704   2                                          RATIO_PARA_BACKUP_DATA, RATIO_PARA_BACKUP_CRC,
 705   2                                          new_para, sizeof(Ratio_Para_Struct));
 706   2            return err;
 707   2          }
 708   1          return PARA_OP_ERR_NULL_PTR;
 709   1      }
 710          
 711          /**
 712           * @brief  读取统计参数
 713           * @param  para：存储统计参数的结构体指针（输出参数）
 714           * @return 无
 715           * @note   内部调用Read_Param_With_Backup，支持主备区切换和失效恢复（仅内存默认值）
 716           */
 717          Para_Op_Result_E Get_Stat_Para(Stat_Para_Struct *para) {
 718   1          Para_Op_Result_E err;
 719   1          if (para != NULL) {  /* 空指针保护 */
 720   2             err= Read_Param_With_Backup(STAT_PARA_MAIN_DATA, STAT_PARA_MAIN_CRC,
 721   2                                     STAT_PARA_BACKUP_DATA, STAT_PARA_BACKUP_CRC,
 722   2                                     para, sizeof(Stat_Para_Struct));
 723   2            return err;
 724   2          }
 725   1          return PARA_OP_ERR_NULL_PTR;
 726   1      }
 727          
 728          
 729          /**
C51 COMPILER V9.60.0.0   DATA_SAVE                                                         01/09/2026 10:30:24 PAGE 13  

 730           * @brief  设置统计
 731           * @param  new_para：新参数结构体指针（输入参数）
 732           * @return 无
 733           * @note   主程序按需调用，不主动触发则不覆盖已有数据
 734           */
 735          Para_Op_Result_E Set_Stat_Para(const Stat_Para_Struct *new_para) {
 736   1          Para_Op_Result_E err;
 737   1          if (new_para != NULL) {  /* 空指针保护 */
 738   2              err=Write_Param_With_Backup_Log(STAT_PARA_MAIN_DATA, STAT_PARA_MAIN_CRC,
 739   2                                          STAT_PARA_BACKUP_DATA, STAT_PARA_BACKUP_CRC,
 740   2                                          new_para, sizeof(Stat_Para_Struct));
 741   2            return err;
 742   2          }
 743   1          return PARA_OP_ERR_NULL_PTR;
 744   1      }
 745          
 746          
 747          
 748          
 749          /**
 750           * @brief  读取口令参数
 751           * @param  para：存储口令参数的结构体指针（输出参数）
 752           * @return 无
 753           * @note   内部调用Read_Param_With_Backup，支持主备区切换和失效恢复（仅内存默认值）
 754           */
 755          Para_Op_Result_E Get_Pass_Para(Pass_Para_Struct *para) {
 756   1        Para_Op_Result_E err;
 757   1          if (para != NULL) {  /* 空指针保护 */
 758   2             err= Read_Param_With_Backup(PASS_PARA_MAIN_DATA, PASS_PARA_MAIN_CRC,
 759   2                                     PASS_PARA_BACKUP_DATA, PASS_PARA_BACKUP_CRC,
 760   2                                     para, sizeof(Pass_Para_Struct));
 761   2            return err;
 762   2          }
 763   1          return PARA_OP_ERR_NULL_PTR;
 764   1      }
 765          
 766          /**
 767           * @brief  设置口令
 768           * @param  new_para：新参数结构体指针（输入参数）
 769           * @return 无
 770           * @note   主程序按需调用，不主动触发则不覆盖已有数据
 771           */
 772          Para_Op_Result_E Set_Pass_Para(const Pass_Para_Struct *new_para) {
 773   1          Para_Op_Result_E err;
 774   1          if (new_para != NULL) {  /* 空指针保护 */
 775   2             err= Write_Param_With_Backup_Log(PASS_PARA_MAIN_DATA, PASS_PARA_MAIN_CRC,
 776   2                                          PASS_PARA_BACKUP_DATA, PASS_PARA_BACKUP_CRC,
 777   2                                          new_para, sizeof(Pass_Para_Struct));
 778   2            return err;
 779   2          }
 780   1          return PARA_OP_ERR_NULL_PTR;
 781   1      }
 782          
 783          
 784          /**
 785           * @brief  读取手自动参数
 786           * @param  para：存储手自动的结构体指针（输出参数）
 787           * @return 无
 788           * @note   内部调用Read_Param_With_Backup，支持主备区切换和失效恢复（仅内存默认值）
 789           */
 790          Para_Op_Result_E Get_AutoManual_Para(AutoManual_Para_Struct *para) {
 791   1          Para_Op_Result_E err;
C51 COMPILER V9.60.0.0   DATA_SAVE                                                         01/09/2026 10:30:24 PAGE 14  

 792   1          if (para != NULL) {  /* 空指针保护 */
 793   2              err=Read_Param_With_Backup(AUTO_MANUAL_PARA_MAIN_DATA, AUTO_MANUAL_PARA_MAIN_CRC,
 794   2                                     AUTO_MANUAL_PARA_BACKUP_DATA, AUTO_MANUAL_PARA_BACKUP_CRC,
 795   2                                     para, sizeof(AutoManual_Para_Struct));
 796   2            return err;
 797   2          }
 798   1          return PARA_OP_ERR_NULL_PTR;
 799   1      }
 800          /**
 801           * @brief  设置手自动参数
 802           * @param  new_para：新参数结构体指针（输入参数）
 803           * @return 无
 804           * @note   主程序按需调用，不主动触发则不覆盖已有数据
 805           */
 806          Para_Op_Result_E Set_AutoManual_Para(const AutoManual_Para_Struct *new_para) {
 807   1          Para_Op_Result_E err;
 808   1          if (new_para != NULL) {  /* 空指针保护 */
 809   2              err=Write_Param_With_Backup_Log(AUTO_MANUAL_PARA_MAIN_DATA, AUTO_MANUAL_PARA_MAIN_CRC,
 810   2                                          AUTO_MANUAL_PARA_BACKUP_DATA, AUTO_MANUAL_PARA_BACKUP_CRC,
 811   2                                          new_para, sizeof(AutoManual_Para_Struct));
 812   2            return err;
 813   2          }
 814   1              return PARA_OP_ERR_NULL_PTR;
 815   1      }
 816          
 817          /**
 818           * @brief  读取对比度参数
 819           * @param  para：存储对比度参数的结构体指针（输出参数）
 820           * @return 无
 821           * @note   内部调用Read_Param_With_Backup，支持主备区切换和失效恢复（仅内存默认值）
 822           */
 823          Para_Op_Result_E Get_Contra_Para(Contra_Para_Struct *para) {
 824   1          Para_Op_Result_E err;
 825   1          if (para != NULL) {  /* 空指针保护 */
 826   2             err= Read_Param_With_Backup(CONTRA_PARA_MAIN_DATA, CONTRA_PARA_MAIN_CRC,
 827   2                                     CONTRA_PARA_BACKUP_DATA, CONTRA_PARA_BACKUP_CRC,
 828   2                                     para, sizeof(Contra_Para_Struct));
 829   2            return err;
 830   2          }
 831   1          return PARA_OP_ERR_NULL_PTR;
 832   1      }
 833          
 834          /**
 835           * @brief  设置手对比度参数
 836           * @param  new_para：新参数结构体指针（输入参数）
 837           * @return 无
 838           * @note   主程序按需调用，不主动触发则不覆盖已有数据
 839           */
 840          Para_Op_Result_E Set_Contra_Para(const Contra_Para_Struct *new_para) {
 841   1          Para_Op_Result_E err;  
 842   1          if (new_para != NULL) {  /* 空指针保护 */
 843   2             err= Write_Param_With_Backup_Log(CONTRA_PARA_MAIN_DATA, CONTRA_PARA_MAIN_CRC,
 844   2                                          CONTRA_PARA_BACKUP_DATA, CONTRA_PARA_BACKUP_CRC,
 845   2                                          new_para, sizeof(Contra_Para_Struct));
 846   2                return err;
 847   2          }
 848   1              return PARA_OP_ERR_NULL_PTR;
 849   1      }
 850          
 851          /**
 852           * @brief  读取报警参数
 853           * @param  para：存储报警参数的结构体指针（输出参数）
C51 COMPILER V9.60.0.0   DATA_SAVE                                                         01/09/2026 10:30:24 PAGE 15  

 854           * @return 无
 855           * @note   内部调用Read_Param_With_Backup，支持主备区切换和失效恢复（仅内存默认值）
 856           */
 857          Para_Op_Result_E Get_Alarm_Para(Alarm_Para_Struct *para) {
 858   1          Para_Op_Result_E err;
 859   1          if (para != NULL) {  /* 空指针保护 */
 860   2              err=Read_Param_With_Backup(ALARM_PARA_MAIN_DATA, ALARM_PARA_MAIN_CRC,
 861   2                                     ALARM_PARA_BACKUP_DATA, ALARM_PARA_BACKUP_CRC,
 862   2                                     para, sizeof(Alarm_Para_Struct));
 863   2            return err;
 864   2          }
 865   1          return PARA_OP_ERR_NULL_PTR;
 866   1      }
 867          
 868          /**
 869           * @brief  设置报警参数
 870           * @param  new_para：新参数结构体指针（输入参数）
 871           * @return 无
 872           * @note   主程序按需调用，不主动触发则不覆盖已有数据
 873           */
 874          Para_Op_Result_E Set_Alarm_Para(const Alarm_Para_Struct *new_para) {
 875   1          Para_Op_Result_E err;
 876   1          if (new_para != NULL) {  /* 空指针保护 */
 877   2              err=Write_Param_With_Backup_Log(ALARM_PARA_MAIN_DATA, ALARM_PARA_MAIN_CRC,
 878   2                                          ALARM_PARA_BACKUP_DATA, ALARM_PARA_BACKUP_CRC,
 879   2                                          new_para, sizeof(Alarm_Para_Struct));
 880   2            return err;
 881   2          }
 882   1              return PARA_OP_ERR_NULL_PTR;
 883   1      }
 884          
 885          
 886          
 887          
 888          // ************************* 电容保护参数读写接口（新增） *************************
 889          /**
 890           * @brief  读取指定通道的电容保护参数
 891           * @param  ch：通道号（0=1路，1=2路...，需小于CAP_CHANNEL_CNT）
 892           * @param  para：存储参数的缓冲区指针（输出）
 893           * @return 无
 894           * @note   自动处理主备区切换、CRC校验、失效恢复（同原有电容参数逻辑）
 895           */
 896          Para_Op_Result_E Get_Cap_Protect_Para_Ch(uint8_t ch, Cap_Protect_Para_Struct *para) {
 897   1          Para_Op_Result_E err;
 898   1          // 通道越界/空指针保护（同原有逻辑）
 899   1          if (ch >= CAP_CHANNEL_CNT || para == NULL) return PARA_OP_ERR_NULL_PTR;
 900   1      
 901   1          // 调用通用读取函数，传入电容保护参数的地址和初始化函数
 902   1          err=Read_Param_With_Backup(
 903   1              CAP_PROTECT_MAIN_DATA_CH(ch),    /* 主区数据地址（新增地址宏） */
 904   1              CAP_PROTECT_MAIN_CRC_CH(ch),     /* 主区CRC地址（新增地址宏） */
 905   1              CAP_PROTECT_BACKUP_DATA_CH(ch),  /* 备份区数据地址（新增地址宏） */
 906   1              CAP_PROTECT_BACKUP_CRC_CH(ch),   /* 备份区CRC地址（新增地址宏） */
 907   1              para,                            /* 输出缓冲区 */
 908   1              sizeof(Cap_Protect_Para_Struct) /* 电容保护参数长度 */
 909   1      
 910   1          );
 911   1              return err;
 912   1      }
 913          
 914          /**
 915           * @brief  设置指定通道的电容保护参数（自动记录日志）
C51 COMPILER V9.60.0.0   DATA_SAVE                                                         01/09/2026 10:30:24 PAGE 16  

 916           * @param  ch：通道号（0=1路，1=2路...，需小于CAP_CHANNEL_CNT）
 917           * @param  new_para：新参数缓冲区指针（输入）
 918           * @return 无
 919           * @note   自动处理主备区同步、CRC校验、修改日志记录（同原有电容参数逻辑）
 920           */
 921          Para_Op_Result_E Set_Cap_Protect_Para_Ch(uint8_t ch, const Cap_Protect_Para_Struct *new_para) {
 922   1          Para_Op_Result_E err; 
 923   1          // 通道越界/空指针保护（同原有逻辑）
 924   1          if (ch >= CAP_CHANNEL_CNT || new_para == NULL) return PARA_OP_ERR_NULL_PTR;
 925   1      
 926   1          // 调用通用写入函数，传入电容保护参数的地址
 927   1          err=Write_Param_With_Backup_Log(
 928   1              CAP_PROTECT_MAIN_DATA_CH(ch),    /* 主区数据地址（新增地址宏） */
 929   1              CAP_PROTECT_MAIN_CRC_CH(ch),     /* 主区CRC地址（新增地址宏） */
 930   1              CAP_PROTECT_BACKUP_DATA_CH(ch),  /* 备份区数据地址（新增地址宏） */
 931   1              CAP_PROTECT_BACKUP_CRC_CH(ch),   /* 备份区CRC地址（新增地址宏） */
 932   1              new_para,                        /* 新参数缓冲区 */
 933   1              sizeof(Cap_Protect_Para_Struct)  /* 电容保护参数长度 */
 934   1          );
 935   1          return err;
 936   1      }
 937          
 938          
 939          
 940          // ************************* 电容变比参数读写接口（新增） *************************
 941          /**
 942           * @brief  读取指定通道的电容变比参数
 943           * @param  ch：通道号（0=1路，1=2路...，需小于CAP_CHANNEL_CNT）
 944           * @param  para：存储参数的缓冲区指针（输出）
 945           * @return 无
 946           * @note   自动处理主备区切换、CRC校验、失效恢复（同原有电容参数逻辑）
 947           */
 948          Para_Op_Result_E Get_Cap_Ratio_Para_Ch(uint8_t ch, Cap_Ratio_Para_Struct *para) {
 949   1         Para_Op_Result_E err;
 950   1          // 通道越界/空指针保护（同原有逻辑）
 951   1          if (ch >= CAP_CHANNEL_CNT || para == NULL) return PARA_OP_ERR_NULL_PTR;
 952   1      
 953   1          // 调用通用读取函数，传入电容变比参数的地址和初始化函数
 954   1         err= Read_Param_With_Backup(
 955   1              CAP_RATIO_MAIN_DATA_CH(ch),    /* 主区数据地址（新增地址宏） */
 956   1              CAP_RATIO_MAIN_CRC_CH(ch),     /* 主区CRC地址（新增地址宏） */
 957   1              CAP_RATIO_BACKUP_DATA_CH(ch),  /* 备份区数据地址（新增地址宏） */
 958   1              CAP_RATIO_BACKUP_CRC_CH(ch),   /* 备份区CRC地址（新增地址宏） */
 959   1              para,                          /* 输出缓冲区 */
 960   1              sizeof(Cap_Ratio_Para_Struct) /* 电容变比参数长度 */
 961   1      
 962   1          );
 963   1              return err;
 964   1      }
 965          
 966          /**
 967           * @brief  设置指定通道的电容变比参数（自动记录日志）
 968           * @param  ch：通道号（0=1路，1=2路...，需小于CAP_CHANNEL_CNT）
 969           * @param  new_para：新参数缓冲区指针（输入）
 970           * @return 无
 971           * @note   自动处理主备区同步、CRC校验、修改日志记录（同原有电容参数逻辑）
 972           */
 973          Para_Op_Result_E Set_Cap_Ratio_Para_Ch(uint8_t ch, const Cap_Ratio_Para_Struct *new_para) {
 974   1         Para_Op_Result_E err;  
 975   1          // 通道越界/空指针保护（同原有逻辑）
 976   1          if (ch >= CAP_CHANNEL_CNT || new_para == NULL) return PARA_OP_ERR_NULL_PTR;
 977   1      
C51 COMPILER V9.60.0.0   DATA_SAVE                                                         01/09/2026 10:30:24 PAGE 17  

 978   1          // 调用通用写入函数，传入电容变比参数的地址
 979   1          err=Write_Param_With_Backup_Log(
 980   1              CAP_RATIO_MAIN_DATA_CH(ch),    /* 主区数据地址（新增地址宏） */
 981   1              CAP_RATIO_MAIN_CRC_CH(ch),     /* 主区CRC地址（新增地址宏） */
 982   1              CAP_RATIO_BACKUP_DATA_CH(ch),  /* 备份区数据地址（新增地址宏） */
 983   1              CAP_RATIO_BACKUP_CRC_CH(ch),   /* 备份区CRC地址（新增地址宏） */
 984   1              new_para,                      /* 新参数缓冲区 */
 985   1              sizeof(Cap_Ratio_Para_Struct)  /* 电容变比参数长度 */
 986   1          );
 987   1            return err; 
 988   1      }
 989          
 990          
 991          
 992          /**
 993           * @brief  读取保护路数参数
 994           * @param  para：存储报保护路数的结构体指针（输出参数）
 995           * @return 无
 996           * @note   内部调用Read_Param_With_Backup，支持主备区切换和失效恢复（仅内存默认值）
 997           */
 998          Para_Op_Result_E Get_Cap_Num(Cap_Num_Struct *para) {
 999   1          Para_Op_Result_E err;
1000   1          if (para != NULL) {  /* 空指针保护 */
1001   2              err=Read_Param_With_Backup(CAP_NUM_MAIN_DATA, CAP_NUM__MAIN_CRC,
1002   2                                     CAP_NUM__BACKUP_DATA, CAP_NUM__BACKUP_CRC,
1003   2                                     para, sizeof(Cap_Num_Struct));
1004   2            return err;
1005   2          }
1006   1          return PARA_OP_ERR_NULL_PTR;
1007   1      }
1008          
1009          /**
1010           * @brief  设置保护路数
1011           * @param  new_para：新参数结构体指针（输入参数）
1012           * @return 无
1013           * @note   主程序按需调用，不主动触发则不覆盖已有数据
1014           */
1015          Para_Op_Result_E Set_Cap_Num(const Cap_Num_Struct *new_para) {
1016   1          Para_Op_Result_E err;
1017   1          if (new_para != NULL) {  /* 空指针保护 */
1018   2              err=Write_Param_With_Backup_Log(CAP_NUM_MAIN_DATA, CAP_NUM__MAIN_CRC,
1019   2                                          CAP_NUM__BACKUP_DATA, CAP_NUM__BACKUP_CRC,
1020   2                                          new_para, sizeof(Cap_Num_Struct));
1021   2            return err;
1022   2          }
1023   1              return PARA_OP_ERR_NULL_PTR;
1024   1      }
1025          
1026          
1027          
1028          
1029          
1030          
1031          // ************************* 系统事件记录函数（独立日志系统，供其他模块调用） *************************
1032          /**
1033           * @brief  获取当前系统事件的存储索引
1034           * @param  无
1035           * @return 事件索引（0~EVENT_LOG_CNT-1）
1036           * @note   索引超出范围时，返回0（避免越界）
1037           */
1038           uint8_t Get_Event_Index(void) {
1039   1          uint8_t index = 0;
C51 COMPILER V9.60.0.0   DATA_SAVE                                                         01/09/2026 10:30:24 PAGE 18  

1040   1        
1041   1          FM31256_FRAM_Read(EVENT_INDEX_ADDR, &index, 1);  /* 从FRAM读取当前索引 */
1042   1          return (index >= EVENT_LOG_CNT) ? 0 : index;  /* 越界保护：返回0 */
1043   1      }
1044          
1045          /**
1046           * @brief  更新系统事件索引（支持循环覆盖）
1047           * @param  index：当前事件索引指针（输入+输出）
1048           * @return 无
1049           * @note   索引自增1，达到最大条数时重置为0（循环覆盖最早的事件）
1050           */
1051          static Para_Op_Result_E Update_Event_Index(uint8_t *index) {
1052   1          Para_Op_Result_E err;    
1053   1          *index = (*index + 1) % EVENT_LOG_CNT;  /* 循环自增：0→1→...→99→0 */
1054   1          err=FM31256_FRAM_Write(EVENT_INDEX_ADDR, index, 1);  /* 保存更新后的索引到FRAM */
1055   1          return err;
1056   1      }
1057          
1058          /**
1059           * @brief  填充事件记录的时间字段（原子读取当前时间）
1060           * @param  event_log：事件记录结构体指针（需填充时间）
1061           * @return 无
1062           * @note   原子读取：关闭总中断→复制全局时间→开启总中断，避免时间错乱
1063           */
1064          static void Fill_Event_Time(Event_Log_Struct *event_log) {
1065   1          if (event_log == NULL) return;  /* 空指针保护 */
1066   1          EA = 0;  /* 关闭总中断：确保读取过程中时间不被更新 */
1067   1          event_log->year   = BASE_YEAR + system_date.year;  /* 完整年份（如2025） */
1068   1          event_log->month  = system_date.month;             /* 月份（1~12） */
1069   1          event_log->day    = system_date.day;               /* 日期（1~31） */
1070   1          event_log->hour   = system_time.hour;              /* 小时（0~23） */
1071   1          event_log->minute = system_time.minute;            /* 分钟（0~59） */
1072   1          event_log->second = system_time.second;            /* 秒（0~59） */
1073   1          EA = 1;  /* 开启总中断：读取完成后恢复 */
1074   1      }
1075          
1076          /**
1077           * @brief  写入系统事件记录（供其他模块调用，如故障、启动等事件）
1078           * @param  event_type：事件类型（枚举类型，如过压故障、系统启动等）
1079           * @param  event_data：事件关联数据（如故障码、参数值等，32位）
1080           * @return 无
1081           * @note   主程序按需调用，不主动触发则不写入新事件
1082           */
1083          Para_Op_Result_E Write_Event_Log(Event_Type_E event_type, uint32_t event_data) {
1084   1          Para_Op_Result_E err;      
1085   1          Event_Log_Struct event_log;  /* 事件记录结构体 */
1086   1          uint8_t event_idx = Get_Event_Index();  /* 获取当前事件存储索引 */
1087   1          memset(&event_log, 0, sizeof(Event_Log_Struct));  /* 结构体清零 */
1088   1      
1089   1          event_log.event_type = event_type;  /* 记录事件类型 */
1090   1          event_log.event_data = event_data;  /* 记录事件关联数据 */
1091   1          Fill_Event_Time(&event_log);        /* 填充事件发生时间 */
1092   1      
1093   1          /* 写入事件到FRAM，并更新事件索引 */
1094   1          err= FM31256_FRAM_Write(EVENT_LOG_ADDR(event_idx), (uint8_t *)&event_log, sizeof(Event_Log_Struct));
1095   1          Update_Event_Index(&event_idx);  /* 索引自增（循环覆盖） */
1096   1          return err;
1097   1      }
1098          
1099          /**
1100           * @brief  读取最新的一条系统事件记录
1101           * @param  event_log：存储事件记录的结构体指针（输出参数）
C51 COMPILER V9.60.0.0   DATA_SAVE                                                         01/09/2026 10:30:24 PAGE 19  

1102           * @return 1：读取成功（存在有效事件）；0：读取失败（无有效事件/空指针）
1103           */
1104          Para_Op_Result_E Read_Latest_Event_Log(Event_Log_Struct *event_log) {
1105   1          Para_Op_Result_E err;     
1106   1          uint8_t current_idx, latest_idx;
1107   1          if (event_log == NULL) return 0;  /* 空指针保护：返回失败 */
1108   1      
1109   1          current_idx = Get_Event_Index();  /* 获取当前事件索引（下次存储位置） */
1110   1          /* 最新事件索引：当前索引为0→最新是99，否则为当前索引-1 */
1111   1          latest_idx = (current_idx == 0) ? (EVENT_LOG_CNT - 1) : (current_idx - 1);
1112   1      
1113   1          /* 读取最新事件记录 */
1114   1          err=FM31256_FRAM_Read(EVENT_LOG_ADDR(latest_idx), (uint8_t *)event_log, sizeof(Event_Log_Struct));
1115   1          
1116   1          if(err)
1117   1            return err;
1118   1          /* 事件类型为NONE→无有效事件，返回0；否则返回1 */
1119   1          return (event_log->event_type != EVENT_TYPE_NONE) ? EVENT_OK : EVENT_ERR;
1120   1      }
1121          
1122          /**
1123           * @brief  读取指定索引的系统事件记录
1124           * @param  index：事件索引（0~EVENT_LOG_CNT-1）
1125           * @param  event_log：存储事件记录的结构体指针（输出参数）
1126           * @return 1：读取成功（存在有效事件）；0：读取失败（索引越界/空指针/无有效事件）
1127           */
1128          Para_Op_Result_E Read_Event_Log(uint8_t index, Event_Log_Struct *event_log) {
1129   1      
1130   1              Para_Op_Result_E err;   
1131   1          if (event_log == NULL) return PARA_OP_ERR_NULL_PTR;
1132   1          if (index >= EVENT_LOG_CNT) return PARA_OP_ERR_ADDR_OVERFLOW;
1133   1          /* 读取指定索引的事件记录 */
1134   1          err=FM31256_FRAM_Read(EVENT_LOG_ADDR(index), (uint8_t *)event_log, sizeof(Event_Log_Struct));
1135   1          if(err)
1136   1          return err;
1137   1          /* 事件类型为NONE→无有效事件，返回0；否则返回1 */
1138   1          return (event_log->event_type != EVENT_TYPE_NONE) ? EVENT_OK : EVENT_ERR;
1139   1      }
1140          
1141          
1142          


MODULE INFORMATION:   STATIC OVERLAYABLE
   CODE SIZE        =   7524    ----
   CONSTANT SIZE    =    213    ----
   XDATA SIZE       =    871    ----
   PDATA SIZE       =   ----    ----
   DATA SIZE        =   ----    ----
   IDATA SIZE       =   ----    ----
   BIT SIZE         =   ----    ----
   EDATA SIZE       =   ----    ----
   HDATA SIZE       =   ----    ----
   XDATA CONST SIZE =   ----    ----
   FAR CONST SIZE   =   ----    ----
END OF MODULE INFORMATION.


C51 COMPILATION COMPLETE.  0 WARNING(S),  0 ERROR(S)
