C51 COMPILER V9.60.0.0   DELAY                                                             12/11/2025 10:35:24 PAGE 1   


C51 COMPILER V9.60.0.0, COMPILATION OF MODULE DELAY
OBJECT MODULE PLACED IN .\Objects\delay.obj
COMPILER INVOKED BY: C:\Keil_v5\C51\BIN\C51.EXE ..\Driver\src\delay.c LARGE OPTIMIZE(8,SPEED) BROWSE INCDIR(..\Driver\in
                    -c;..\Mdk;..\User\inc;..\Modbus;..\Driver\font) DEBUG OBJECTEXTEND PRINT(.\Listings\delay.lst) TABS(2) OBJECT(.\Objects\d
                    -elay.obj)

line level    source

   1          
   2          
   3          #include "delay.h"
   4          
   5          
   6          
   7          #ifndef T_MODE
   8          #define T_MODE 1  // 默认为1T模式
   9          #endif
  10          
  11          
  12          
  13          // 微秒延时函数
  14          void Delay_us(unsigned int us) {
  15   1          unsigned int i;
  16   1          for (i = 0; i < us; i++)
  17   1          {
  18   2              // 22个_NOP_()实现约1μs延时 (994.62ns)
  19   2              _nop_(); _nop_(); _nop_(); _nop_(); _nop_();
  20   2              _nop_(); _nop_(); _nop_(); _nop_(); _nop_();
  21   2              _nop_(); _nop_(); _nop_(); _nop_(); _nop_();
  22   2              _nop_(); _nop_(); _nop_(); _nop_(); _nop_();
  23   2              _nop_(); _nop_();
  24   2          }
  25   1      }
  26          
  27          // 毫秒延时函数
  28          void Delay_ms(unsigned int ms) {
  29   1          unsigned int i;
  30   1          
  31   1          for(i = 0; i < ms; i++) {
  32   2              // 使用精确的微秒延时来实现毫秒延时
  33   2              Delay_us(1000);
  34   2          }
  35   1      }


MODULE INFORMATION:   STATIC OVERLAYABLE
   CODE SIZE        =     67    ----
   CONSTANT SIZE    =   ----    ----
   XDATA SIZE       =   ----    ----
   PDATA SIZE       =   ----    ----
   DATA SIZE        =   ----    ----
   IDATA SIZE       =   ----    ----
   BIT SIZE         =   ----    ----
END OF MODULE INFORMATION.


C51 COMPILATION COMPLETE.  0 WARNING(S),  0 ERROR(S)
