C51 COMPILER V9.60.0.0   I2C                                                               01/28/2026 08:24:07 PAGE 1   


C51 COMPILER V9.60.0.0, COMPILATION OF MODULE I2C
OBJECT MODULE PLACED IN .\Objects\i2c.obj
COMPILER INVOKED BY: C:\Keil_v5\C51\BIN\C51.EXE ..\Driver\bsp\src\i2c.c LARGE OMF2 OPTIMIZE(5,SIZE) BROWSE NOINTPROMOTE 
                    -INCDIR(..\Mdk;..\User\inc;..\Modbus;..\Driver\font;..\Driver\bsp\inc;..\Driver\device\inc) DEBUG PRINT(.\Listings\i2c.ls
                    -t) TABS(2) OBJECT(.\Objects\i2c.obj)

line level    source

   1          
   2          #include "config.h"
   3          #include "i2c.h"
   4          
   5          // -------------------------- 全局变量（内部使用，不暴露给外部） --------------------------
   6          static bit g_i2cBusy = 0;  // 软件忙标志（配合硬件BUSY位）
   7          static uint8_t g_i2cErr = I2C_SUCCESS;  // 内部错误码
   8          
   9          
  10          
  11          // -------------------------- SMB0CR计算（基于SMBus时钟公式） --------------------------
  12          //空闲超时：TBFT ? [10 × (4×(256 - SMB0CR) + 1)] / SYSCLK
  13          //SCL 低电平时间：TL = 4 × (256 - SMB0CR) / SYSCLK
  14          //SCL 高电平时间：TH ≈ [4×(258 - SMB0CR) / SYSCLK] + 0.625
  15          //I2C 速率：f = 1 / (TL + TH)（SCL 周期 = 高电平时间 + 低电平时间） 约等于93khz
  16          // -------------------------- 通用I2C初始化 --------------------------
  17          void I2C_Init(void) {
  18   1      
  19   1          char SFRPAGE_SAVE = SFRPAGE; 
  20   1          SFRPAGE = SMB0_PAGE;       // 切换到配置页
  21   1          // 配置SMBus时钟速率寄存器
  22   1          SMB0CR = 228;
  23   1      
  24   1          SMB0CN = 0x00;  // 清空所有位
  25   1          SMBFTE = 1;         // 使能50μs空闲超时检测
  26   1          SMBTOE = 0;         // 使能25ms低电平超时检测
  27   1          AA = 1;        // 默认允许发送ACK
  28   1          ENSMB = 1;      // 使能SMBus/I2C接口
  29   1      
  30   1          // 使能SMBus中断
  31   1      //    EIE1|=0x02;// 使能I2C中断
  32   1      //    EIP1|=0x02; // 中断优先级（高）
  33   1          g_i2cBusy = 0;
  34   1          g_i2cErr = I2C_SUCCESS;
  35   1          SFRPAGE = SFRPAGE_SAVE;      
  36   1       
  37   1      }
  38          
  39          
  40          
  41          
  42          // -------------------------- I2C等待操作完成（带超时） --------------------------
  43          uint8_t I2C_WaitDone(uint32_t timeout) {
  44   1          while ((SI == 0) && (timeout-- > 0)) {
  45   2              ;
  46   2          }
  47   1          if (SI == 0) {
  48   2              return I2C_ERR_TIMEOUT;
  49   2          }
  50   1          return I2C_SUCCESS;
  51   1      }
  52          
  53          
C51 COMPILER V9.60.0.0   I2C                                                               01/28/2026 08:24:07 PAGE 2   

  54          // -------------------------- 发送I2C起始条件 --------------------------
  55          uint8_t I2C_Start(void) {
  56   1      
  57   1      
  58   1          // 1. 检查总线是否空闲（硬件忙+软件忙）
  59   1          if (I2C_IsBusy()) {
  60   2              return I2C_ERR_BUSY;
  61   2          }
  62   1      
  63   1          g_i2cBusy = 1;
  64   1          g_i2cErr = I2C_SUCCESS;
  65   1      
  66   1      
  67   1          STA = 1;  /// 硬件开始生成起始条件
  68   1          SI = 0;
  69   1          
  70   1          if (I2C_WaitDone(10000) != I2C_SUCCESS) {
  71   2              g_i2cErr = I2C_ERR_TIMEOUT;
  72   2              g_i2cBusy = 0;
  73   2              return g_i2cErr;
  74   2          }
  75   1      
  76   1          // 4. 检查起始条件状态
  77   1      
  78   1          if (SMB0STA != I2C_STA_SENT) {  // 
  79   2              g_i2cErr = (SMB0STA == I2C_ARB_LOST) ? I2C_ERR_ARB_LOST : I2C_ERR_NACK;
  80   2              // 错误处理：清除STA标志+发送停止条件，复位总线
  81   2              STA = 0;
  82   2              I2C_Stop();
  83   2              g_i2cBusy = 0;      
  84   2              return g_i2cErr;
  85   2          }
  86   1      
  87   1          // 5. 清除SI标志（关键：告知硬件“已处理当前状态”，为后续操作做准备）
  88   1          STA = 0;  // 
  89   1          return I2C_SUCCESS;
  90   1      }
  91          
  92          // -------------------------- 发送I2C重复起始条件 --------------------------
  93          uint8_t I2C_RepeatStart(void) {
  94   1          if (!g_i2cBusy) {
  95   2              return I2C_ERR_BUSY;
  96   2          }
  97   1      
  98   1          STA = 1;  // 硬件开始生成重复起始条件
  99   1          SI = 0;
 100   1          if (I2C_WaitDone(I2C_TIMEOUT_LONG) != I2C_SUCCESS) {
 101   2              g_i2cErr = I2C_ERR_TIMEOUT;
 102   2              g_i2cBusy = 0;
 103   2              I2C_Stop();
 104   2              return g_i2cErr;
 105   2          }
 106   1      
 107   1          // 4. 检查重复起始条件状态
 108   1          if (SMB0STA != I2C_REP_STA_SENT) {
 109   2              g_i2cErr = (SMB0STA == I2C_ARB_LOST) ? I2C_ERR_ARB_LOST : I2C_ERR_BUSY;
 110   2      
 111   2              I2C_Stop();
 112   2              g_i2cBusy = 0;
 113   2              return g_i2cErr;
 114   2          }
 115   1          STA = 0;    // 起始关闭  关键 
C51 COMPILER V9.60.0.0   I2C                                                               01/28/2026 08:24:07 PAGE 3   

 116   1          return I2C_SUCCESS;
 117   1      }
 118          
 119          /**-------------------------- 发送I2C停止条件 --------------------------*/
 120          void I2C_Stop(void) {
 121   1         uint32_t timeout;
 122   1          if (g_i2cBusy) {
 123   2              STO = 1;  // 发送停止条件
 124   2              SI=0;
 125   2              timeout = I2C_TIMEOUT_LONG; 
 126   2              while (STO && timeout--) {
 127   3                  ;
 128   3              }
 129   2              g_i2cBusy = 0;
 130   2          }
 131   1      }
 132          
 133          // -------------------------- 发送从设备地址 --------------------------
 134          uint8_t I2C_SendAddr(uint8_t slaAddr) {
 135   1          if (!g_i2cBusy) {
 136   2              return I2C_ERR_BUSY;
 137   2          }
 138   1          if (SI == 0) {
 139   2      
 140   2              g_i2cErr = I2C_ERR_STATE; 
 141   2              I2C_Stop();              
 142   2              g_i2cBusy = 0;           
 143   2              return g_i2cErr;
 144   2          }
 145   1      
 146   1      
 147   1          SMB0DAT = slaAddr;  
 148   1          SI = 0; // 发送数据字节 
 149   1          if (I2C_WaitDone(I2C_TIMEOUT_LONG) != I2C_SUCCESS) {
 150   2              g_i2cErr = I2C_ERR_TIMEOUT;
 151   2      
 152   2              I2C_Stop();
 153   2              g_i2cBusy = 0;
 154   2              return g_i2cErr;
 155   2          }
 156   1      
 157   1          // 检查状态码（收到ACK/未收到ACK）
 158   1          switch (SMB0STA) {
 159   2              case I2C_SLA_W_ACK:
 160   2              case I2C_SLA_R_ACK:
 161   2                  return I2C_SUCCESS;
 162   2              case I2C_SLA_W_NACK:
 163   2              case I2C_SLA_R_NACK:
 164   2                  g_i2cErr = I2C_ERR_NACK;
 165   2                  break;
 166   2              case I2C_ARB_LOST:
 167   2                  g_i2cErr = I2C_ERR_ARB_LOST;
 168   2                  break;
 169   2              default:
 170   2                  g_i2cErr = I2C_ERR_BUSY;
 171   2                  break;
 172   2          }
 173   1      
 174   1          I2C_Stop();
 175   1          g_i2cBusy = 0;
 176   1          return g_i2cErr;
 177   1      }
C51 COMPILER V9.60.0.0   I2C                                                               01/28/2026 08:24:07 PAGE 4   

 178          
 179          // -------------------------- 发送1字节数据 --------------------------
 180          uint8_t I2C_SendData(uint8_t send_data) {
 181   1          if (!g_i2cBusy) {
 182   2              return I2C_ERR_BUSY;
 183   2          }     
 184   1          if (SI == 0) {
 185   2      
 186   2              g_i2cErr = I2C_ERR_STATE; 
 187   2              I2C_Stop();              
 188   2              g_i2cBusy = 0;           
 189   2              return g_i2cErr;
 190   2          }
 191   1      
 192   1      
 193   1          SMB0DAT = send_data;// 
 194   1          SI = 0; // 
 195   1          if (I2C_WaitDone(I2C_TIMEOUT_LONG) != I2C_SUCCESS) {
 196   2              g_i2cErr = I2C_ERR_TIMEOUT;
 197   2              I2C_Stop();
 198   2              g_i2cBusy = 0;
 199   2              return g_i2cErr;
 200   2          }
 201   1      
 202   1          // 检查状态码（收到ACK/未收到ACK）
 203   1          if (SMB0STA == I2C_DATA_W_ACK) {
 204   2              return I2C_SUCCESS;
 205   2          } else if (SMB0STA == I2C_DATA_W_NACK) {
 206   2              g_i2cErr = I2C_ERR_NACK;
 207   2          } else if (SMB0STA == I2C_ARB_LOST) {
 208   2              g_i2cErr = I2C_ERR_ARB_LOST;
 209   2          } else {
 210   2              g_i2cErr = I2C_ERR_STATE;
 211   2          }
 212   1      
 213   1      
 214   1          I2C_Stop();
 215   1          g_i2cBusy = 0;
 216   1          return g_i2cErr;
 217   1      }
 218          
 219          // -------------------------- 接收1字节数据 --------------------------
 220          uint8_t I2C_RecvData(uint8_t ack, uint8_t *pData) {
 221   1          if (!g_i2cBusy || pData == NULL) {
 222   2              return I2C_ERR_PARAM;
 223   2          }
 224   1          // 配置ACK/NACK
 225   1          AA = ack ? 1 : 0;
 226   1          SI=0;
 227   1          if (I2C_WaitDone(I2C_TIMEOUT_LONG) != I2C_SUCCESS) {
 228   2              g_i2cErr = I2C_ERR_TIMEOUT;
 229   2      
 230   2              I2C_Stop();
 231   2              g_i2cBusy = 0;
 232   2              return g_i2cErr;
 233   2          }
 234   1      
 235   1       
 236   1          // 检查状态码（接收成功）
 237   1          if (SMB0STA == I2C_DATA_R_ACK || SMB0STA == I2C_DATA_R_NACK) {
 238   2              *pData = SMB0DAT;  // ????????????
 239   2              return I2C_SUCCESS;
C51 COMPILER V9.60.0.0   I2C                                                               01/28/2026 08:24:07 PAGE 5   

 240   2          } else if (SMB0STA == I2C_ARB_LOST) {
 241   2              g_i2cErr = I2C_ERR_ARB_LOST;
 242   2          } else {
 243   2              g_i2cErr = I2C_ERR_STATE;
 244   2            
 245   2          }
 246   1      
 247   1      
 248   1          I2C_Stop();
 249   1          g_i2cBusy = 0;
 250   1          return g_i2cErr;
 251   1      }
 252          
 253          // -------------------------- 检查I2C总线是否空闲 --------------------------
 254          bit I2C_IsBusy(void) {
 255   1          return (BUSY || g_i2cBusy);
 256   1      }
 257          
 258          
 259          /**
 260           * @brief  C8051F120硬件I2C复位SMBus状态机（适配中断执行，无死循环）
 261           * @retval 0=成功，1=失败（中断中忽略返回值，仅执行复位操作）
 262           */
 263          uint8_t SMBus_HwI2C_Reset(void) {
 264   1        char SFRPAGE_SAVE = SFRPAGE;
 265   1          SFRPAGE = SMB0_PAGE;  
 266   1          // 复位SMBus接口
 267   1          ENSMB = 0;  
 268   1       
 269   1          ENSMB = 1;      
 270   1          // 恢复标志位
 271   1          BUSY=0;
 272   1          STA = 0;
 273   1          STO = 0;
 274   1          AA = 1;
 275   1          g_i2cBusy = 0;  
 276   1          SFRPAGE = SFRPAGE_SAVE;
 277   1      
 278   1          return 0;
 279   1      }
 280          
 281          
 282          
 283          // -------------------------- SCL低电平25ms超时中断（定时器3） --------------------------
 284          //void Timer3_ISR(void) interrupt 14 {
 285          //    TF3 = 0;  // 清除中断标志
 286          //SMBus_HwI2C_Reset();
 287          //}


MODULE INFORMATION:   STATIC OVERLAYABLE
   CODE SIZE        =    671    ----
   CONSTANT SIZE    =   ----    ----
   XDATA SIZE       =      1      11
   PDATA SIZE       =   ----    ----
   DATA SIZE        =   ----    ----
   IDATA SIZE       =   ----    ----
   BIT SIZE         =      1    ----
   EDATA SIZE       =   ----    ----
   HDATA SIZE       =   ----    ----
   XDATA CONST SIZE =   ----    ----
   FAR CONST SIZE   =   ----    ----
C51 COMPILER V9.60.0.0   I2C                                                               01/28/2026 08:24:07 PAGE 6   

END OF MODULE INFORMATION.


C51 COMPILATION COMPLETE.  0 WARNING(S),  0 ERROR(S)
