BL51 BANKED LINKER/LOCATER V6.22.2.0                                                    12/31/2025  08:48:02  PAGE 1


BL51 BANKED LINKER/LOCATER V6.22.2.0, INVOKED BY:
C:\KEIL_V5\C51\BIN\BL51.EXE COMMON {.\Objects\main.obj}, COMMON {.\Objects\system.obj}, BANK1 {.\Objects\menu.obj}, COMM
>> ON {.\Objects\data_save.obj}, COMMON {.\Objects\L51_BANK.obj}, COMMON {.\Objects\STARTUP.obj}, COMMON {.\Objects\data
>> _deal.obj}, COMMON {.\Objects\bsp.obj}, COMMON {.\Objects\time.obj}, COMMON {.\Objects\uart.obj}, COMMON {.\Objects\d
>> elay.obj}, COMMON {.\Objects\i2c.obj}, COMMON {.\Objects\spi.obj}, COMMON {.\Objects\adc_key.obj}, COMMON {.\Objects\
>> fm31256.obj}, BANK3 {.\Objects\lcd.obj}, COMMON {.\Objects\ht7036.obj}, BANK1 {.\Objects\modbus.obj} TO .\Objects\KZQ
>>  BANKAREA (0X8000, 0XFFFF) PRINT (.\Listings\KZQ.m51) RAMSIZE (256) DISABLEWARNING (57, 16)


MEMORY MODEL: LARGE WITH FLOATING POINT ARITHMETIC


INPUT MODULES INCLUDED:
  .\Objects\main.obj (MAIN)
  .\Objects\system.obj (SYSTEM)
  .\Objects\menu.obj (MENU)
  .\Objects\data_save.obj (DATA_SAVE)
  .\Objects\L51_BANK.obj (?BANK?SWITCHING)
  .\Objects\STARTUP.obj (?C_STARTUP)
  .\Objects\data_deal.obj (DATA_DEAL)
  .\Objects\bsp.obj (BSP)
  .\Objects\time.obj (TIME)
  .\Objects\uart.obj (UART)
  .\Objects\delay.obj (DELAY)
  .\Objects\i2c.obj (I2C)
  .\Objects\spi.obj (SPI)
  .\Objects\adc_key.obj (ADC_KEY)
  .\Objects\fm31256.obj (FM31256)
  .\Objects\lcd.obj (LCD)
  .\Objects\ht7036.obj (HT7036)
  .\Objects\modbus.obj (MODBUS)
  C:\KEIL_V5\C51\LIB\C51FPL.LIB (?C?FPMUL)
  C:\KEIL_V5\C51\LIB\C51FPL.LIB (?C?FPDIV)
  C:\KEIL_V5\C51\LIB\C51FPL.LIB (?C?FPCMP)
  C:\KEIL_V5\C51\LIB\C51FPL.LIB (?C?FPNEG)
  C:\KEIL_V5\C51\LIB\C51FPL.LIB (?C?FCAST)
  C:\KEIL_V5\C51\LIB\C51FPL.LIB (?C?CASTF)
  C:\KEIL_V5\C51\LIB\C51FPL.LIB (?C?FPGETOPN)
  C:\KEIL_V5\C51\LIB\C51L.LIB (?C_INIT)
  C:\KEIL_V5\C51\LIB\C51L.LIB (?C?COPY)
  C:\KEIL_V5\C51\LIB\C51L.LIB (?C?SCDIV)
  C:\KEIL_V5\C51\LIB\C51L.LIB (?C?CLDPTR)
  C:\KEIL_V5\C51\LIB\C51L.LIB (?C?CLDOPTR)
  C:\KEIL_V5\C51\LIB\C51L.LIB (?C?CILDOPTR)
  C:\KEIL_V5\C51\LIB\C51L.LIB (?C?CSTPTR)
  C:\KEIL_V5\C51\LIB\C51L.LIB (?C?CSTOPTR)
  C:\KEIL_V5\C51\LIB\C51L.LIB (?C?IMUL)
  C:\KEIL_V5\C51\LIB\C51L.LIB (?C?UIDIV)
  C:\KEIL_V5\C51\LIB\C51L.LIB (?C?SIDIV)
  C:\KEIL_V5\C51\LIB\C51L.LIB (?C?IILDX)
  C:\KEIL_V5\C51\LIB\C51L.LIB (?C?ILDIX)
  C:\KEIL_V5\C51\LIB\C51L.LIB (?C?ILDPTR)
  C:\KEIL_V5\C51\LIB\C51L.LIB (?C?ILDOPTR)
  C:\KEIL_V5\C51\LIB\C51L.LIB (?C?IILDOPTR)
  C:\KEIL_V5\C51\LIB\C51L.LIB (?C?ISTPTR)
  C:\KEIL_V5\C51\LIB\C51L.LIB (?C?ISTOPTR)
  C:\KEIL_V5\C51\LIB\C51L.LIB (?C?LADD)
  C:\KEIL_V5\C51\LIB\C51L.LIB (?C?LSUB)
BL51 BANKED LINKER/LOCATER V6.22.2.0                                                  12/31/2025  08:48:02  PAGE 2


  C:\KEIL_V5\C51\LIB\C51L.LIB (?C?LMUL)
  C:\KEIL_V5\C51\LIB\C51L.LIB (?C?ULDIV)
  C:\KEIL_V5\C51\LIB\C51L.LIB (?C?SLDIV)
  C:\KEIL_V5\C51\LIB\C51L.LIB (?C?LOR)
  C:\KEIL_V5\C51\LIB\C51L.LIB (?C?LNEG)
  C:\KEIL_V5\C51\LIB\C51L.LIB (?C?SLCMP)
  C:\KEIL_V5\C51\LIB\C51L.LIB (?C?ULCMP)
  C:\KEIL_V5\C51\LIB\C51L.LIB (?C?ULSHR)
  C:\KEIL_V5\C51\LIB\C51L.LIB (?C?LSHL)
  C:\KEIL_V5\C51\LIB\C51L.LIB (?C?LLDPTR)
  C:\KEIL_V5\C51\LIB\C51L.LIB (?C?LLDOPTR)
  C:\KEIL_V5\C51\LIB\C51L.LIB (?C?LSTPTR)
  C:\KEIL_V5\C51\LIB\C51L.LIB (?C?LLDXDATA)
  C:\KEIL_V5\C51\LIB\C51L.LIB (?C?LLDCODE)
  C:\KEIL_V5\C51\LIB\C51L.LIB (?C?LLDXDATA0)
  C:\KEIL_V5\C51\LIB\C51L.LIB (?C?LLDIXDATA)
  C:\KEIL_V5\C51\LIB\C51L.LIB (?C?LSTXDATA)
  C:\KEIL_V5\C51\LIB\C51L.LIB (?C?LSTKXDATA)
  C:\KEIL_V5\C51\LIB\C51L.LIB (?C?LSTKPTR)
  C:\KEIL_V5\C51\LIB\C51L.LIB (?C?LSTKOPTR)
  C:\KEIL_V5\C51\LIB\C51L.LIB (?C?OFFXADD)
  C:\KEIL_V5\C51\LIB\C51L.LIB (?C?PLDXDATA)
  C:\KEIL_V5\C51\LIB\C51L.LIB (?C?PLDIXDATA)
  C:\KEIL_V5\C51\LIB\C51L.LIB (?C?PSTXDATA)
  C:\KEIL_V5\C51\LIB\C51L.LIB (?C?PLDCODE)
  C:\KEIL_V5\C51\LIB\C51L.LIB (?C?PLDPTR)
  C:\KEIL_V5\C51\LIB\C51L.LIB (?C?CCASE)
  C:\KEIL_V5\C51\LIB\C51L.LIB (?C?ICALL)
  C:\KEIL_V5\C51\LIB\C51L.LIB (?C?LIMUL)
  C:\KEIL_V5\C51\LIB\C51L.LIB (?C?MEMSET)
  C:\KEIL_V5\C51\LIB\C51L.LIB (?C?LLDIDATA)
  C:\KEIL_V5\C51\LIB\C51L.LIB (?C?LLDPDATA)
  C:\KEIL_V5\C51\LIB\C51L.LIB (?C?LSTIDATA)
  C:\KEIL_V5\C51\LIB\C51L.LIB (?C?LSTPDATA)
  C:\KEIL_V5\C51\LIB\C51L.LIB (?C?LSTKIDATA)
  C:\KEIL_V5\C51\LIB\C51L.LIB (?C?LSTKPDATA)
  C:\KEIL_V5\C51\LIB\C51L.LIB (?C?PLDIDATA)
  C:\KEIL_V5\C51\LIB\C51L.LIB (?C?PLDPDATA)


LINK MAP OF MODULE:  .\Objects\KZQ (MAIN)


            TYPE    BASE      LENGTH    RELOCATION   SEGMENT NAME
            -----------------------------------------------------

            * * * * * * *   D A T A   M E M O R Y   * * * * * * *
            REG     0000H     0008H     ABSOLUTE     "REG BANK 0"
            DATA    0008H     0001H     UNIT         ?BANK?DATA
                    0009H     0017H                  *** GAP ***
            BIT     0020H.0   0000H.1   UNIT         ?BI?SYSTEM
            BIT     0020H.1   0000H.1   UNIT         ?BI?TIME
            BIT     0020H.2   0000H.1   UNIT         ?BI?I2C
                    0020H.3   0000H.5                *** GAP ***
            IDATA   0021H     0001H     UNIT         ?STACK

            * * * * * * *  X D A T A   M E M O R Y  * * * * * * *
BL51 BANKED LINKER/LOCATER V6.22.2.0                                                  12/31/2025  08:48:02  PAGE 3


            XDATA   0000H     01D2H     UNIT         ?XD?MODBUS
            XDATA   01D2H     0190H     UNIT         ?XD?HT7036
            XDATA   0362H     0108H     UNIT         ?XD?MODBUS_HANDLEREADDISCRETEINPUTS?MODBUS
            XDATA   046AH     0107H     UNIT         ?XD?MODBUS_HANDLEREADHOLDINGREGISTERS?MODBUS
            XDATA   0571H     0107H     UNIT         ?XD?MODBUS_HANDLEREADINPUTREGISTERS?MODBUS
            XDATA   0678H     0083H     UNIT         ?XD?MENU
            XDATA   06FBH     0076H     UNIT         ?XD?_FM31256_READ_CALIB?DATA_SAVE
            XDATA   0771H     0057H     UNIT         ?XD?SYSTEM
            XDATA   07C8H     004EH     UNIT         ?XD?ADC_KEY
            XDATA   0816H     0031H     UNIT         ?XD?_HT7036_CONFIG?HT7036
            XDATA   0847H     002EH     UNIT         ?XD?_INIT_PARAM_COMMON?DATA_SAVE
            XDATA   0875H     0025H     UNIT         ?XD?_WRITE_PARAM_WITH_BACKUP_LOG?DATA_SAVE
            XDATA   089AH     0020H     UNIT         ?XD?RESET_STAT_PARA?DATA_SAVE
            XDATA   08BAH     001AH     UNIT         ?XD?_METER_DATA?DATA_DEAL
            XDATA   08D4H     0019H     UNIT         ?XD?_METER_DISP?MENU
            XDATA   08EDH     0017H     UNIT         ?XD?_ADJUST_DIGIT_U16?MENU
            XDATA   0904H     0017H     UNIT         ?XD?_LCD_DISPLAYCHAR?LCD
            XDATA   091BH     0016H     UNIT         ?XD?_ADJUST_DIGIT_U8?MENU
            XDATA   0931H     0016H     UNIT         ?XD?_LCD_DISPLAYNUM?LCD
            XDATA   0947H     0016H     UNIT         ?XD?_LCD_DISPLAYFIXEDPOINT?LCD
            XDATA   095DH     0015H     UNIT         ?XD?_HT7036_SPI_READ_CHECK?HT7036
            XDATA   0972H     0014H     UNIT         ?XD?_HT7036_COMCHECK?HT7036
            XDATA   0986H     0013H     UNIT         ?XD?_CONTROL_PARA_INIT?DATA_SAVE
            XDATA   0999H     0013H     UNIT         ?XD?_STAT_PARA_INIT?DATA_SAVE
            XDATA   09ACH     0013H     UNIT         ?XD?_SET_CONTROL_PARA?DATA_SAVE
            XDATA   09BFH     0013H     UNIT         ?XD?_WRITE_EVENT_LOG?DATA_SAVE
            XDATA   09D2H     0012H     UNIT         ?XD?_READ_PARAM_WITH_BACKUP?DATA_SAVE
            XDATA   09E4H     0012H     UNIT         ?XD?_HT7036_SPI_WRITE_CHECK?HT7036
            XDATA   09F6H     0011H     UNIT         ?XD?_HT7036_READ?HT7036
            XDATA   0A07H     0010H     UNIT         ?XD?_GET_MONTHDAYS?DATA_SAVE
            XDATA   0A17H     000FH     UNIT         ?XD?_MAIN_MENU?MENU
            XDATA   0A26H     000FH     UNIT         ?XD?_PARA_MENU?MENU
            XDATA   0A35H     000FH     UNIT         ?XD?_DATETIME_TO_TIMESTAMP?DATA_SAVE
            XDATA   0A44H     000EH     UNIT         ?XD?_LCD_DISPLAYSTRING?LCD
            XDATA   0A52H     000DH     UNIT         ?XD?SYS_PARAM_INIT?DATA_SAVE
            XDATA   0A5FH     000DH     UNIT         ?XD?_HT7036_SPI_WRITE?HT7036
            XDATA   0A6CH     000CH     UNIT         ?XD?_DISP_TWO_DIGIT?MENU
            XDATA   0A78H     000CH     UNIT         ?XD?_DATA_DISP?DATA_DEAL
            XDATA   0A84H     000CH     UNIT         ?XD?_FM31256_FRAM_READ?FM31256
            XDATA   0A90H     000BH     UNIT         ?XD?_FM31256_FRAM_WRITE?FM31256
            XDATA   0A9BH     000BH     UNIT         ?XD?_LCD_DISPLAYBPM?LCD
            XDATA   0AA6H     000BH     UNIT         ?XD?_HT7036_SPI_READ?HT7036
            XDATA   0AB1H     000AH     UNIT         ?XD?_CAP_PARA_SET?MENU
            XDATA   0ABBH     000AH     UNIT         ?XD?_GET_VOL_PROT_PARAMS?MENU
            XDATA   0AC5H     000AH     UNIT         ?XD?_CRC8_CALC?DATA_SAVE
            XDATA   0ACFH     000AH     UNIT         ?XD?_RATIO_PARA_INIT?DATA_SAVE
            XDATA   0AD9H     000AH     UNIT         ?XD?_SET_RATIO_PARA?DATA_SAVE
            XDATA   0AE3H     0009H     UNIT         ?XD?TIME_DISP?MENU
            XDATA   0AECH     0009H     UNIT         ?XD?_SET_CAP_PARA_CH?DATA_SAVE
            XDATA   0AF5H     0009H     UNIT         ?XD?_MODBUS_SENDERROR?MODBUS
            XDATA   0AFEH     0008H     UNIT         ?XD?READ_TIME_PER_1S?SYSTEM
            XDATA   0B06H     0008H     UNIT         ?XD?_OV_PROTECT_INIT?DATA_SAVE
            XDATA   0B0EH     0008H     UNIT         ?XD?_UV_PROTECT_INIT?DATA_SAVE
            XDATA   0B16H     0008H     UNIT         ?XD?_SET_OV_PROTECT_PARA?DATA_SAVE
            XDATA   0B1EH     0008H     UNIT         ?XD?_SET_UV_PROTECT_PARA?DATA_SAVE
            XDATA   0B26H     0008H     UNIT         ?XD?_MODBUS_CRC16?MODBUS
            XDATA   0B2EH     0007H     UNIT         ?XD?_ADJUST_HEX_DIGIT?MENU
BL51 BANKED LINKER/LOCATER V6.22.2.0                                                  12/31/2025  08:48:02  PAGE 4


            XDATA   0B35H     0007H     UNIT         ?XD?_SET_VOL_PROT_PARAMS?MENU
            XDATA   0B3CH     0007H     UNIT         ?XD?_COM_PARA_INIT?DATA_SAVE
            XDATA   0B43H     0007H     UNIT         ?XD?_CAP_PARA_INIT?DATA_SAVE
            XDATA   0B4AH     0007H     UNIT         ?XD?_SET_COM_PARA?DATA_SAVE
            XDATA   0B51H     0007H     UNIT         ?XD?_CRC16_CALC?DATA_DEAL
            XDATA   0B58H     0007H     UNIT         ?XD?_SPI_TRANSCEIVE_BYTE?SPI
            XDATA   0B5FH     0007H     UNIT         ?XD?_FM31256_RTC_READ_DATE?FM31256
            XDATA   0B66H     0007H     UNIT         ?XD?_FM31256_RTC_READ_TIME?FM31256
            XDATA   0B6DH     0007H     UNIT         ?XD?_FM31256_RTC_WRITE_DATE?FM31256
            XDATA   0B74H     0007H     UNIT         ?XD?_FM31256_RTC_WRITE_TIME?FM31256
            XDATA   0B7BH     0007H     UNIT         ?XD?_LCD_DISPLAYLINE?LCD
            XDATA   0B82H     0006H     UNIT         ?XD?_CONTROL_PARA_SET?MENU
            XDATA   0B88H     0006H     UNIT         ?XD?GET_RTC_TIMESTAMP?DATA_SAVE
            XDATA   0B8EH     0006H     UNIT         ?XD?_FM31256_REG_READ?FM31256
            XDATA   0B94H     0006H     UNIT         ?XD?_YXD12864_INDEX?LCD
            XDATA   0B9AH     0006H     UNIT         ?XD?_HT7036_READ_BCKREG?HT7036
            XDATA   0BA0H     0006H     UNIT         ?XD?MODBUS_PROCESSREQUEST?MODBUS
            XDATA   0BA6H     0005H     UNIT         ?XD?_SYSTEM_SETTING?MENU
            XDATA   0BABH     0005H     UNIT         ?XD?_SYS_PARA_SET?MENU
            XDATA   0BB0H     0005H     UNIT         ?XD?_SYS_VOL_PROT_PARA_SET?MENU
            XDATA   0BB5H     0005H     UNIT         ?XD?_READ_LATEST_EVENT_LOG?DATA_SAVE
            XDATA   0BBAH     0005H     UNIT         ?XD?GET_SYSTEMTIME?TIME
            XDATA   0BBFH     0005H     UNIT         ?XD?UART0_INIT?UART
            XDATA   0BC4H     0005H     UNIT         ?XD?_UART0_SENDARRAY?UART
            XDATA   0BC9H     0005H     UNIT         ?XD?_BSP_DETECTKEY?ADC_KEY
            XDATA   0BCEH     0005H     UNIT         ?XD?_LCDSCAN?LCD
            XDATA   0BD3H     0004H     UNIT         ?XD?_CAP_DISP?MENU
            XDATA   0BD7H     0004H     UNIT         ?XD?_GET_CAP_PARA_CH?DATA_SAVE
            XDATA   0BDBH     0004H     UNIT         ?XD?_READ_EVENT_LOG?DATA_SAVE
            XDATA   0BDFH     0004H     UNIT         ?XD?_READ_MODIFY_LOG?DATA_SAVE
            XDATA   0BE3H     0004H     UNIT         ?XD?_REG24_TO_PREG?DATA_DEAL
            XDATA   0BE7H     0004H     UNIT         ?XD?TIME
            XDATA   0BEBH     0004H     UNIT         ?XD?_DELAY_US?DELAY
            XDATA   0BEFH     0004H     UNIT         ?XD?_DELAY_MS?DELAY
            XDATA   0BF3H     0004H     UNIT         ?XD?_I2C_WAITDONE?I2C
            XDATA   0BF7H     0004H     UNIT         ?XD?I2C_STOP?I2C
            XDATA   0BFBH     0004H     UNIT         ?XD?_I2C_RECVDATA?I2C
            XDATA   0BFFH     0004H     UNIT         ?XD?_BSP_SETKEYPARAM?ADC_KEY
            XDATA   0C03H     0004H     UNIT         ?XD?_FM31256_READ_VERSION?FM31256
            XDATA   0C07H     0004H     UNIT         ?XD?_FM31256_WRITE_VERSION?FM31256
            XDATA   0C0BH     0004H     UNIT         ?XD?_FM31256_REG_WRITE?FM31256
            XDATA   0C0FH     0004H     UNIT         ?XD?LCD
            XDATA   0C13H     0003H     UNIT         ?XD?_CAP_ADJUST?MENU
            XDATA   0C16H     0003H     UNIT         ?XD?_FIND_COL_ROW_BY_I?MENU
            XDATA   0C19H     0003H     UNIT         ?XD?_PROTECT_MENU?MENU
            XDATA   0C1CH     0003H     UNIT         ?XD?_SYS_COM_PARA_SET?MENU
            XDATA   0C1FH     0003H     UNIT         ?XD?_UPDATE_LOG_INDEX?DATA_SAVE
            XDATA   0C22H     0003H     UNIT         ?XD?_GET_COM_PARA?DATA_SAVE
            XDATA   0C25H     0003H     UNIT         ?XD?_GET_OV_PROTECT_PARA?DATA_SAVE
            XDATA   0C28H     0003H     UNIT         ?XD?_GET_UV_PROTECT_PARA?DATA_SAVE
            XDATA   0C2BH     0003H     UNIT         ?XD?_GET_CONTROL_PARA?DATA_SAVE
            XDATA   0C2EH     0003H     UNIT         ?XD?_GET_RATIO_PARA?DATA_SAVE
            XDATA   0C31H     0003H     UNIT         ?XD?_GET_STAT_PARA?DATA_SAVE
            XDATA   0C34H     0003H     UNIT         ?XD?_GET_PASS_PARA?DATA_SAVE
            XDATA   0C37H     0003H     UNIT         ?XD?_GET_AUTOMANUAL_PARA?DATA_SAVE
            XDATA   0C3AH     0003H     UNIT         ?XD?_GET_CONTRA_PARA?DATA_SAVE
            XDATA   0C3DH     0003H     UNIT         ?XD?_UPDATE_EVENT_INDEX?DATA_SAVE
BL51 BANKED LINKER/LOCATER V6.22.2.0                                                  12/31/2025  08:48:02  PAGE 5


            XDATA   0C40H     0003H     UNIT         ?XD?_FILL_EVENT_TIME?DATA_SAVE
            XDATA   0C43H     0003H     UNIT         ?XD?_UART0_SENDSTRING?UART
            XDATA   0C46H     0003H     UNIT         ?XD?_FM31256_WDG_ENABLE?FM31256
            XDATA   0C49H     0003H     UNIT         ?XD?_LCD_SETPOSITION?LCD
            XDATA   0C4CH     0002H     UNIT         ?XD?UPDATEADCFILTER?SYSTEM
            XDATA   0C4EH     0002H     UNIT         ?XD?ADC0_ISR?SYSTEM
            XDATA   0C50H     0002H     UNIT         ?XD?_POW10?MENU
            XDATA   0C52H     0002H     UNIT         ?XD?CAP_NUM?MENU
            XDATA   0C54H     0002H     UNIT         ?XD?_FIND_Z_INDEX_BY_I?MENU
            XDATA   0C56H     0002H     UNIT         ?XD?_IS_LEAPYEAR?DATA_SAVE
            XDATA   0C58H     0002H     UNIT         ?XD?SMBUS_HWI2C_RESET?I2C
            XDATA   0C5AH     0002H     UNIT         ?XD?SPI_INIT?SPI
            XDATA   0C5CH     0002H     UNIT         ?XD?GETADCDETECTEDKEY?ADC_KEY
            XDATA   0C5EH     0002H     UNIT         ?XD?_FM31256_WRITE_PROTECT?FM31256
            XDATA   0C60H     0002H     UNIT         ?XD?HT7036_INIT?HT7036
            XDATA   0C62H     0001H     UNIT         ?XD?SYSTEM_INT?SYSTEM
            XDATA   0C63H     0001H     UNIT         ?XD?MENU_DISP?MENU
            XDATA   0C64H     0001H     UNIT         ?XD?_SAMPLING_ADIUST?MENU
            XDATA   0C65H     0001H     UNIT         ?XD?_EVENT_LOG?MENU
            XDATA   0C66H     0001H     UNIT         ?XD?_DATA_STAT?MENU
            XDATA   0C67H     0001H     UNIT         ?XD?GET_LOG_INDEX?DATA_SAVE
            XDATA   0C68H     0001H     UNIT         ?XD?GET_EVENT_INDEX?DATA_SAVE
            XDATA   0C69H     0001H     UNIT         ?XD?EXTERNALCLOCK_INIT?BSP
            XDATA   0C6AH     0001H     UNIT         ?XD?PORT_INIT?BSP
            XDATA   0C6BH     0001H     UNIT         ?XD?_WATCHDOG_CONFIG?BSP
            XDATA   0C6CH     0001H     UNIT         ?XD?_WATCHDOG_ENABLE?BSP
            XDATA   0C6DH     0001H     UNIT         ?XD?ADC0_INIT?BSP
            XDATA   0C6EH     0001H     UNIT         ?XD?TIMER0_INIT?TIME
            XDATA   0C6FH     0001H     UNIT         ?XD?TIMER2_INIT?TIME
            XDATA   0C70H     0001H     UNIT         ?XD?TIMER3_INIT?TIME
            XDATA   0C71H     0001H     UNIT         ?XD?_TIMER_STOP?TIME
            XDATA   0C72H     0001H     UNIT         ?XD?_TIMER_START?TIME
            XDATA   0C73H     0001H     UNIT         ?XD?_UART0_SENDBYTE?UART
            XDATA   0C74H     0001H     UNIT         ?XD?UART0_ISR?UART
            XDATA   0C75H     0001H     UNIT         ?XD?I2C_INIT?I2C
            XDATA   0C76H     0001H     UNIT         ?XD?_I2C_SENDADDR?I2C
            XDATA   0C77H     0001H     UNIT         ?XD?_I2C_SENDDATA?I2C
            XDATA   0C78H     0001H     UNIT         ?XD?I2C
            XDATA   0C79H     0001H     UNIT         ?XD?_BSP_PUTKEY?ADC_KEY
            XDATA   0C7AH     0001H     UNIT         ?XD?BSP_GETKEY?ADC_KEY
            XDATA   0C7BH     0001H     UNIT         ?XD?_BSP_GETKEYSTATE?ADC_KEY
            XDATA   0C7CH     0001H     UNIT         ?XD?BSP_INITKEYVAR?ADC_KEY
            XDATA   0C7DH     0001H     UNIT         ?XD?BSP_KEYSCAN?ADC_KEY
            XDATA   0C7EH     0001H     UNIT         ?XD?FM31256_WDG_DISABLE?FM31256
            XDATA   0C7FH     0001H     UNIT         ?XD?FM31256_WDG_FEED?FM31256
            XDATA   0C80H     0001H     UNIT         ?XD?_LCD_WRITEDATA?LCD
            XDATA   0C81H     0001H     UNIT         ?XD?_LCD_WRITECMD?LCD

            * * * * * * *   C O D E   M E M O R Y   * * * * * * *
            CODE    0000H     0003H     ABSOLUTE     
            CODE    0003H     0004H     UNIT         ?PR?WATCHDOG_LOCK?BSP
            CODE    0007H     0004H     UNIT         ?PR?WATCHDOG_FEED?BSP
            CODE    000BH     0003H     ABSOLUTE     
            CODE    000EH     0013H     UNIT         ?PR?HT_7036_REST?HT7036
                    0021H     0002H                  *** GAP ***
            CODE    0023H     0003H     ABSOLUTE     
            CODE    0026H     0004H     UNIT         ?PR?BSP_INITKEY?ADC_KEY
BL51 BANKED LINKER/LOCATER V6.22.2.0                                                  12/31/2025  08:48:02  PAGE 6


                    002AH     0001H                  *** GAP ***
            CODE    002BH     0003H     ABSOLUTE     
            CODE    002EH     0044H     UNIT         ?PR?SYSTEM_INT?SYSTEM
                    0072H     0001H                  *** GAP ***
            CODE    0073H     0003H     ABSOLUTE     
            CODE    0076H     0003H     UNIT         ?PR?TIMER2_ISR?TIME
                    0079H     0002H                  *** GAP ***
            CODE    007BH     0003H     ABSOLUTE     
            CODE    007EH     3A0DH     UNIT         ?CO?LCD
            CODE    3A8BH     0AB5H     UNIT         ?C?LIB_CODE
            CODE    4540H     08CEH     UNIT         ?PR?_HT7036_CONFIG?HT7036
            CODE    4E0EH     08B1H     UNIT         ?PR?_DATA_DISP?DATA_DEAL
            CODE    56BFH     0626H     UNIT         ?PR?_HT7036_READ?HT7036
            CODE    5CE5H     05B3H     UNIT         ?CO?MENU
            CODE    6298H     049EH     UNIT         ?PR?_METER_DATA?DATA_DEAL
            CODE    6736H     041BH     UNIT         ?PR?_FM31256_READ_CALIB?DATA_SAVE
            CODE    6B51H     0320H     UNIT         ?PR?SYS_PARAM_INIT?DATA_SAVE
            CODE    6E71H     02C9H     UNIT         ?C_INITSEG
            CODE    713AH     02A0H     UNIT         ?PR?_BSP_DETECTKEY?ADC_KEY
            CODE    73DAH     0200H     UNIT         ?CO?DATA_DEAL
            CODE    75DAH     01F1H     UNIT         ?PR?_DATETIME_TO_TIMESTAMP?DATA_SAVE
            CODE    77CBH     01E5H     UNIT         ?PR?_HT7036_SPI_READ?HT7036
            CODE    79B0H     01D9H     UNIT         ?PR?_WRITE_PARAM_WITH_BACKUP_LOG?DATA_SAVE
            CODE    7B89H     01C6H     UNIT         ?PR?_FM31256_FRAM_READ?FM31256
            CODE    7D4FH     01ACH     UNIT         ?PR?_HT7036_COMCHECK?HT7036
            CODE    7EFBH     01A7H     UNIT         ?PR?_HT7036_SPI_READ_CHECK?HT7036
            CODE    80A2H     0198H     UNIT         ?PR?_HT7036_SPI_WRITE?HT7036
            CODE    823AH     0183H     UNIT         ?PR?_HT7036_SPI_WRITE_CHECK?HT7036
            CODE    83BDH     0166H     UNIT         ?PR?_FM31256_FRAM_WRITE?FM31256
            CODE    8523H     0141H     UNIT         ?PR?_READ_PARAM_WITH_BACKUP?DATA_SAVE
            CODE    8664H     010AH     UNIT         ?PR?_SET_CAP_PARA_CH?DATA_SAVE
            CODE    876EH     0107H     UNIT         ?PR?_FM31256_RTC_WRITE_DATE?FM31256
            CODE    8875H     0107H     UNIT         ?PR?_FM31256_RTC_WRITE_TIME?FM31256
            CODE    897CH     0100H     UNIT         ?PR?GETADCDETECTEDKEY?ADC_KEY
            CODE    8A7CH     00F2H     UNIT         ?PR?_SPI_TRANSCEIVE_BYTE?SPI
            CODE    8B6EH     00EFH     UNIT         ?PR?_FM31256_REG_READ?FM31256
            CODE    8C5DH     00E6H     UNIT         ?PR?UPDATEADCFILTER?SYSTEM
            CODE    8D43H     00E3H     UNIT         ?PR?_FM31256_RTC_READ_DATE?FM31256
            CODE    8E26H     00E3H     UNIT         ?PR?_FM31256_RTC_READ_TIME?FM31256
            CODE    8F09H     00E1H     UNIT         ?PR?BSP_INITKEYVAR?ADC_KEY
            CODE    8FEAH     00C9H     UNIT         ?PR?_INIT_PARAM_COMMON?DATA_SAVE
            CODE    90B3H     00C8H     UNIT         ?PR?_GET_CAP_PARA_CH?DATA_SAVE
            CODE    917BH     00B4H     UNIT         ?PR?_CRC8_CALC?DATA_SAVE
            CODE    922FH     00B2H     UNIT         ?CO?DATA_SAVE
            CODE    92E1H     00A9H     UNIT         ?PR?_FM31256_REG_WRITE?FM31256
            CODE    938AH     00A6H     UNIT         ?PR?_FILL_EVENT_TIME?DATA_SAVE
            CODE    9430H     00A3H     UNIT         ?PR?ADC0_ISR?SYSTEM
            CODE    94D3H     009BH     UNIT         ?PR?_HT7036_READ_BCKREG?HT7036
            CODE    956EH     0096H     UNIT         ?PR?_I2C_RECVDATA?I2C
            CODE    9604H     008FH     UNIT         ?C_C51STARTUP
            CODE    9693H     008CH     UNIT         ?PR?_I2C_SENDDATA?I2C
            CODE    971FH     0087H     UNIT         ?PR?_I2C_SENDADDR?I2C
            CODE    97A6H     0085H     UNIT         ?PR?SMBUS_HWI2C_RESET?I2C
            CODE    982BH     007EH     UNIT         ?PR?_FM31256_READ_VERSION?FM31256
            CODE    98A9H     0057H     UNIT         ?PR?TIMER0_ISR?TIME
            CODE    9900H     0081H     PAGE         ?BANK?SWITCH
            CODE    9981H     007DH     UNIT         ?PR?UART0_ISR?UART
BL51 BANKED LINKER/LOCATER V6.22.2.0                                                  12/31/2025  08:48:02  PAGE 7


            CODE    99FEH     007AH     UNIT         ?PR?_READ_LATEST_EVENT_LOG?DATA_SAVE
            CODE    9A78H     0078H     UNIT         ?PR?_CRC16_CALC?DATA_DEAL
            CODE    9AF0H     0074H     UNIT         ?PR?_BSP_SETKEYPARAM?ADC_KEY
            CODE    9B64H     0072H     UNIT         ?PR?_WRITE_EVENT_LOG?DATA_SAVE
            CODE    9BD6H     0070H     UNIT         ?PR?GET_RTC_TIMESTAMP?DATA_SAVE
            CODE    9C46H     006DH     UNIT         ?PR?_READ_EVENT_LOG?DATA_SAVE
            CODE    9CB3H     0068H     UNIT         ?PR?RESET_STAT_PARA?DATA_SAVE
            CODE    9D1BH     0067H     UNIT         ?PR?HT7036_INIT?HT7036
            CODE    9D82H     0064H     UNIT         ?PR?_SET_OV_PROTECT_PARA?DATA_SAVE
            CODE    9DE6H     0064H     UNIT         ?PR?_SET_UV_PROTECT_PARA?DATA_SAVE
            CODE    9E4AH     0064H     UNIT         ?PR?_SET_CONTROL_PARA?DATA_SAVE
            CODE    9EAEH     0064H     UNIT         ?PR?_SET_RATIO_PARA?DATA_SAVE
            CODE    9F12H     0063H     UNIT         ?PR?_GET_MONTHDAYS?DATA_SAVE
            CODE    9F75H     0063H     UNIT         ?PR?_SET_COM_PARA?DATA_SAVE
            CODE    9FD8H     0063H     UNIT         ?PR?I2C_START?I2C
            CODE    A03BH     0062H     UNIT         ?PR?_FM31256_WRITE_VERSION?FM31256
            CODE    A09DH     0061H     UNIT         ?PR?UART0_INIT?UART
            CODE    A0FEH     005BH     UNIT         ?PR?I2C_REPEATSTART?I2C
            CODE    A159H     0054H     UNIT         ?PR?_READ_MODIFY_LOG?DATA_SAVE
            CODE    A1ADH     0051H     UNIT         ?PR?READ_TIME_PER_1S?SYSTEM
            CODE    A1FEH     0051H     UNIT         ?PR?_COM_PARA_INIT?DATA_SAVE
            CODE    A24FH     0051H     UNIT         ?PR?_OV_PROTECT_INIT?DATA_SAVE
            CODE    A2A0H     0051H     UNIT         ?PR?_UV_PROTECT_INIT?DATA_SAVE
            CODE    A2F1H     0051H     UNIT         ?PR?_CONTROL_PARA_INIT?DATA_SAVE
            CODE    A342H     0051H     UNIT         ?PR?_CAP_PARA_INIT?DATA_SAVE
            CODE    A393H     0051H     UNIT         ?PR?_RATIO_PARA_INIT?DATA_SAVE
            CODE    A3E4H     0051H     UNIT         ?PR?_STAT_PARA_INIT?DATA_SAVE
            CODE    A435H     004FH     UNIT         ?PR?_GET_COM_PARA?DATA_SAVE
            CODE    A484H     004FH     UNIT         ?PR?_GET_OV_PROTECT_PARA?DATA_SAVE
            CODE    A4D3H     004FH     UNIT         ?PR?_GET_UV_PROTECT_PARA?DATA_SAVE
            CODE    A522H     004FH     UNIT         ?PR?_GET_CONTROL_PARA?DATA_SAVE
            CODE    A571H     004FH     UNIT         ?PR?_GET_RATIO_PARA?DATA_SAVE
            CODE    A5C0H     004FH     UNIT         ?PR?_GET_STAT_PARA?DATA_SAVE
            CODE    A60FH     004FH     UNIT         ?PR?_GET_PASS_PARA?DATA_SAVE
            CODE    A65EH     004FH     UNIT         ?PR?_GET_AUTOMANUAL_PARA?DATA_SAVE
            CODE    A6ADH     004FH     UNIT         ?PR?_GET_CONTRA_PARA?DATA_SAVE
            CODE    A6FCH     004EH     UNIT         ?PR?_TIMER_STOP?TIME
            CODE    A74AH     004EH     UNIT         ?PR?_TIMER_START?TIME
            CODE    A798H     004AH     UNIT         ?PR?_DELAY_US?DELAY
            CODE    A7E2H     0047H     UNIT         ?PR?_IS_LEAPYEAR?DATA_SAVE
            CODE    A829H     0046H     UNIT         ?PR?BSP_GETKEY?ADC_KEY
            CODE    A86FH     0044H     UNIT         ?C?LDIV
            CODE    A8B3H     0042H     UNIT         ?PR?SPI_INIT?SPI
            CODE    A8F5H     0041H     UNIT         ?PR?_FM31256_WDG_ENABLE?FM31256
            CODE    A936H     003FH     UNIT         ?PR?_UART0_SENDARRAY?UART
            CODE    A975H     003DH     UNIT         ?PR?TIMER3_ISR?TIME
            CODE    A9B2H     003BH     UNIT         ?PR?_UPDATE_LOG_INDEX?DATA_SAVE
            CODE    A9EDH     003BH     UNIT         ?PR?_UPDATE_EVENT_INDEX?DATA_SAVE
            CODE    AA28H     003BH     UNIT         ?PR?_DELAY_MS?DELAY
            CODE    AA63H     0038H     UNIT         ?PR?_REG24_TO_PREG?DATA_DEAL
            CODE    AA9BH     0038H     UNIT         ?PR?PORT_INIT?BSP
            CODE    AAD3H     0037H     UNIT         ?PR?GET_LOG_INDEX?DATA_SAVE
            CODE    AB0AH     0037H     UNIT         ?PR?GET_EVENT_INDEX?DATA_SAVE
            CODE    AB41H     0035H     UNIT         ?PR?_BSP_PUTKEY?ADC_KEY
            CODE    AB76H     0030H     UNIT         ?PR?_BSP_GETKEYSTATE?ADC_KEY
            CODE    ABA6H     002DH     UNIT         ?PR?_FM31256_WRITE_PROTECT?FM31256
            CODE    ABD3H     002BH     UNIT         ?PR?_I2C_WAITDONE?I2C
BL51 BANKED LINKER/LOCATER V6.22.2.0                                                  12/31/2025  08:48:02  PAGE 8


            CODE    ABFEH     002AH     UNIT         ?PR?TIMER3_INIT?TIME
            CODE    AC28H     0028H     UNIT         ?PR?I2C_STOP?I2C
            CODE    AC50H     0028H     UNIT         ?PR?BSP_KEYSCAN?ADC_KEY
            CODE    AC78H     0027H     UNIT         ?PR?TIMER2_INIT?TIME
            CODE    AC9FH     0027H     UNIT         ?PR?_UART0_SENDSTRING?UART
            CODE    ACC6H     0026H     UNIT         ?PR?I2C_INIT?I2C
            CODE    ACECH     0024H     UNIT         ?PR?GET_SYSTEMTIME?TIME
            CODE    AD10H     0023H     UNIT         ?PR?ADC0_INIT?BSP
            CODE    AD33H     0021H     UNIT         ?PR?TIMER0_INIT?TIME
            CODE    AD54H     001CH     UNIT         ?PR?BSP_INT?BSP
            CODE    AD70H     001CH     UNIT         ?PR?EXTERNALCLOCK_INIT?BSP
            CODE    AD8CH     0012H     UNIT         ?PR?_UART0_SENDBYTE?UART
            CODE    AD9EH     0012H     UNIT         ?PR?FM31256_WDG_DISABLE?FM31256
            CODE    ADB0H     0012H     UNIT         ?PR?FM31256_WDG_FEED?FM31256
            CODE    ADC2H     0011H     UNIT         ?PR?_WATCHDOG_ENABLE?BSP
            CODE    ADD3H     0010H     UNIT         ?PR?_WATCHDOG_CONFIG?BSP
            CODE    ADE3H     0010H     UNIT         ?PR?ISKEYDOWN1?ADC_KEY
            CODE    ADF3H     0010H     UNIT         ?PR?ISKEYDOWN2?ADC_KEY
            CODE    AE03H     0010H     UNIT         ?PR?ISKEYDOWN3?ADC_KEY
            CODE    AE13H     0010H     UNIT         ?PR?ISKEYDOWN4?ADC_KEY
            CODE    AE23H     0010H     UNIT         ?PR?ISKEYDOWN5?ADC_KEY
            CODE    AE33H     000FH     UNIT         ?PR?MAIN?MAIN
            CODE    AE42H     000EH     UNIT         ?PR?ISKEYDOWN0?ADC_KEY
            CODE    AE50H     000CH     UNIT         ?BANK?SELECT
            CODE    AE5CH     000BH     UNIT         ?PR?WATCHDOG_DISABLE?BSP
            CODE    AE67H     000BH     UNIT         ?PR?I2C_ISBUSY?I2C
            CODE    AE72H     000BH     UNIT         ?PR?BSP_CLEARKEY?ADC_KEY

            * * * * * * *   C O D E   B A N K   1   * * * * * * *
                    0000H     AE7DH                  *** GAP ***
            BANK1   AE7DH     1336H     UNIT         ?PR?_SYSTEM_SETTING?MENU
            BANK1   C1B3H     11B1H     UNIT         ?PR?_CONTROL_PARA_SET?MENU
            BANK1   D364H     08D8H     UNIT         ?PR?_CAP_PARA_SET?MENU
            BANK1   DC3CH     06E3H     UNIT         ?PR?_SYS_PARA_SET?MENU
            BANK1   E31FH     06DEH     UNIT         ?PR?_SYS_VOL_PROT_PARA_SET?MENU
            BANK1   E9FDH     0680H     UNIT         ?PR?_SYS_COM_PARA_SET?MENU
            BANK1   F07DH     0551H     UNIT         ?PR?_CAP_ADJUST?MENU
            BANK1   F5CEH     04B0H     UNIT         ?PR?_MAIN_MENU?MENU
            BANK1   FA7EH     046EH     UNIT         ?PR?_PARA_MENU?MENU
            BANK1   FEECH     010EH     UNIT         ?PR?_DISP_TWO_DIGIT?MENU
            BANK1   FFFAH     0006H     UNIT         ?PR?MENU_INIT?MENU

            * * * * * * *   C O D E   B A N K   3   * * * * * * *
                    0000H     AE7DH                  *** GAP ***
            BANK3   AE7DH     03E1H     UNIT         ?PR?_LCD_DISPLAYCHAR?LCD
            BANK3   B25EH     0263H     UNIT         ?PR?_LCD_DISPLAYFIXEDPOINT?LCD
            BANK3   B4C1H     01F0H     UNIT         ?PR?_LCD_DISPLAYNUM?LCD
            BANK3   B6B1H     01CFH     UNIT         ?PR?_LCD_DISPLAYSTRING?LCD
            BANK3   B880H     00FFH     UNIT         ?PR?_LCD_DISPLAYBPM?LCD
            BANK3   B97FH     00D3H     UNIT         ?PR?LCD_INIT?LCD
            BANK3   BA52H     00BCH     UNIT         ?PR?_LCD_DISPLAYLINE?LCD
            BANK3   BB0EH     0086H     UNIT         ?PR?_LCDSCAN?LCD
            BANK3   BB94H     0075H     UNIT         ?PR?_YXD12864_INDEX?LCD
            BANK3   BC09H     0019H     UNIT         ?PR?_LCD_WRITEDATA?LCD
            BANK3   BC22H     0019H     UNIT         ?PR?_LCD_WRITECMD?LCD
            BANK3   BC3BH     0013H     UNIT         ?PR?LCD_RESET?LCD
            BANK3   BC4EH     000EH     UNIT         ?PR?_LCD_SETPOSITION?LCD
BL51 BANKED LINKER/LOCATER V6.22.2.0                                                  12/31/2025  08:48:02  PAGE 9


            BANK3   BC5CH     0006H     UNIT         ?PR?LCD_CLEAR?LCD



OVERLAY MAP OF MODULE:   .\Objects\KZQ (MAIN)


SEGMENT
  +--> CALLED SEGMENT
---------------------
?PR?ADC0_ISR?SYSTEM
  +--> ?PR?UPDATEADCFILTER?SYSTEM

*** NEW ROOT ***************************************************

?C_C51STARTUP
  +--> ?PR?MAIN?MAIN
  +--> ?C_INITSEG

?PR?MAIN?MAIN
  +--> ?PR?SYSTEM_INT?SYSTEM
  +--> ?PR?READ_TIME_PER_1S?SYSTEM
  +--> ?PR?MENU_DISP?MENU
  +--> ?PR?FM31256_WDG_FEED?FM31256

?PR?SYSTEM_INT?SYSTEM
  +--> ?PR?BSP_INT?BSP
  +--> ?PR?LCD_INIT?LCD
  +--> ?PR?BSP_INITKEY?ADC_KEY
  +--> ?PR?SYS_PARAM_INIT?DATA_SAVE
  +--> ?PR?HT7036_INIT?HT7036
  +--> ?PR?MENU_INIT?MENU

?PR?BSP_INT?BSP
  +--> ?PR?EXTERNALCLOCK_INIT?BSP
  +--> ?PR?WATCHDOG_DISABLE?BSP
  +--> ?PR?SPI_INIT?SPI
  +--> ?PR?PORT_INIT?BSP
  +--> ?PR?ADC0_INIT?BSP
  +--> ?PR?I2C_INIT?I2C
  +--> ?PR?TIMER0_INIT?TIME
  +--> ?PR?TIMER2_INIT?TIME
  +--> ?PR?TIMER3_INIT?TIME

?PR?LCD_INIT?LCD
  +--> ?PR?LCD_RESET?LCD
  +--> ?PR?_LCD_WRITECMD?LCD
  +--> ?PR?_DELAY_MS?DELAY
  +--> ?PR?LCD_CLEAR?LCD

?PR?LCD_RESET?LCD
  +--> ?PR?_DELAY_MS?DELAY

?PR?_DELAY_MS?DELAY
  +--> ?PR?_DELAY_US?DELAY

?PR?LCD_CLEAR?LCD
BL51 BANKED LINKER/LOCATER V6.22.2.0                                                  12/31/2025  08:48:02  PAGE 10


  +--> ?PR?_LCDSCAN?LCD

?PR?_LCDSCAN?LCD
  +--> ?PR?_LCD_WRITECMD?LCD
  +--> ?PR?_LCD_WRITEDATA?LCD

?PR?BSP_INITKEY?ADC_KEY
  +--> ?PR?BSP_INITKEYVAR?ADC_KEY

?PR?BSP_INITKEYVAR?ADC_KEY
  +--> ?PR?ISKEYDOWN0?ADC_KEY
  +--> ?PR?ISKEYDOWN1?ADC_KEY
  +--> ?PR?ISKEYDOWN2?ADC_KEY
  +--> ?PR?ISKEYDOWN3?ADC_KEY
  +--> ?PR?ISKEYDOWN4?ADC_KEY
  +--> ?PR?ISKEYDOWN5?ADC_KEY

?PR?ISKEYDOWN0?ADC_KEY
  +--> ?PR?GETADCDETECTEDKEY?ADC_KEY

?PR?ISKEYDOWN1?ADC_KEY
  +--> ?PR?GETADCDETECTEDKEY?ADC_KEY

?PR?ISKEYDOWN2?ADC_KEY
  +--> ?PR?GETADCDETECTEDKEY?ADC_KEY

?PR?ISKEYDOWN3?ADC_KEY
  +--> ?PR?GETADCDETECTEDKEY?ADC_KEY

?PR?ISKEYDOWN4?ADC_KEY
  +--> ?PR?GETADCDETECTEDKEY?ADC_KEY

?PR?ISKEYDOWN5?ADC_KEY
  +--> ?PR?GETADCDETECTEDKEY?ADC_KEY

?PR?SYS_PARAM_INIT?DATA_SAVE
  +--> ?CO?DATA_SAVE
  +--> ?PR?_FM31256_REG_READ?FM31256
  +--> ?PR?_FM31256_READ_VERSION?FM31256
  +--> ?PR?_FM31256_FRAM_READ?FM31256
  +--> ?PR?_GET_COM_PARA?DATA_SAVE
  +--> ?PR?_GET_OV_PROTECT_PARA?DATA_SAVE
  +--> ?PR?_GET_UV_PROTECT_PARA?DATA_SAVE
  +--> ?PR?_GET_CONTROL_PARA?DATA_SAVE
  +--> ?PR?_GET_CAP_PARA_CH?DATA_SAVE
  +--> ?PR?_GET_RATIO_PARA?DATA_SAVE
  +--> ?PR?_GET_PASS_PARA?DATA_SAVE
  +--> ?PR?_GET_AUTOMANUAL_PARA?DATA_SAVE
  +--> ?PR?_GET_CONTRA_PARA?DATA_SAVE
  +--> ?PR?_CRC8_CALC?DATA_SAVE
  +--> ?PR?_FM31256_REG_WRITE?FM31256
  +--> ?PR?_FM31256_WRITE_VERSION?FM31256

?PR?_FM31256_REG_READ?FM31256
  +--> ?PR?I2C_START?I2C
  +--> ?PR?_I2C_SENDADDR?I2C
  +--> ?PR?I2C_STOP?I2C
BL51 BANKED LINKER/LOCATER V6.22.2.0                                                  12/31/2025  08:48:02  PAGE 11


  +--> ?PR?_I2C_SENDDATA?I2C
  +--> ?PR?I2C_REPEATSTART?I2C
  +--> ?PR?_I2C_RECVDATA?I2C

?PR?I2C_START?I2C
  +--> ?PR?I2C_ISBUSY?I2C
  +--> ?PR?_I2C_WAITDONE?I2C
  +--> ?PR?I2C_STOP?I2C

?PR?_I2C_SENDADDR?I2C
  +--> ?PR?I2C_STOP?I2C
  +--> ?PR?_I2C_WAITDONE?I2C

?PR?_I2C_SENDDATA?I2C
  +--> ?PR?I2C_STOP?I2C
  +--> ?PR?_I2C_WAITDONE?I2C

?PR?I2C_REPEATSTART?I2C
  +--> ?PR?_I2C_WAITDONE?I2C
  +--> ?PR?I2C_STOP?I2C

?PR?_I2C_RECVDATA?I2C
  +--> ?PR?_I2C_WAITDONE?I2C
  +--> ?PR?I2C_STOP?I2C

?PR?_FM31256_READ_VERSION?FM31256
  +--> ?PR?_FM31256_REG_READ?FM31256

?PR?_FM31256_FRAM_READ?FM31256
  +--> ?PR?I2C_START?I2C
  +--> ?PR?_I2C_SENDADDR?I2C
  +--> ?PR?I2C_STOP?I2C
  +--> ?PR?_I2C_SENDDATA?I2C
  +--> ?PR?I2C_REPEATSTART?I2C
  +--> ?PR?_I2C_RECVDATA?I2C

?PR?_GET_COM_PARA?DATA_SAVE
  +--> ?PR?_COM_PARA_INIT?DATA_SAVE
  +--> ?PR?_READ_PARAM_WITH_BACKUP?DATA_SAVE

?PR?_COM_PARA_INIT?DATA_SAVE
  +--> ?CO?DATA_SAVE

?PR?_READ_PARAM_WITH_BACKUP?DATA_SAVE
  +--> ?PR?_FM31256_FRAM_READ?FM31256
  +--> ?PR?_CRC8_CALC?DATA_SAVE
  +--> ?PR?_FM31256_FRAM_WRITE?FM31256

?PR?_FM31256_FRAM_WRITE?FM31256
  +--> ?PR?I2C_START?I2C
  +--> ?PR?_I2C_SENDADDR?I2C
  +--> ?PR?I2C_STOP?I2C
  +--> ?PR?_I2C_SENDDATA?I2C

?PR?_GET_OV_PROTECT_PARA?DATA_SAVE
  +--> ?PR?_OV_PROTECT_INIT?DATA_SAVE
  +--> ?PR?_READ_PARAM_WITH_BACKUP?DATA_SAVE
BL51 BANKED LINKER/LOCATER V6.22.2.0                                                  12/31/2025  08:48:02  PAGE 12



?PR?_OV_PROTECT_INIT?DATA_SAVE
  +--> ?CO?DATA_SAVE

?PR?_GET_UV_PROTECT_PARA?DATA_SAVE
  +--> ?PR?_UV_PROTECT_INIT?DATA_SAVE
  +--> ?PR?_READ_PARAM_WITH_BACKUP?DATA_SAVE

?PR?_UV_PROTECT_INIT?DATA_SAVE
  +--> ?CO?DATA_SAVE

?PR?_GET_CONTROL_PARA?DATA_SAVE
  +--> ?PR?_CONTROL_PARA_INIT?DATA_SAVE
  +--> ?PR?_READ_PARAM_WITH_BACKUP?DATA_SAVE

?PR?_CONTROL_PARA_INIT?DATA_SAVE
  +--> ?CO?DATA_SAVE

?PR?_GET_CAP_PARA_CH?DATA_SAVE
  +--> ?PR?_CAP_PARA_INIT?DATA_SAVE
  +--> ?PR?_READ_PARAM_WITH_BACKUP?DATA_SAVE

?PR?_CAP_PARA_INIT?DATA_SAVE
  +--> ?CO?DATA_SAVE

?PR?_GET_RATIO_PARA?DATA_SAVE
  +--> ?PR?_RATIO_PARA_INIT?DATA_SAVE
  +--> ?PR?_READ_PARAM_WITH_BACKUP?DATA_SAVE

?PR?_RATIO_PARA_INIT?DATA_SAVE
  +--> ?CO?DATA_SAVE

?PR?_GET_PASS_PARA?DATA_SAVE
  +--> ?PR?_STAT_PARA_INIT?DATA_SAVE
  +--> ?PR?_READ_PARAM_WITH_BACKUP?DATA_SAVE

?PR?_STAT_PARA_INIT?DATA_SAVE
  +--> ?CO?DATA_SAVE

?PR?_GET_AUTOMANUAL_PARA?DATA_SAVE
  +--> ?PR?_STAT_PARA_INIT?DATA_SAVE
  +--> ?PR?_READ_PARAM_WITH_BACKUP?DATA_SAVE

?PR?_GET_CONTRA_PARA?DATA_SAVE
  +--> ?PR?_STAT_PARA_INIT?DATA_SAVE
  +--> ?PR?_READ_PARAM_WITH_BACKUP?DATA_SAVE

?PR?_FM31256_REG_WRITE?FM31256
  +--> ?PR?I2C_START?I2C
  +--> ?PR?_I2C_SENDADDR?I2C
  +--> ?PR?I2C_STOP?I2C
  +--> ?PR?_I2C_SENDDATA?I2C

?PR?_FM31256_WRITE_VERSION?FM31256
  +--> ?PR?_FM31256_REG_WRITE?FM31256

?PR?HT7036_INIT?HT7036
BL51 BANKED LINKER/LOCATER V6.22.2.0                                                  12/31/2025  08:48:02  PAGE 13


  +--> ?PR?HT_7036_REST?HT7036
  +--> ?PR?_HT7036_CONFIG?HT7036

?PR?HT_7036_REST?HT7036
  +--> ?PR?_DELAY_MS?DELAY

?PR?_HT7036_CONFIG?HT7036
  +--> ?PR?_FM31256_WRITE_PROTECT?FM31256
  +--> ?PR?_FM31256_READ_CALIB?DATA_SAVE
  +--> ?PR?_HT7036_SPI_WRITE_CHECK?HT7036
  +--> ?PR?_HT7036_SPI_WRITE?HT7036
  +--> ?PR?_HT7036_SPI_READ_CHECK?HT7036

?PR?_FM31256_WRITE_PROTECT?FM31256
  +--> ?PR?_FM31256_REG_WRITE?FM31256

?PR?_FM31256_READ_CALIB?DATA_SAVE
  +--> ?CO?DATA_SAVE
  +--> ?PR?_FM31256_FRAM_READ?FM31256
  +--> ?PR?_CRC8_CALC?DATA_SAVE

?PR?_HT7036_SPI_WRITE_CHECK?HT7036
  +--> ?PR?_HT7036_SPI_WRITE?HT7036
  +--> ?PR?_HT7036_COMCHECK?HT7036
  +--> ?PR?_HT7036_READ_BCKREG?HT7036

?PR?_HT7036_SPI_WRITE?HT7036
  +--> ?PR?_SPI_TRANSCEIVE_BYTE?SPI

?PR?_HT7036_COMCHECK?HT7036
  +--> ?PR?_HT7036_SPI_READ?HT7036

?PR?_HT7036_SPI_READ?HT7036
  +--> ?PR?_SPI_TRANSCEIVE_BYTE?SPI

?PR?_HT7036_READ_BCKREG?HT7036
  +--> ?PR?_HT7036_SPI_READ?HT7036

?PR?_HT7036_SPI_READ_CHECK?HT7036
  +--> ?PR?_HT7036_SPI_READ?HT7036
  +--> ?PR?_HT7036_COMCHECK?HT7036
  +--> ?PR?_HT7036_READ_BCKREG?HT7036

?PR?READ_TIME_PER_1S?SYSTEM
  +--> ?PR?GET_SYSTEMTIME?TIME
  +--> ?PR?_FM31256_RTC_READ_DATE?FM31256
  +--> ?PR?_FM31256_RTC_READ_TIME?FM31256

?PR?_FM31256_RTC_READ_DATE?FM31256
  +--> ?PR?_FM31256_REG_WRITE?FM31256
  +--> ?PR?_FM31256_REG_READ?FM31256

?PR?_FM31256_RTC_READ_TIME?FM31256
  +--> ?PR?_FM31256_REG_WRITE?FM31256
  +--> ?PR?_FM31256_REG_READ?FM31256

?PR?MENU_DISP?MENU
BL51 BANKED LINKER/LOCATER V6.22.2.0                                                  12/31/2025  08:48:02  PAGE 14


  +--> ?PR?BSP_GETKEY?ADC_KEY
  +--> ?PR?_METER_DISP?MENU
  +--> ?PR?_MAIN_MENU?MENU
  +--> ?PR?_SYSTEM_SETTING?MENU
  +--> ?PR?_PARA_MENU?MENU
  +--> ?PR?_CAP_ADJUST?MENU
  +--> ?PR?_SAMPLING_ADIUST?MENU
  +--> ?PR?_EVENT_LOG?MENU
  +--> ?PR?_DATA_STAT?MENU
  +--> ?PR?_SYS_PARA_SET?MENU
  +--> ?PR?_CAP_PARA_SET?MENU
  +--> ?PR?_CONTROL_PARA_SET?MENU
  +--> ?PR?_PROTECT_MENU?MENU
  +--> ?PR?_SYS_COM_PARA_SET?MENU
  +--> ?PR?_SYS_VOL_PROT_PARA_SET?MENU
  +--> ?PR?LOW_DISP?MENU

?PR?_METER_DISP?MENU
  +--> ?PR?_METER_DATA?DATA_DEAL
  +--> ?PR?_DATA_DISP?DATA_DEAL
  +--> ?PR?_LCD_DISPLAYSTRING?LCD
  +--> ?PR?_CAP_DISP?MENU
  +--> ?PR?LCD_CLEAR?LCD

?PR?_METER_DATA?DATA_DEAL
  +--> ?PR?_REG24_TO_PREG?DATA_DEAL

?PR?_LCD_DISPLAYSTRING?LCD
  +--> ?PR?_LCD_DISPLAYCHAR?LCD

?PR?_LCD_DISPLAYCHAR?LCD
  +--> ?CO?LCD
  +--> ?PR?_LCD_WRITECMD?LCD
  +--> ?PR?_LCD_WRITEDATA?LCD

?PR?_CAP_DISP?MENU
  +--> ?CO?LCD
  +--> ?PR?_LCD_DISPLAYBPM?LCD
  +--> ?CO?MENU
  +--> ?PR?_LCD_DISPLAYSTRING?LCD
  +--> ?PR?_LCD_DISPLAYLINE?LCD

?PR?_LCD_DISPLAYBPM?LCD
  +--> ?PR?_LCD_WRITECMD?LCD
  +--> ?PR?_LCD_WRITEDATA?LCD

?PR?_LCD_DISPLAYLINE?LCD
  +--> ?PR?_LCD_WRITECMD?LCD
  +--> ?PR?_LCD_WRITEDATA?LCD

?PR?_MAIN_MENU?MENU
  +--> ?CO?MENU
  +--> ?PR?LCD_CLEAR?LCD
  +--> ?PR?_LCD_DISPLAYSTRING?LCD

?PR?_SYSTEM_SETTING?MENU
  +--> ?PR?_ADJUST_DIGIT_U8?MENU
BL51 BANKED LINKER/LOCATER V6.22.2.0                                                  12/31/2025  08:48:02  PAGE 15


  +--> ?PR?_ADJUST_DIGIT_U16?MENU
  +--> ?CO?MENU
  +--> ?PR?_LCD_DISPLAYSTRING?LCD
  +--> ?PR?_LCD_DISPLAYNUM?LCD

?PR?_ADJUST_DIGIT_U8?MENU
  +--> ?PR?_POW10?MENU

?PR?_ADJUST_DIGIT_U16?MENU
  +--> ?PR?_POW10?MENU

?PR?_LCD_DISPLAYNUM?LCD
  +--> ?CO?LCD
  +--> ?PR?_LCD_DISPLAYCHAR?LCD
  +--> ?PR?_LCD_DISPLAYSTRING?LCD

?PR?_PARA_MENU?MENU
  +--> ?CO?MENU
  +--> ?PR?LCD_CLEAR?LCD
  +--> ?PR?_LCD_DISPLAYSTRING?LCD

?PR?_CAP_ADJUST?MENU
  +--> ?PR?LCD_CLEAR?LCD
  +--> ?CO?MENU
  +--> ?PR?_LCD_DISPLAYSTRING?LCD
  +--> ?PR?_CAP_DISP?MENU

?PR?_SYS_PARA_SET?MENU
  +--> ?PR?_ADJUST_DIGIT_U16?MENU
  +--> ?CO?MENU
  +--> ?PR?_LCD_DISPLAYSTRING?LCD
  +--> ?PR?_LCD_DISPLAYNUM?LCD

?PR?_CAP_PARA_SET?MENU
  +--> ?PR?_ADJUST_DIGIT_U16?MENU
  +--> ?CO?MENU
  +--> ?PR?_LCD_DISPLAYSTRING?LCD
  +--> ?PR?_LCD_DISPLAYNUM?LCD

?PR?_CONTROL_PARA_SET?MENU
  +--> ?PR?_FIND_Z_INDEX_BY_I?MENU
  +--> ?PR?_FIND_COL_ROW_BY_I?MENU
  +--> ?PR?_ADJUST_DIGIT_U16?MENU
  +--> ?PR?_ADJUST_DIGIT_U8?MENU
  +--> ?CO?MENU
  +--> ?PR?_LCD_DISPLAYSTRING?LCD
  +--> ?PR?_LCD_DISPLAYFIXEDPOINT?LCD
  +--> ?PR?_LCD_DISPLAYNUM?LCD
  +--> ?PR?_LCD_DISPLAYCHAR?LCD

?PR?_LCD_DISPLAYFIXEDPOINT?LCD
  +--> ?PR?_LCD_DISPLAYNUM?LCD
  +--> ?CO?LCD
  +--> ?PR?_LCD_DISPLAYCHAR?LCD

?PR?_PROTECT_MENU?MENU
  +--> ?CO?MENU
BL51 BANKED LINKER/LOCATER V6.22.2.0                                                  12/31/2025  08:48:02  PAGE 16


  +--> ?PR?_LCD_DISPLAYSTRING?LCD

?PR?_SYS_COM_PARA_SET?MENU
  +--> ?PR?_ADJUST_HEX_DIGIT?MENU
  +--> ?CO?MENU
  +--> ?PR?_LCD_DISPLAYSTRING?LCD
  +--> ?PR?_LCD_DISPLAYCHAR?LCD
  +--> ?PR?_LCD_DISPLAYNUM?LCD

?PR?_SYS_VOL_PROT_PARA_SET?MENU
  +--> ?PR?_GET_VOL_PROT_PARAMS?MENU
  +--> ?PR?_ADJUST_DIGIT_U16?MENU
  +--> ?CO?MENU
  +--> ?PR?_LCD_DISPLAYSTRING?LCD
  +--> ?PR?_LCD_DISPLAYCHAR?LCD
  +--> ?PR?_LCD_DISPLAYFIXEDPOINT?LCD
  +--> ?PR?_SET_VOL_PROT_PARAMS?MENU

?PR?LOW_DISP?MENU
  +--> ?PR?_LCD_DISPLAYLINE?LCD
  +--> ?CO?MENU
  +--> ?PR?_LCD_DISPLAYSTRING?LCD
  +--> ?PR?TIME_DISP?MENU

?PR?TIME_DISP?MENU
  +--> ?PR?_DISP_TWO_DIGIT?MENU
  +--> ?CO?MENU
  +--> ?PR?_LCD_DISPLAYCHAR?LCD

?PR?_DISP_TWO_DIGIT?MENU
  +--> ?CO?MENU
  +--> ?PR?_LCD_DISPLAYSTRING?LCD

?PR?FM31256_WDG_FEED?FM31256
  +--> ?PR?_FM31256_REG_WRITE?FM31256

*** NEW ROOT ***************************************************

?PR?TIMER3_ISR?TIME
  +--> ?PR?BSP_KEYSCAN?ADC_KEY

?PR?BSP_KEYSCAN?ADC_KEY
  +--> ?PR?_BSP_DETECTKEY?ADC_KEY

?PR?_BSP_DETECTKEY?ADC_KEY
  +--> ?PR?_BSP_PUTKEY?ADC_KEY

*** NEW ROOT ***************************************************

?PR?UART0_ISR?UART
  +--> ?PR?MODBUS_STOPTIMEOUT?MODBUS
  +--> ?PR?MODBUS_STARTTIMEOUT?MODBUS



INTERBANK CALL TABLE OF MODULE:  .\Objects\KZQ (MAIN)

BL51 BANKED LINKER/LOCATER V6.22.2.0                                                  12/31/2025  08:48:02  PAGE 17


ADDRESS    FUNCTION NAME
------------------------
 9944H     MENU_DISP
 9949H     LCD_INIT
 994EH     MENU_INIT
 9953H     _LCD_DISPLAYBPM
 9958H     _LCD_DISPLAYSTRING
 995DH     _LCD_DISPLAYLINE
 9962H     _LCD_DISPLAYCHAR
 9967H     LCD_CLEAR
 996CH     _LCD_DISPLAYNUM
 9971H     _LCD_DISPLAYFIXEDPOINT
 9976H     MODBUS_STOPTIMEOUT
 997BH     MODBUS_STARTTIMEOUT



IGNORED SEGMENTS:
   ?PR?MENU_DISP?MENU
   ?PR?_POW10?MENU
   ?PR?_ADJUST_DIGIT_U8?MENU
   ?PR?_ADJUST_DIGIT_U16?MENU
   ?PR?_ADJUST_HEX_DIGIT?MENU
   ?PR?CAP_NUM?MENU
   ?PR?_CAP_DISP?MENU
   ?PR?TIME_DISP?MENU
   ?PR?_METER_DISP?MENU
   ?PR?LOW_DISP?MENU
   ?PR?_SAMPLING_ADIUST?MENU
   ?PR?_EVENT_LOG?MENU
   ?PR?_DATA_STAT?MENU
   ?PR?_FIND_COL_ROW_BY_I?MENU
   ?PR?_FIND_Z_INDEX_BY_I?MENU
   ?PR?_PROTECT_MENU?MENU
   ?PR?_GET_VOL_PROT_PARAMS?MENU
   ?PR?_SET_VOL_PROT_PARAMS?MENU
   ?PR?_MODBUS_CRC16?MODBUS
   ?PR?MODBUS_CHECKTIMEOUT?MODBUS
   ?PR?MODBUS_STARTTIMEOUT?MODBUS
   ?PR?MODBUS_STOPTIMEOUT?MODBUS
   ?PR?MODBUS_PROCESSREQUEST?MODBUS
   ?PR?MODBUS_HANDLEREADDISCRETEINPUTS?MODBUS
   ?PR?MODBUS_HANDLEREADHOLDINGREGISTERS?MODBUS
   ?PR?MODBUS_HANDLEREADINPUTREGISTERS?MODBUS
   ?PR?_MODBUS_SENDERROR?MODBUS



IGNORED SYMBOLS:
   CAP_NUM
   LOW_DISP
   MENU_DISP
   MODBUS_CHECKTIMEOUT
   MODBUS_HANDLEREADDISCRETEINPUTS
   MODBUS_HANDLEREADHOLDINGREGISTERS
   MODBUS_HANDLEREADINPUTREGISTERS
   MODBUS_PROCESSREQUEST
BL51 BANKED LINKER/LOCATER V6.22.2.0                                                  12/31/2025  08:48:02  PAGE 18


   MODBUS_STARTTIMEOUT
   MODBUS_STOPTIMEOUT
   TIME_DISP
   _ADJUST_DIGIT_U16
   _ADJUST_DIGIT_U8
   _CAP_DISP
   _DATA_STAT
   _EVENT_LOG
   _METER_DISP
   _MODBUS_CRC16
   _MODBUS_SENDERROR
   _PROTECT_MENU
   _SAMPLING_ADIUST



SYMBOL TABLE OF MODULE:  .\Objects\KZQ (MAIN)

  VALUE           TYPE          NAME
  ----------------------------------

  -------         MODULE        MAIN
  C:0000H         SYMBOL        _ICE_DUMMY_
  D:0080H         PUBLIC        P0
  D:0090H         PUBLIC        P1
  D:00B0H         PUBLIC        P3
  D:00C8H         PUBLIC        P4
  D:00C0H         PUBLIC        SMB0CN
  C:AE33H         PUBLIC        main
  D:00C8H         PUBLIC        TMR2CN
  -------         PROC          MAIN
  C:AE33H         LINE#         8
  C:AE33H         LINE#         10
  C:AE36H         LINE#         11
  C:AE36H         LINE#         15
  C:AE39H         LINE#         16
  C:AE3CH         LINE#         18
  C:AE3FH         LINE#         20
  -------         ENDPROC       MAIN
  -------         ENDMOD        MAIN

  -------         MODULE        SYSTEM
  C:0000H         SYMBOL        _ICE_DUMMY_
  D:0080H         PUBLIC        P0
  D:0090H         PUBLIC        P1
  D:00B0H         PUBLIC        P3
  D:00C8H         PUBLIC        P4
  B:00A8H.7       PUBLIC        EA
  X:0776H         PUBLIC        g_com
  X:077AH         PUBLIC        g_language
  X:077BH         PUBLIC        g_adc_raw_values
  B:0090H.6       PUBLIC        BEEP
  B:00E8H.5       PUBLIC        AD0INT
  D:00C0H         PUBLIC        SMB0CN
  X:0781H         PUBLIC        g_sys_pt_ct
  X:0788H         PUBLIC        g_protect_password
  X:078EH         PUBLIC        system_date
BL51 BANKED LINKER/LOCATER V6.22.2.0                                                  12/31/2025  08:48:02  PAGE 19


  D:00C8H         PUBLIC        TMR2CN
  X:0791H         PUBLIC        system_time
  D:00BFH         PUBLIC        ADC0H
  X:0794H         PUBLIC        g_alarm_minutes
  D:00BEH         PUBLIC        ADC0L
  C:9430H         PUBLIC        ADC0_ISR
  X:0795H         PUBLIC        BSP_STATE
  X:0799H         PUBLIC        g_lcd_contrast
  X:079AH         PUBLIC        g_control_para
  C:002EH         PUBLIC        system_int
  B:0020H.0       PUBLIC        g_adc_update
  C:8C5DH         PUBLIC        UpdateAdcFilter
  X:07AAH         PUBLIC        g_vol_h
  X:07AFH         PUBLIC        g_vol_l
  X:07B4H         PUBLIC        g_adjust_cap
  X:07B5H         PUBLIC        g_cap_on_num
  X:07B6H         PUBLIC        g_adc_value
  X:07B8H         PUBLIC        g_cap
  C:A1ADH         PUBLIC        Read_Time_Per_1s
  -------         PROC          SYSTEM_INT
  -------         DO            
  X:0C62H         SYMBOL        state
  -------         ENDDO         
  C:002EH         LINE#         39
  C:002EH         LINE#         40
  C:002EH         LINE#         41
  C:0033H         LINE#         42
  C:0036H         LINE#         43
  C:0039H         LINE#         44
  C:003CH         LINE#         45
  C:0044H         LINE#         46
  C:005DH         LINE#         47
  C:005DH         LINE#         48
  C:005FH         LINE#         49
  C:0063H         LINE#         50
  C:0067H         LINE#         51
  C:0069H         LINE#         53
  C:0069H         LINE#         55
  C:006CH         LINE#         56
  C:006FH         LINE#         57
  C:0071H         LINE#         58
  -------         ENDPROC       SYSTEM_INT
  -------         PROC          READ_TIME_PER_1S
  -------         DO            
  X:0771H         SYMBOL        last_read_time
  X:0AFEH         SYMBOL        current_time
  X:0B02H         SYMBOL        time_diff
  -------         ENDDO         
  C:A1ADH         LINE#         62
  C:A1ADH         LINE#         64
  C:A1B6H         LINE#         65
  C:A1CBH         LINE#         68
  C:A1DFH         LINE#         70
  C:A1E8H         LINE#         71
  C:A1F1H         LINE#         72
  C:A1FDH         LINE#         73
  C:A1FDH         LINE#         74
BL51 BANKED LINKER/LOCATER V6.22.2.0                                                  12/31/2025  08:48:02  PAGE 20


  -------         ENDPROC       READ_TIME_PER_1S
  -------         PROC          UPDATEADCFILTER
  -------         DO            
  X:0C4CH         SYMBOL        temp
  -------         ENDDO         
  C:8C5DH         LINE#         79
  C:8C5DH         LINE#         83
  C:8C74H         LINE#         84
  C:8C84H         LINE#         85
  C:8C94H         LINE#         86
  C:8CA4H         LINE#         87
  C:8CA4H         LINE#         88
  C:8CBBH         LINE#         89
  C:8CCBH         LINE#         90
  C:8CDBH         LINE#         91
  C:8CEBH         LINE#         92
  C:8CEBH         LINE#         93
  C:8D02H         LINE#         94
  C:8D12H         LINE#         95
  C:8D22H         LINE#         96
  C:8D32H         LINE#         97
  C:8D32H         LINE#         99
  C:8D42H         LINE#         100
  -------         ENDPROC       UPDATEADCFILTER
  -------         PROC          ADC0_ISR
  -------         DO            
  X:0775H         SYMBOL        index
  X:0C4EH         SYMBOL        val
  -------         ENDDO         
  C:9430H         LINE#         101
  C:9443H         LINE#         105
  C:9446H         LINE#         106
  C:9452H         LINE#         107
  C:9466H         LINE#         108
  C:9480H         LINE#         110
  C:949EH         LINE#         111
  C:94A4H         LINE#         112
  C:94B6H         LINE#         113
  C:94B6H         LINE#         114
  C:94B9H         LINE#         115
  C:94BBH         LINE#         116
  C:94C0H         LINE#         117
  C:94C0H         LINE#         118
  C:94C2H         LINE#         119
  C:94C2H         LINE#         120
  -------         ENDPROC       ADC0_ISR
  -------         ENDMOD        SYSTEM

  -------         MODULE        MENU
  C:0000H         SYMBOL        _ICE_DUMMY_
 C1:F5CEH         PUBLIC        _Main_Menu
 C1:0000H         SYMBOL        _find_z_index_by_i
  D:0080H         PUBLIC        P0
  D:0090H         PUBLIC        P1
  D:00B0H         PUBLIC        P3
 C1:0000H         SYMBOL        _find_col_row_by_i
  D:00C8H         PUBLIC        P4
BL51 BANKED LINKER/LOCATER V6.22.2.0                                                  12/31/2025  08:48:02  PAGE 21


 C1:0000H         SYMBOL        _get_vol_prot_params
  X:06DFH         PUBLIC        cur_row
 C1:0000H         PUBLIC        _Event_Log
 C1:D364H         PUBLIC        _Cap_Para_Set
 C1:0000H         PUBLIC        _Sampling_Adiust
 C1:0000H         SYMBOL        _set_vol_prot_params
 C1:0000H         PUBLIC        _adjust_digit_u8
  D:00C0H         PUBLIC        SMB0CN
 C1:0000H         PUBLIC        Low_Disp
 C1:0000H         SYMBOL        _adjust_hex_digit
 C1:DC3CH         PUBLIC        _Sys_Para_Set
 C1:E9FDH         PUBLIC        _Sys_Com_Para_Set
  D:00C8H         PUBLIC        TMR2CN
 C1:0000H         SYMBOL        _pow10
  C:6220H         PUBLIC        g_vol_prot_titles
  X:06E0H         PUBLIC        menu_state
 C1:0000H         PUBLIC        _adjust_digit_u16
  C:60C0H         SYMBOL        _?ix1000
 C1:0000H         PUBLIC        time_disp
  C:60C2H         SYMBOL        _?ix1001
  C:60C4H         SYMBOL        _?ix1002
  C:60F4H         SYMBOL        _?ix1003
 C1:0000H         PUBLIC        _cap_disp
 C1:0000H         PUBLIC        menu_disp
 C1:AE7DH         PUBLIC        _System_Setting
 C1:FFFAH         PUBLIC        menu_init
 C1:E31FH         PUBLIC        _Sys_Vol_Prot_Para_Set
  X:06E2H         PUBLIC        menu_map
 C1:C1B3H         PUBLIC        _Control_Para_Set
 C1:0000H         PUBLIC        _Protect_Menu
 C1:FEECH         PUBLIC        _disp_two_digit
 C1:F07DH         PUBLIC        _Cap_Adjust
 C1:0000H         PUBLIC        cap_num
  X:06EEH         PUBLIC        cur_col
 C1:0000H         PUBLIC        _Meter_Disp
  X:06EFH         PUBLIC        z_order
 C1:0000H         PUBLIC        _Data_Stat
 C1:FA7EH         PUBLIC        _Para_Menu

  -------         PROC BANK=1   MENU_INIT
 C1:FFFAH         LINE#         32
 C1:FFFAH         LINE#         33
 C1:FFFAH         LINE#         35
 C1:FFFFH         LINE#         36
  -------         ENDPROC       MENU_INIT

  -------         PROC BANK=1   MENU_DISP
  -------         DO            
  X:0C63H         SYMBOL        key_val
  -------         ENDDO         
 C1:0000H         LINE#         39
 C1:0000H         LINE#         40
 C1:0000H         LINE#         43
 C1:0008H         LINE#         45
 C1:0042H         LINE#         46
 C1:0042H         LINE#         47
 C1:0042H         LINE#         48
BL51 BANKED LINKER/LOCATER V6.22.2.0                                                  12/31/2025  08:48:02  PAGE 22


 C1:004AH         LINE#         49
 C1:004DH         LINE#         50
 C1:004DH         LINE#         51
 C1:0055H         LINE#         52
 C1:0058H         LINE#         53
 C1:0058H         LINE#         54
 C1:0060H         LINE#         55
 C1:0062H         LINE#         56
 C1:0062H         LINE#         57
 C1:006AH         LINE#         58
 C1:006CH         LINE#         59
 C1:006CH         LINE#         60
 C1:0074H         LINE#         61
 C1:0076H         LINE#         62
 C1:0076H         LINE#         63
 C1:007EH         LINE#         64
 C1:0080H         LINE#         65
 C1:0080H         LINE#         66
 C1:0088H         LINE#         67
 C1:008AH         LINE#         68
 C1:008AH         LINE#         69
 C1:0092H         LINE#         70
 C1:0094H         LINE#         71
 C1:0094H         LINE#         72
 C1:009CH         LINE#         73
 C1:009EH         LINE#         74
 C1:009EH         LINE#         75
 C1:00A6H         LINE#         76
 C1:00A8H         LINE#         77
 C1:00A8H         LINE#         78
 C1:00B0H         LINE#         79
 C1:00B2H         LINE#         80
 C1:00B2H         LINE#         81
 C1:00BAH         LINE#         82
 C1:00BCH         LINE#         83
 C1:00BCH         LINE#         84
 C1:00C4H         LINE#         85
 C1:00C6H         LINE#         87
 C1:00C6H         LINE#         88
 C1:00D0H         LINE#         89
 C1:00D2H         LINE#         90
 C1:00D2H         LINE#         91
 C1:00DCH         LINE#         92
 C1:00DCH         LINE#         93
 C1:00DCH         LINE#         94
 C1:00DFH         LINE#         95
  -------         ENDPROC       MENU_DISP

  -------         PROC BANK=1   _POW10
  X:0C50H         SYMBOL        n
  -------         DO            
  X:0678H         SYMBOL        p10
  -------         ENDDO         
 C1:0000H         LINE#         100
 C1:0008H         LINE#         101
 C1:0008H         LINE#         103
 C1:004FH         LINE#         104
BL51 BANKED LINKER/LOCATER V6.22.2.0                                                  12/31/2025  08:48:02  PAGE 23


  -------         ENDPROC       _POW10

  -------         PROC BANK=1   _ADJUST_DIGIT_U8
  X:091BH         SYMBOL        value_ptr
  X:091EH         SYMBOL        edit_col
  X:091FH         SYMBOL        delta
  X:0921H         SYMBOL        total_digits
  -------         DO            
  X:0922H         SYMBOL        pos_from_right
  X:0924H         SYMBOL        base
  X:0928H         SYMBOL        old_val
  X:0929H         SYMBOL        digit
  X:092DH         SYMBOL        new_val
  -------         ENDDO         
 C1:0000H         LINE#         107
 C1:000BH         LINE#         108
 C1:000BH         LINE#         118
 C1:003DH         LINE#         119
 C1:003EH         LINE#         121
 C1:003EH         LINE#         123
 C1:0059H         LINE#         124
 C1:0070H         LINE#         125
 C1:0087H         LINE#         126
 C1:0087H         LINE#         128
 C1:0087H         LINE#         130
 C1:0096H         LINE#         131
 C1:00C1H         LINE#         132
 C1:0101H         LINE#         135
 C1:0173H         LINE#         136
 C1:0183H         LINE#         137
  -------         ENDPROC       _ADJUST_DIGIT_U8

  -------         PROC BANK=1   _ADJUST_DIGIT_U16
  X:08EDH         SYMBOL        value_ptr
  X:08F0H         SYMBOL        edit_col
  X:08F1H         SYMBOL        delta
  X:08F3H         SYMBOL        total_digits
  -------         DO            
  X:08F4H         SYMBOL        pos_from_right
  X:08F6H         SYMBOL        base
  X:08FAH         SYMBOL        old_val
  X:08FCH         SYMBOL        digit
  X:0900H         SYMBOL        new_val
  -------         ENDDO         
 C1:0000H         LINE#         140
 C1:000BH         LINE#         141
 C1:000BH         LINE#         150
 C1:003DH         LINE#         151
 C1:003EH         LINE#         153
 C1:003EH         LINE#         155
 C1:0059H         LINE#         156
 C1:0070H         LINE#         157
 C1:0087H         LINE#         158
 C1:0087H         LINE#         160
 C1:0087H         LINE#         162
 C1:009BH         LINE#         163
 C1:00C8H         LINE#         164
BL51 BANKED LINKER/LOCATER V6.22.2.0                                                  12/31/2025  08:48:02  PAGE 24


 C1:0108H         LINE#         166
 C1:017EH         LINE#         167
 C1:0190H         LINE#         168
  -------         ENDPROC       _ADJUST_DIGIT_U16

  -------         PROC BANK=1   _ADJUST_HEX_DIGIT
  X:0B2EH         SYMBOL        value
  X:0B31H         SYMBOL        edit_col
  X:0B32H         SYMBOL        delta
  -------         DO            
  X:0B34H         SYMBOL        digit
  -------         ENDDO         
 C1:0000H         LINE#         174
 C1:000BH         LINE#         175
 C1:000BH         LINE#         177
 C1:0020H         LINE#         180
 C1:002BH         LINE#         181
 C1:002BH         LINE#         182
 C1:0043H         LINE#         183
 C1:0045H         LINE#         185
 C1:0045H         LINE#         186
 C1:0058H         LINE#         187
 C1:0058H         LINE#         190
 C1:0083H         LINE#         193
 C1:008EH         LINE#         194
 C1:008EH         LINE#         195
 C1:00B3H         LINE#         196
 C1:00B4H         LINE#         198
 C1:00B4H         LINE#         199
 C1:00D4H         LINE#         200
 C1:00D4H         LINE#         201
  -------         ENDPROC       _ADJUST_HEX_DIGIT

  -------         PROC BANK=1   CAP_NUM
  -------         DO            
  X:0C52H         SYMBOL        num
  X:0C53H         SYMBOL        i
  -------         ENDDO         
 C1:0000H         LINE#         204
 C1:0000H         LINE#         205
 C1:0000H         LINE#         206
 C1:0005H         LINE#         209
 C1:001CH         LINE#         210
 C1:001CH         LINE#         211
 C1:0034H         LINE#         212
 C1:003AH         LINE#         213
 C1:0042H         LINE#         215
 C1:0047H         LINE#         216
  -------         ENDPROC       CAP_NUM

  -------         PROC BANK=1   _CAP_DISP
  X:0BD3H         SYMBOL        type
  -------         DO            
  X:0BD4H         SYMBOL        x
  X:0BD5H         SYMBOL        y
  X:0BD6H         SYMBOL        i
  -------         ENDDO         
BL51 BANKED LINKER/LOCATER V6.22.2.0                                                  12/31/2025  08:48:02  PAGE 25


 C1:0000H         LINE#         219
 C1:0005H         LINE#         220
 C1:0005H         LINE#         222
 C1:000BH         LINE#         223
 C1:0011H         LINE#         226
 C1:002BH         LINE#         227
 C1:002BH         LINE#         228
 C1:0046H         LINE#         229
 C1:0046H         LINE#         230
 C1:005EH         LINE#         231
 C1:007AH         LINE#         233
 C1:0094H         LINE#         235
 C1:009FH         LINE#         236
 C1:009FH         LINE#         237
 C1:00A7H         LINE#         238
 C1:00CAH         LINE#         240
 C1:00E7H         LINE#         241
 C1:00E7H         LINE#         242
 C1:00F4H         LINE#         243
 C1:00F4H         LINE#         244
 C1:00FCH         LINE#         245
 C1:011FH         LINE#         247
 C1:013CH         LINE#         248
 C1:013CH         LINE#         249
 C1:0149H         LINE#         250
 C1:0149H         LINE#         251
 C1:0151H         LINE#         252
 C1:0174H         LINE#         254
 C1:0191H         LINE#         255
 C1:0191H         LINE#         256
 C1:019EH         LINE#         257
 C1:019EH         LINE#         258
 C1:01A6H         LINE#         259
 C1:01C9H         LINE#         261
 C1:01E6H         LINE#         262
 C1:01E6H         LINE#         263
 C1:01E6H         LINE#         264
 C1:01F1H         LINE#         265
 C1:01FAH         LINE#         267
 C1:0211H         LINE#         268
 C1:021AH         LINE#         269
  -------         ENDPROC       _CAP_DISP

  -------         PROC BANK=1   _DISP_TWO_DIGIT
  X:0A6CH         SYMBOL        num
  X:0A6DH         SYMBOL        x
  X:0A6FH         SYMBOL        y
  X:0A70H         SYMBOL        size
  X:0A71H         SYMBOL        inverse
  -------         DO            
  X:0A72H         SYMBOL        ten
  X:0A73H         SYMBOL        one
  X:0A74H         SYMBOL        ten_str
  X:0A76H         SYMBOL        one_str
  -------         ENDDO         
 C1:FEECH         LINE#         273
 C1:FEFEH         LINE#         274
BL51 BANKED LINKER/LOCATER V6.22.2.0                                                  12/31/2025  08:48:02  PAGE 26


 C1:FEFEH         LINE#         277
 C1:FF0EH         LINE#         278
 C1:FF1FH         LINE#         279
 C1:FF44H         LINE#         280
 C1:FF69H         LINE#         282
 C1:FF7BH         LINE#         283
 C1:FF7BH         LINE#         284
 C1:FF81H         LINE#         285
 C1:FF81H         LINE#         290
 C1:FF8FH         LINE#         291
 C1:FF9DH         LINE#         292
 C1:FFC7H         LINE#         293
 C1:FFF9H         LINE#         294
  -------         ENDPROC       _DISP_TWO_DIGIT

  -------         PROC BANK=1   TIME_DISP
  X:0AE3H         SYMBOL        date
  X:0AE6H         SYMBOL        time
  X:0AE9H         SYMBOL        x
  X:0AEBH         SYMBOL        y
 C1:0000H         LINE#         297
 C1:0000H         LINE#         298
 C1:0000H         LINE#         301
 C1:0020H         LINE#         303
 C1:0049H         LINE#         305
 C1:0071H         LINE#         307
 C1:009AH         LINE#         309
 C1:00C2H         LINE#         313
 C1:00E6H         LINE#         315
 C1:0113H         LINE#         317
 C1:013FH         LINE#         319
 C1:016CH         LINE#         321
 C1:0198H         LINE#         322
  -------         ENDPROC       TIME_DISP

  -------         PROC BANK=1   _METER_DISP
  X:08D4H         SYMBOL        key_val
  -------         DO            
  X:08D5H         SYMBOL        str
  X:08E9H         SYMBOL        dat
  X:08EBH         SYMBOL        uint
  X:08ECH         SYMBOL        f
  -------         ENDDO         
 C1:0000H         LINE#         327
 C1:0005H         LINE#         328
 C1:0005H         LINE#         333
 C1:0038H         LINE#         334
 C1:0063H         LINE#         336
 C1:007DH         LINE#         338
 C1:00B0H         LINE#         339
 C1:00DBH         LINE#         341
 C1:00F5H         LINE#         343
 C1:0128H         LINE#         344
 C1:0153H         LINE#         346
 C1:016DH         LINE#         348
 C1:01A0H         LINE#         349
 C1:01CBH         LINE#         351
BL51 BANKED LINKER/LOCATER V6.22.2.0                                                  12/31/2025  08:48:02  PAGE 27


 C1:01E5H         LINE#         353
 C1:0218H         LINE#         354
 C1:0243H         LINE#         356
 C1:025DH         LINE#         358
 C1:0262H         LINE#         360
 C1:027EH         LINE#         361
 C1:027EH         LINE#         362
 C1:027EH         LINE#         364
 C1:027FH         LINE#         366
 C1:027FH         LINE#         368
 C1:0280H         LINE#         370
 C1:0280H         LINE#         372
 C1:0281H         LINE#         374
 C1:0281H         LINE#         375
 C1:0287H         LINE#         376
 C1:028AH         LINE#         377
 C1:028AH         LINE#         378
 C1:028AH         LINE#         379
 C1:028AH         LINE#         380
 C1:028AH         LINE#         381
  -------         ENDPROC       _METER_DISP

  -------         PROC BANK=1   LOW_DISP
 C1:0000H         LINE#         384
 C1:0000H         LINE#         385
 C1:0000H         LINE#         387
 C1:0009H         LINE#         388
 C1:0021H         LINE#         389
 C1:0021H         LINE#         390
 C1:003BH         LINE#         391
 C1:0097H         LINE#         392
 C1:0097H         LINE#         393
 C1:009FH         LINE#         394
 C1:009FH         LINE#         395
 C1:00B9H         LINE#         396
 C1:00BAH         LINE#         398
 C1:00D4H         LINE#         399
  -------         ENDPROC       LOW_DISP

  -------         PROC BANK=1   _MAIN_MENU
  X:0A17H         SYMBOL        key_val
  -------         DO            
  X:0A18H         SYMBOL        i
  X:0A19H         SYMBOL        j
  X:0A1AH         SYMBOL        k
  X:0A1BH         SYMBOL        l
  X:0A1CH         SYMBOL        m
  X:0A1DH         SYMBOL        n
  X:0A1EH         SYMBOL        col
  X:0A1FH         SYMBOL        idx
  X:0684H         SYMBOL        current_menu_id
  X:0A20H         SYMBOL        main_menu_col_group
  C:60CAH         SYMBOL        g_main_menu_titles
  -------         ENDDO         
 C1:F5CEH         LINE#         404
 C1:F5D3H         LINE#         405
 C1:F5D3H         LINE#         413
BL51 BANKED LINKER/LOCATER V6.22.2.0                                                  12/31/2025  08:48:02  PAGE 28


 C1:F5F8H         LINE#         425
 C1:F617H         LINE#         426
 C1:F617H         LINE#         427
 C1:F617H         LINE#         429
 C1:F639H         LINE#         431
 C1:F650H         LINE#         432
 C1:F650H         LINE#         433
 C1:F67DH         LINE#         434
 C1:F67DH         LINE#         435
 C1:F67DH         LINE#         436
 C1:F67DH         LINE#         437
 C1:F685H         LINE#         439
 C1:F6A1H         LINE#         440
 C1:F6CAH         LINE#         441
 C1:F6CDH         LINE#         443
 C1:F6CDH         LINE#         445
 C1:F6EFH         LINE#         447
 C1:F706H         LINE#         448
 C1:F706H         LINE#         449
 C1:F733H         LINE#         450
 C1:F733H         LINE#         451
 C1:F733H         LINE#         452
 C1:F733H         LINE#         453
 C1:F73BH         LINE#         455
 C1:F759H         LINE#         456
 C1:F782H         LINE#         457
 C1:F785H         LINE#         459
 C1:F785H         LINE#         460
 C1:F79EH         LINE#         461
 C1:F79EH         LINE#         463
 C1:F7A4H         LINE#         464
 C1:F7A7H         LINE#         466
 C1:F7A7H         LINE#         468
 C1:F7BDH         LINE#         469
 C1:F7BDH         LINE#         470
 C1:F7BDH         LINE#         471
 C1:F7C3H         LINE#         472
 C1:F7C6H         LINE#         473
 C1:F7C6H         LINE#         474
 C1:F7CCH         LINE#         475
 C1:F7CFH         LINE#         476
 C1:F7CFH         LINE#         477
 C1:F7D5H         LINE#         478
 C1:F7D8H         LINE#         479
 C1:F7D8H         LINE#         480
 C1:F7D8H         LINE#         481
 C1:F7DBH         LINE#         483
 C1:F7DBH         LINE#         484
 C1:F7F2H         LINE#         485
 C1:F7F2H         LINE#         487
 C1:F7F8H         LINE#         488
 C1:F7FBH         LINE#         490
 C1:F7FBH         LINE#         492
 C1:F811H         LINE#         493
 C1:F811H         LINE#         494
 C1:F811H         LINE#         495
 C1:F817H         LINE#         496
BL51 BANKED LINKER/LOCATER V6.22.2.0                                                  12/31/2025  08:48:02  PAGE 29


 C1:F819H         LINE#         497
 C1:F819H         LINE#         498
 C1:F81FH         LINE#         499
 C1:F821H         LINE#         500
 C1:F821H         LINE#         501
 C1:F826H         LINE#         502
 C1:F828H         LINE#         503
 C1:F828H         LINE#         504
 C1:F828H         LINE#         505
 C1:F82AH         LINE#         507
 C1:F82AH         LINE#         508
 C1:F849H         LINE#         509
 C1:F849H         LINE#         510
 C1:F849H         LINE#         511
 C1:F84FH         LINE#         512
 C1:F851H         LINE#         513
 C1:F851H         LINE#         514
 C1:F857H         LINE#         515
 C1:F859H         LINE#         516
 C1:F859H         LINE#         518
 C1:F85FH         LINE#         519
 C1:F861H         LINE#         520
 C1:F861H         LINE#         521
 C1:F867H         LINE#         522
 C1:F869H         LINE#         523
 C1:F869H         LINE#         524
 C1:F86FH         LINE#         525
 C1:F871H         LINE#         526
 C1:F871H         LINE#         528
 C1:F877H         LINE#         529
 C1:F877H         LINE#         530
 C1:F877H         LINE#         531
 C1:F87AH         LINE#         533
 C1:F87CH         LINE#         534
 C1:F87CH         LINE#         535
 C1:F881H         LINE#         536
 C1:F886H         LINE#         537
 C1:F889H         LINE#         538
 C1:F889H         LINE#         539
 C1:F889H         LINE#         540
 C1:F889H         LINE#         541
 C1:F889H         LINE#         544
 C1:F8A2H         LINE#         545
 C1:F8BDH         LINE#         546
 C1:F8D8H         LINE#         547
 C1:F8F3H         LINE#         548
 C1:F90EH         LINE#         549
 C1:F929H         LINE#         552
 C1:F939H         LINE#         553
 C1:F939H         LINE#         554
 C1:F963H         LINE#         555
 C1:F992H         LINE#         556
 C1:F9C1H         LINE#         557
 C1:F9F0H         LINE#         558
 C1:FA1FH         LINE#         559
 C1:FA4EH         LINE#         560
 C1:FA7DH         LINE#         561
BL51 BANKED LINKER/LOCATER V6.22.2.0                                                  12/31/2025  08:48:02  PAGE 30


 C1:FA7DH         LINE#         562
  -------         ENDPROC       _MAIN_MENU

  -------         PROC BANK=1   _PARA_MENU
  X:0A26H         SYMBOL        key_val
  -------         DO            
  X:0A27H         SYMBOL        i
  X:0A28H         SYMBOL        j
  X:0A29H         SYMBOL        k
  X:0A2AH         SYMBOL        l
  X:0A2BH         SYMBOL        m
  X:0A2CH         SYMBOL        n
  X:0A2DH         SYMBOL        col
  X:0A2EH         SYMBOL        idx
  X:0685H         SYMBOL        current_para_id
  X:0A2FH         SYMBOL        para_menu_col_group
  C:60FAH         SYMBOL        g_para_menu_titles
  -------         ENDDO         
 C1:FA7EH         LINE#         576
 C1:FA83H         LINE#         577
 C1:FA83H         LINE#         583
 C1:FAA8H         LINE#         610
 C1:FAC7H         LINE#         611
 C1:FAC7H         LINE#         612
 C1:FAC7H         LINE#         614
 C1:FAE1H         LINE#         616
 C1:FAF8H         LINE#         617
 C1:FAF8H         LINE#         618
 C1:FB25H         LINE#         619
 C1:FB25H         LINE#         620
 C1:FB25H         LINE#         621
 C1:FB25H         LINE#         622
 C1:FB2DH         LINE#         624
 C1:FB49H         LINE#         625
 C1:FB72H         LINE#         626
 C1:FB75H         LINE#         628
 C1:FB75H         LINE#         630
 C1:FB8FH         LINE#         632
 C1:FBA6H         LINE#         633
 C1:FBA6H         LINE#         634
 C1:FBD3H         LINE#         635
 C1:FBD3H         LINE#         636
 C1:FBD3H         LINE#         637
 C1:FBD3H         LINE#         638
 C1:FBDBH         LINE#         640
 C1:FBF9H         LINE#         641
 C1:FC22H         LINE#         642
 C1:FC25H         LINE#         644
 C1:FC25H         LINE#         645
 C1:FC36H         LINE#         646
 C1:FC36H         LINE#         648
 C1:FC3CH         LINE#         649
 C1:FC3FH         LINE#         651
 C1:FC3FH         LINE#         653
 C1:FC55H         LINE#         654
 C1:FC55H         LINE#         655
 C1:FC55H         LINE#         656
BL51 BANKED LINKER/LOCATER V6.22.2.0                                                  12/31/2025  08:48:02  PAGE 31


 C1:FC5BH         LINE#         657
 C1:FC5EH         LINE#         658
 C1:FC5EH         LINE#         659
 C1:FC64H         LINE#         660
 C1:FC67H         LINE#         661
 C1:FC67H         LINE#         662
 C1:FC6DH         LINE#         663
 C1:FC70H         LINE#         664
 C1:FC70H         LINE#         665
 C1:FC70H         LINE#         666
 C1:FC73H         LINE#         668
 C1:FC73H         LINE#         669
 C1:FC82H         LINE#         670
 C1:FC82H         LINE#         672
 C1:FC88H         LINE#         673
 C1:FC8BH         LINE#         675
 C1:FC8BH         LINE#         677
 C1:FCA1H         LINE#         678
 C1:FCA1H         LINE#         679
 C1:FCA1H         LINE#         680
 C1:FCA7H         LINE#         681
 C1:FCA9H         LINE#         682
 C1:FCA9H         LINE#         683
 C1:FCAFH         LINE#         684
 C1:FCB1H         LINE#         685
 C1:FCB1H         LINE#         686
 C1:FCB6H         LINE#         687
 C1:FCB8H         LINE#         688
 C1:FCB8H         LINE#         689
 C1:FCB8H         LINE#         690
 C1:FCBAH         LINE#         692
 C1:FCBAH         LINE#         693
 C1:FCD9H         LINE#         694
 C1:FCD9H         LINE#         695
 C1:FCD9H         LINE#         696
 C1:FCDFH         LINE#         697
 C1:FCE1H         LINE#         698
 C1:FCE1H         LINE#         699
 C1:FCE7H         LINE#         700
 C1:FCE9H         LINE#         701
 C1:FCE9H         LINE#         702
 C1:FCEFH         LINE#         703
 C1:FCF1H         LINE#         704
 C1:FCF1H         LINE#         705
 C1:FCF7H         LINE#         706
 C1:FCF9H         LINE#         707
 C1:FCF9H         LINE#         708
 C1:FCFFH         LINE#         709
 C1:FD01H         LINE#         710
 C1:FD01H         LINE#         711
 C1:FD06H         LINE#         712
 C1:FD06H         LINE#         714
 C1:FD06H         LINE#         715
 C1:FD09H         LINE#         716
 C1:FD0BH         LINE#         717
 C1:FD0BH         LINE#         718
 C1:FD11H         LINE#         719
BL51 BANKED LINKER/LOCATER V6.22.2.0                                                  12/31/2025  08:48:02  PAGE 32


 C1:FD16H         LINE#         720
 C1:FD19H         LINE#         722
 C1:FD19H         LINE#         723
 C1:FD19H         LINE#         724
 C1:FD19H         LINE#         725
 C1:FD19H         LINE#         728
 C1:FD2FH         LINE#         729
 C1:FD47H         LINE#         730
 C1:FD5FH         LINE#         731
 C1:FD77H         LINE#         732
 C1:FD8FH         LINE#         733
 C1:FDA7H         LINE#         737
 C1:FDD1H         LINE#         739
 C1:FE00H         LINE#         741
 C1:FE2FH         LINE#         743
 C1:FE5EH         LINE#         745
 C1:FE8DH         LINE#         747
 C1:FEBCH         LINE#         749
 C1:FEEBH         LINE#         750
  -------         ENDPROC       _PARA_MENU

  -------         PROC BANK=1   _SYSTEM_SETTING
  X:0BA6H         SYMBOL        key_val
  -------         DO            
  X:0BA7H         SYMBOL        y
  X:0BA8H         SYMBOL        j
  X:0686H         SYMBOL        i
  X:0687H         SYMBOL        state
  X:0688H         SYMBOL        edit_col
  X:0689H         SYMBOL        time
  X:068CH         SYMBOL        date
  X:068FH         SYMBOL        pass
  X:0695H         SYMBOL        var1
  X:0696H         SYMBOL        var2
  C:6124H         SYMBOL        g_systemset_menu_titles
  -------         DO            
  X:0BA9H         SYMBOL        digit1
  X:0BAAH         SYMBOL        digit0
  X:0BA9H         SYMBOL        digit1
  X:0BAAH         SYMBOL        digit0
  X:0BA9H         SYMBOL        hour_tens
  X:0BAAH         SYMBOL        hour_units
  X:0BA9H         SYMBOL        min_tens
  X:0BAAH         SYMBOL        min_units
  X:0BA9H         SYMBOL        sec_tens
  X:0BAAH         SYMBOL        sec_units
  X:0BA9H         SYMBOL        digit1
  X:0BAAH         SYMBOL        digit0
  X:0BA9H         SYMBOL        digit1
  X:0BAAH         SYMBOL        digit0
  X:0BA9H         SYMBOL        hour_tens
  X:0BAAH         SYMBOL        hour_units
  X:0BA9H         SYMBOL        min_tens
  X:0BAAH         SYMBOL        min_units
  X:0BA9H         SYMBOL        sec_tens
  X:0BAAH         SYMBOL        sec_units
  -------         ENDDO         
BL51 BANKED LINKER/LOCATER V6.22.2.0                                                  12/31/2025  08:48:02  PAGE 33


  -------         DO            
  X:0BA9H         SYMBOL        digit1
  X:0BAAH         SYMBOL        digit0
  X:0BA9H         SYMBOL        hour_tens
  X:0BAAH         SYMBOL        hour_units
  X:0BA9H         SYMBOL        min_tens
  X:0BAAH         SYMBOL        min_units
  X:0BA9H         SYMBOL        sec_tens
  X:0BAAH         SYMBOL        sec_units
  X:0BA9H         SYMBOL        digit1
  X:0BAAH         SYMBOL        digit0
  X:0BA9H         SYMBOL        digit1
  X:0BAAH         SYMBOL        digit0
  X:0BA9H         SYMBOL        hour_tens
  X:0BAAH         SYMBOL        hour_units
  X:0BA9H         SYMBOL        min_tens
  X:0BAAH         SYMBOL        min_units
  X:0BA9H         SYMBOL        sec_tens
  X:0BAAH         SYMBOL        sec_units
  -------         ENDDO         
  -------         DO            
  X:0BA9H         SYMBOL        hour_tens
  X:0BAAH         SYMBOL        hour_units
  X:0BA9H         SYMBOL        min_tens
  X:0BAAH         SYMBOL        min_units
  X:0BA9H         SYMBOL        sec_tens
  X:0BAAH         SYMBOL        sec_units
  X:0BA9H         SYMBOL        digit1
  X:0BAAH         SYMBOL        digit0
  X:0BA9H         SYMBOL        digit1
  X:0BAAH         SYMBOL        digit0
  X:0BA9H         SYMBOL        hour_tens
  X:0BAAH         SYMBOL        hour_units
  X:0BA9H         SYMBOL        min_tens
  X:0BAAH         SYMBOL        min_units
  X:0BA9H         SYMBOL        sec_tens
  X:0BAAH         SYMBOL        sec_units
  -------         ENDDO         
[...]
  -------         MODULE        ?C?ULSHR
  C:427EH         PUBLIC        ?C?ULSHR
  -------         ENDMOD        ?C?ULSHR

  -------         MODULE        ?C?LSHL
  C:4291H         PUBLIC        ?C?LSHL
  -------         ENDMOD        ?C?LSHL

  -------         MODULE        ?C?LLDPTR
  C:42A4H         PUBLIC        ?C?LLDPTR
  -------         ENDMOD        ?C?LLDPTR

  -------         MODULE        ?C?LLDOPTR
  C:42C4H         PUBLIC        ?C?LLDOPTR
  -------         ENDMOD        ?C?LLDOPTR

  -------         MODULE        ?C?LSTPTR
  C:42F4H         PUBLIC        ?C?LSTPTR
  -------         ENDMOD        ?C?LSTPTR

  -------         MODULE        ?C?LLDXDATA
  C:430EH         PUBLIC        ?C?LLDXDATA
  -------         ENDMOD        ?C?LLDXDATA

  -------         MODULE        ?C?LLDCODE
  C:431AH         PUBLIC        ?C?LLDCODE
  -------         ENDMOD        ?C?LLDCODE

  -------         MODULE        ?C?LLDXDATA0
  C:432AH         PUBLIC        ?C?LLDXDATA0
  -------         ENDMOD        ?C?LLDXDATA0

  -------         MODULE        ?C?LLDIXDATA
  C:433FH         PUBLIC        ?C?LLDIXDATA
  C:4336H         PUBLIC        ?C?LLDIXDATA1
  C:4338H         PUBLIC        ?C?LLDIXDATA8
  -------         ENDMOD        ?C?LLDIXDATA

  -------         MODULE        ?C?LSTXDATA
  C:436BH         PUBLIC        ?C?LSTXDATA
  -------         ENDMOD        ?C?LSTXDATA

  -------         MODULE        ?C?LSTKXDATA
  C:4377H         PUBLIC        ?C?LSTKXDATA
  -------         ENDMOD        ?C?LSTKXDATA

  -------         MODULE        ?C?LSTKPTR
  C:43A8H         PUBLIC        ?C?LSTKPTR
  -------         ENDMOD        ?C?LSTKPTR

  -------         MODULE        ?C?LSTKOPTR
  C:43C2H         PUBLIC        ?C?LSTKOPTR
  -------         ENDMOD        ?C?LSTKOPTR

  -------         MODULE        ?C?OFFXADD
  C:43E6H         PUBLIC        ?C?OFFXADD
BL51 BANKED LINKER/LOCATER V6.22.2.0                                                  12/31/2025  08:48:02  PAGE 134


  -------         ENDMOD        ?C?OFFXADD

  -------         MODULE        ?C?PLDXDATA
  C:43F2H         PUBLIC        ?C?PLDXDATA
  -------         ENDMOD        ?C?PLDXDATA

  -------         MODULE        ?C?PLDIXDATA
  C:43FBH         PUBLIC        ?C?PLDIXDATA
  -------         ENDMOD        ?C?PLDIXDATA

  -------         MODULE        ?C?PSTXDATA
  C:4412H         PUBLIC        ?C?PSTXDATA
  -------         ENDMOD        ?C?PSTXDATA

  -------         MODULE        ?C?PLDCODE
  C:441BH         PUBLIC        ?C?PLDCODE
  -------         ENDMOD        ?C?PLDCODE

  -------         MODULE        ?C?PLDPTR
  C:4427H         PUBLIC        ?C?PLDPTR
  -------         ENDMOD        ?C?PLDPTR

  -------         MODULE        ?C?CCASE
  C:4447H         PUBLIC        ?C?CCASE
  -------         ENDMOD        ?C?CCASE

  -------         MODULE        ?C?ICALL
  C:446DH         PUBLIC        ?C?ICALL
  C:4471H         PUBLIC        ?C?ICALL2
  -------         ENDMOD        ?C?ICALL

  -------         MODULE        ?C?LIMUL
  C:4473H         PUBLIC        ?C?LIMUL
  -------         ENDMOD        ?C?LIMUL

  -------         MODULE        ?C?MEMSET
  C:44A0H         PUBLIC        ?C?MEMSET
  -------         ENDMOD        ?C?MEMSET

  -------         MODULE        ?C?LLDIDATA
  C:44CCH         PUBLIC        ?C?LLDIDATA
  -------         ENDMOD        ?C?LLDIDATA

  -------         MODULE        ?C?LLDPDATA
  C:44D8H         PUBLIC        ?C?LLDPDATA
  -------         ENDMOD        ?C?LLDPDATA

  -------         MODULE        ?C?LSTIDATA
  C:44E4H         PUBLIC        ?C?LSTIDATA
  -------         ENDMOD        ?C?LSTIDATA

  -------         MODULE        ?C?LSTPDATA
  C:44F0H         PUBLIC        ?C?LSTPDATA
  -------         ENDMOD        ?C?LSTPDATA

  -------         MODULE        ?C?LSTKIDATA
  C:44FCH         PUBLIC        ?C?LSTKIDATA
BL51 BANKED LINKER/LOCATER V6.22.2.0                                                  12/31/2025  08:48:02  PAGE 135


  -------         ENDMOD        ?C?LSTKIDATA

  -------         MODULE        ?C?LSTKPDATA
  C:4515H         PUBLIC        ?C?LSTKPDATA
  -------         ENDMOD        ?C?LSTKPDATA

  -------         MODULE        ?C?PLDIDATA
  C:452EH         PUBLIC        ?C?PLDIDATA
  -------         ENDMOD        ?C?PLDIDATA

  -------         MODULE        ?C?PLDPDATA
  C:4537H         PUBLIC        ?C?PLDPDATA
  -------         ENDMOD        ?C?PLDPDATA

*** ERROR L107: ADDRESS SPACE OVERFLOW
    SPACE:   BANK1   
    SEGMENT: ?PR?_METER_DISP?MENU
    LENGTH:  028BH

*** ERROR L107: ADDRESS SPACE OVERFLOW
    SPACE:   BANK1   
    SEGMENT: ?PR?_CAP_DISP?MENU
    LENGTH:  021BH

*** ERROR L107: ADDRESS SPACE OVERFLOW
    SPACE:   BANK1   
    SEGMENT: ?PR?MODBUS_HANDLEREADHOLDINGREGISTERS?MODBUS
    LENGTH:  01EFH

*** ERROR L107: ADDRESS SPACE OVERFLOW
    SPACE:   BANK1   
    SEGMENT: ?PR?MODBUS_HANDLEREADINPUTREGISTERS?MODBUS
    LENGTH:  01EFH

*** ERROR L107: ADDRESS SPACE OVERFLOW
    SPACE:   BANK1   
    SEGMENT: ?PR?TIME_DISP?MENU
    LENGTH:  0199H

*** ERROR L107: ADDRESS SPACE OVERFLOW
    SPACE:   BANK1   
    SEGMENT: ?PR?_ADJUST_DIGIT_U16?MENU
    LENGTH:  0191H

*** ERROR L107: ADDRESS SPACE OVERFLOW
    SPACE:   BANK1   
    SEGMENT: ?PR?_ADJUST_DIGIT_U8?MENU
    LENGTH:  0184H

*** ERROR L107: ADDRESS SPACE OVERFLOW
    SPACE:   BANK1   
    SEGMENT: ?PR?MODBUS_HANDLEREADDISCRETEINPUTS?MODBUS
    LENGTH:  0153H

*** ERROR L107: ADDRESS SPACE OVERFLOW
    SPACE:   BANK1   
    SEGMENT: ?PR?_MODBUS_CRC16?MODBUS
BL51 BANKED LINKER/LOCATER V6.22.2.0                                                  12/31/2025  08:48:02  PAGE 136


    LENGTH:  0105H

*** ERROR L107: ADDRESS SPACE OVERFLOW
    SPACE:   BANK1   
    SEGMENT: ?PR?MODBUS_PROCESSREQUEST?MODBUS
    LENGTH:  0102H

*** ERROR L107: ADDRESS SPACE OVERFLOW
    SPACE:   BANK1   
    SEGMENT: ?PR?_PROTECT_MENU?MENU
    LENGTH:  00EDH

*** ERROR L107: ADDRESS SPACE OVERFLOW
    SPACE:   BANK1   
    SEGMENT: ?PR?MENU_DISP?MENU
    LENGTH:  00E0H

*** ERROR L107: ADDRESS SPACE OVERFLOW
    SPACE:   BANK1   
    SEGMENT: ?PR?_ADJUST_HEX_DIGIT?MENU
    LENGTH:  00D5H

*** ERROR L107: ADDRESS SPACE OVERFLOW
    SPACE:   BANK1   
    SEGMENT: ?PR?LOW_DISP?MENU
    LENGTH:  00D5H

*** ERROR L107: ADDRESS SPACE OVERFLOW
    SPACE:   BANK1   
    SEGMENT: ?PR?_GET_VOL_PROT_PARAMS?MENU
    LENGTH:  008EH

*** ERROR L107: ADDRESS SPACE OVERFLOW
    SPACE:   BANK1   
    SEGMENT: ?PR?_FIND_COL_ROW_BY_I?MENU
    LENGTH:  008AH

*** ERROR L107: ADDRESS SPACE OVERFLOW
    SPACE:   BANK1   
    SEGMENT: ?PR?_SET_VOL_PROT_PARAMS?MENU
    LENGTH:  007CH

*** ERROR L107: ADDRESS SPACE OVERFLOW
    SPACE:   BANK1   
    SEGMENT: ?PR?_MODBUS_SENDERROR?MODBUS
    LENGTH:  006DH

*** ERROR L107: ADDRESS SPACE OVERFLOW
    SPACE:   BANK1   
    SEGMENT: ?PR?_POW10?MENU
    LENGTH:  0050H

*** ERROR L107: ADDRESS SPACE OVERFLOW
    SPACE:   BANK1   
    SEGMENT: ?PR?CAP_NUM?MENU
    LENGTH:  0048H

BL51 BANKED LINKER/LOCATER V6.22.2.0                                                  12/31/2025  08:48:02  PAGE 137


*** ERROR L107: ADDRESS SPACE OVERFLOW
    SPACE:   BANK1   
    SEGMENT: ?PR?_FIND_Z_INDEX_BY_I?MENU
    LENGTH:  0047H

*** ERROR L107: ADDRESS SPACE OVERFLOW
    SPACE:   BANK1   
    SEGMENT: ?PR?MODBUS_CHECKTIMEOUT?MODBUS
    LENGTH:  003FH

*** ERROR L107: ADDRESS SPACE OVERFLOW
    SPACE:   BANK1   
    SEGMENT: ?PR?MODBUS_STARTTIMEOUT?MODBUS
    LENGTH:  000FH

*** ERROR L107: ADDRESS SPACE OVERFLOW
    SPACE:   BANK1   
    SEGMENT: ?PR?MODBUS_STOPTIMEOUT?MODBUS
    LENGTH:  000EH

*** ERROR L107: ADDRESS SPACE OVERFLOW
    SPACE:   BANK1   
    SEGMENT: ?PR?_SAMPLING_ADIUST?MENU
    LENGTH:  0006H

*** ERROR L107: ADDRESS SPACE OVERFLOW
    SPACE:   BANK1   
    SEGMENT: ?PR?_EVENT_LOG?MENU
    LENGTH:  0006H

*** ERROR L107: ADDRESS SPACE OVERFLOW
    SPACE:   BANK1   
    SEGMENT: ?PR?_DATA_STAT?MENU
    LENGTH:  0006H

*** WARNING L19: COMMON CODE SEGMENTS LOCATED TO BANKED AREA

*** ERROR L118: REFERENCE MADE TO ERRONEOUS EXTERNAL
    SYMBOL:  MENU_DISP
    MODULE:  .\Objects\main.obj (MAIN)
    ADDRESS: AE3AH

*** ERROR L105: PUBLIC REFERS TO IGNORED SEGMENT
    SYMBOL:  _PROTECT_MENU
    SEGMENT: ?PR?_PROTECT_MENU?MENU

*** ERROR L105: PUBLIC REFERS TO IGNORED SEGMENT
    SYMBOL:  _DATA_STAT
    SEGMENT: ?PR?_DATA_STAT?MENU

*** ERROR L105: PUBLIC REFERS TO IGNORED SEGMENT
    SYMBOL:  _EVENT_LOG
    SEGMENT: ?PR?_EVENT_LOG?MENU

*** ERROR L105: PUBLIC REFERS TO IGNORED SEGMENT
    SYMBOL:  _SAMPLING_ADIUST
    SEGMENT: ?PR?_SAMPLING_ADIUST?MENU
BL51 BANKED LINKER/LOCATER V6.22.2.0                                                  12/31/2025  08:48:02  PAGE 138



*** ERROR L105: PUBLIC REFERS TO IGNORED SEGMENT
    SYMBOL:  LOW_DISP
    SEGMENT: ?PR?LOW_DISP?MENU

*** ERROR L105: PUBLIC REFERS TO IGNORED SEGMENT
    SYMBOL:  _METER_DISP
    SEGMENT: ?PR?_METER_DISP?MENU

*** ERROR L105: PUBLIC REFERS TO IGNORED SEGMENT
    SYMBOL:  TIME_DISP
    SEGMENT: ?PR?TIME_DISP?MENU

*** ERROR L105: PUBLIC REFERS TO IGNORED SEGMENT
    SYMBOL:  _CAP_DISP
    SEGMENT: ?PR?_CAP_DISP?MENU

*** ERROR L105: PUBLIC REFERS TO IGNORED SEGMENT
    SYMBOL:  CAP_NUM
    SEGMENT: ?PR?CAP_NUM?MENU

*** ERROR L105: PUBLIC REFERS TO IGNORED SEGMENT
    SYMBOL:  _ADJUST_DIGIT_U16
    SEGMENT: ?PR?_ADJUST_DIGIT_U16?MENU

*** ERROR L105: PUBLIC REFERS TO IGNORED SEGMENT
    SYMBOL:  _ADJUST_DIGIT_U8
    SEGMENT: ?PR?_ADJUST_DIGIT_U8?MENU

*** ERROR L105: PUBLIC REFERS TO IGNORED SEGMENT
    SYMBOL:  MENU_DISP
    SEGMENT: ?PR?MENU_DISP?MENU

*** ERROR L120: CONTENT BELONGS TO ERRONEOUS SEGMENT
    SEGMENT: ?PR?MENU_DISP?MENU
    MODULE:  .\Objects\menu.obj (MENU)

*** ERROR L120: CONTENT BELONGS TO ERRONEOUS SEGMENT
    SEGMENT: ?PR?MENU_DISP?MENU
    MODULE:  .\Objects\menu.obj (MENU)

*** ERROR L120: CONTENT BELONGS TO ERRONEOUS SEGMENT
    SEGMENT: ?PR?_POW10?MENU
    MODULE:  .\Objects\menu.obj (MENU)

*** ERROR L120: CONTENT BELONGS TO ERRONEOUS SEGMENT
    SEGMENT: ?PR?_POW10?MENU
    MODULE:  .\Objects\menu.obj (MENU)

*** ERROR L120: CONTENT BELONGS TO ERRONEOUS SEGMENT
    SEGMENT: ?PR?_POW10?MENU
    MODULE:  .\Objects\menu.obj (MENU)

*** ERROR L120: CONTENT BELONGS TO ERRONEOUS SEGMENT
    SEGMENT: ?PR?_ADJUST_DIGIT_U8?MENU
    MODULE:  .\Objects\menu.obj (MENU)

BL51 BANKED LINKER/LOCATER V6.22.2.0                                                  12/31/2025  08:48:02  PAGE 139


*** ERROR L120: CONTENT BELONGS TO ERRONEOUS SEGMENT
    SEGMENT: ?PR?_ADJUST_DIGIT_U8?MENU
    MODULE:  .\Objects\menu.obj (MENU)

*** ERROR L120: CONTENT BELONGS TO ERRONEOUS SEGMENT
    SEGMENT: ?PR?_ADJUST_DIGIT_U8?MENU
    MODULE:  .\Objects\menu.obj (MENU)

*** ERROR L120: CONTENT BELONGS TO ERRONEOUS SEGMENT
    SEGMENT: ?PR?_ADJUST_DIGIT_U16?MENU
    MODULE:  .\Objects\menu.obj (MENU)

*** ERROR L120: CONTENT BELONGS TO ERRONEOUS SEGMENT
    SEGMENT: ?PR?_ADJUST_DIGIT_U16?MENU
    MODULE:  .\Objects\menu.obj (MENU)

*** ERROR L120: CONTENT BELONGS TO ERRONEOUS SEGMENT
    SEGMENT: ?PR?_ADJUST_DIGIT_U16?MENU
    MODULE:  .\Objects\menu.obj (MENU)

*** ERROR L120: CONTENT BELONGS TO ERRONEOUS SEGMENT
    SEGMENT: ?PR?_ADJUST_HEX_DIGIT?MENU
    MODULE:  .\Objects\menu.obj (MENU)

*** ERROR L120: CONTENT BELONGS TO ERRONEOUS SEGMENT
    SEGMENT: ?PR?_ADJUST_HEX_DIGIT?MENU
    MODULE:  .\Objects\menu.obj (MENU)

*** ERROR L120: CONTENT BELONGS TO ERRONEOUS SEGMENT
    SEGMENT: ?PR?_ADJUST_HEX_DIGIT?MENU
    MODULE:  .\Objects\menu.obj (MENU)

*** ERROR L120: CONTENT BELONGS TO ERRONEOUS SEGMENT
    SEGMENT: ?PR?CAP_NUM?MENU
    MODULE:  .\Objects\menu.obj (MENU)

*** ERROR L120: CONTENT BELONGS TO ERRONEOUS SEGMENT
    SEGMENT: ?PR?CAP_NUM?MENU
    MODULE:  .\Objects\menu.obj (MENU)

*** ERROR L120: CONTENT BELONGS TO ERRONEOUS SEGMENT
    SEGMENT: ?PR?_CAP_DISP?MENU
    MODULE:  .\Objects\menu.obj (MENU)

*** ERROR L120: CONTENT BELONGS TO ERRONEOUS SEGMENT
    SEGMENT: ?PR?_CAP_DISP?MENU
    MODULE:  .\Objects\menu.obj (MENU)

*** ERROR L120: CONTENT BELONGS TO ERRONEOUS SEGMENT
    SEGMENT: ?PR?_CAP_DISP?MENU
    MODULE:  .\Objects\menu.obj (MENU)

*** ERROR L120: CONTENT BELONGS TO ERRONEOUS SEGMENT
    SEGMENT: ?PR?TIME_DISP?MENU
    MODULE:  .\Objects\menu.obj (MENU)

*** ERROR L120: CONTENT BELONGS TO ERRONEOUS SEGMENT
BL51 BANKED LINKER/LOCATER V6.22.2.0                                                  12/31/2025  08:48:02  PAGE 140


    SEGMENT: ?PR?_METER_DISP?MENU
    MODULE:  .\Objects\menu.obj (MENU)

*** ERROR L120: CONTENT BELONGS TO ERRONEOUS SEGMENT
    SEGMENT: ?PR?_METER_DISP?MENU
    MODULE:  .\Objects\menu.obj (MENU)

*** ERROR L120: CONTENT BELONGS TO ERRONEOUS SEGMENT
    SEGMENT: ?PR?_METER_DISP?MENU
    MODULE:  .\Objects\menu.obj (MENU)

*** ERROR L120: CONTENT BELONGS TO ERRONEOUS SEGMENT
    SEGMENT: ?PR?LOW_DISP?MENU
    MODULE:  .\Objects\menu.obj (MENU)

*** ERROR L120: CONTENT BELONGS TO ERRONEOUS SEGMENT
    SEGMENT: ?PR?_SAMPLING_ADIUST?MENU
    MODULE:  .\Objects\menu.obj (MENU)

*** ERROR L120: CONTENT BELONGS TO ERRONEOUS SEGMENT
    SEGMENT: ?PR?_EVENT_LOG?MENU
    MODULE:  .\Objects\menu.obj (MENU)

*** ERROR L120: CONTENT BELONGS TO ERRONEOUS SEGMENT
    SEGMENT: ?PR?_DATA_STAT?MENU
    MODULE:  .\Objects\menu.obj (MENU)

*** ERROR L120: CONTENT BELONGS TO ERRONEOUS SEGMENT
    SEGMENT: ?PR?_FIND_COL_ROW_BY_I?MENU
    MODULE:  .\Objects\menu.obj (MENU)

*** ERROR L120: CONTENT BELONGS TO ERRONEOUS SEGMENT
    SEGMENT: ?PR?_FIND_COL_ROW_BY_I?MENU
    MODULE:  .\Objects\menu.obj (MENU)

*** ERROR L120: CONTENT BELONGS TO ERRONEOUS SEGMENT
    SEGMENT: ?PR?_FIND_COL_ROW_BY_I?MENU
    MODULE:  .\Objects\menu.obj (MENU)

*** ERROR L120: CONTENT BELONGS TO ERRONEOUS SEGMENT
    SEGMENT: ?PR?_FIND_Z_INDEX_BY_I?MENU
    MODULE:  .\Objects\menu.obj (MENU)

*** ERROR L120: CONTENT BELONGS TO ERRONEOUS SEGMENT
    SEGMENT: ?PR?_FIND_Z_INDEX_BY_I?MENU
    MODULE:  .\Objects\menu.obj (MENU)

*** ERROR L120: CONTENT BELONGS TO ERRONEOUS SEGMENT
    SEGMENT: ?PR?_FIND_Z_INDEX_BY_I?MENU
    MODULE:  .\Objects\menu.obj (MENU)

*** ERROR L120: CONTENT BELONGS TO ERRONEOUS SEGMENT
    SEGMENT: ?PR?_PROTECT_MENU?MENU
    MODULE:  .\Objects\menu.obj (MENU)

*** ERROR L120: CONTENT BELONGS TO ERRONEOUS SEGMENT
    SEGMENT: ?PR?_PROTECT_MENU?MENU
BL51 BANKED LINKER/LOCATER V6.22.2.0                                                  12/31/2025  08:48:02  PAGE 141


    MODULE:  .\Objects\menu.obj (MENU)

*** ERROR L120: CONTENT BELONGS TO ERRONEOUS SEGMENT
    SEGMENT: ?PR?_PROTECT_MENU?MENU
    MODULE:  .\Objects\menu.obj (MENU)

*** ERROR L120: CONTENT BELONGS TO ERRONEOUS SEGMENT
    SEGMENT: ?PR?_GET_VOL_PROT_PARAMS?MENU
    MODULE:  .\Objects\menu.obj (MENU)

*** ERROR L120: CONTENT BELONGS TO ERRONEOUS SEGMENT
    SEGMENT: ?PR?_SET_VOL_PROT_PARAMS?MENU
    MODULE:  .\Objects\menu.obj (MENU)

*** ERROR L118: REFERENCE MADE TO ERRONEOUS EXTERNAL
    SYMBOL:  MODBUS_STOPTIMEOUT
    MODULE:  .\Objects\uart.obj (UART)
    ADDRESS: 99CFH

*** ERROR L118: REFERENCE MADE TO ERRONEOUS EXTERNAL
    SYMBOL:  MODBUS_STARTTIMEOUT
    MODULE:  .\Objects\uart.obj (UART)
    ADDRESS: 99D2H

*** ERROR L118: REFERENCE MADE TO ERRONEOUS EXTERNAL
    SYMBOL:  MODBUS_STOPTIMEOUT
    MODULE:  .\Objects\uart.obj (UART)
    ADDRESS: 99DCH

*** ERROR L105: PUBLIC REFERS TO IGNORED SEGMENT
    SYMBOL:  _MODBUS_SENDERROR
    SEGMENT: ?PR?_MODBUS_SENDERROR?MODBUS

*** ERROR L105: PUBLIC REFERS TO IGNORED SEGMENT
    SYMBOL:  MODBUS_HANDLEREADINPUTREGISTERS
    SEGMENT: ?PR?MODBUS_HANDLEREADINPUTREGISTERS?MODBUS

*** ERROR L105: PUBLIC REFERS TO IGNORED SEGMENT
    SYMBOL:  MODBUS_HANDLEREADHOLDINGREGISTERS
    SEGMENT: ?PR?MODBUS_HANDLEREADHOLDINGREGISTERS?MODBUS

*** ERROR L105: PUBLIC REFERS TO IGNORED SEGMENT
    SYMBOL:  MODBUS_HANDLEREADDISCRETEINPUTS
    SEGMENT: ?PR?MODBUS_HANDLEREADDISCRETEINPUTS?MODBUS

*** ERROR L105: PUBLIC REFERS TO IGNORED SEGMENT
    SYMBOL:  MODBUS_PROCESSREQUEST
    SEGMENT: ?PR?MODBUS_PROCESSREQUEST?MODBUS

*** ERROR L105: PUBLIC REFERS TO IGNORED SEGMENT
    SYMBOL:  MODBUS_STOPTIMEOUT
    SEGMENT: ?PR?MODBUS_STOPTIMEOUT?MODBUS

*** ERROR L105: PUBLIC REFERS TO IGNORED SEGMENT
    SYMBOL:  MODBUS_STARTTIMEOUT
    SEGMENT: ?PR?MODBUS_STARTTIMEOUT?MODBUS

BL51 BANKED LINKER/LOCATER V6.22.2.0                                                  12/31/2025  08:48:02  PAGE 142


*** ERROR L105: PUBLIC REFERS TO IGNORED SEGMENT
    SYMBOL:  MODBUS_CHECKTIMEOUT
    SEGMENT: ?PR?MODBUS_CHECKTIMEOUT?MODBUS

*** ERROR L105: PUBLIC REFERS TO IGNORED SEGMENT
    SYMBOL:  _MODBUS_CRC16
    SEGMENT: ?PR?_MODBUS_CRC16?MODBUS

*** ERROR L120: CONTENT BELONGS TO ERRONEOUS SEGMENT
    SEGMENT: ?PR?_MODBUS_CRC16?MODBUS
    MODULE:  .\Objects\modbus.obj (MODBUS)

*** ERROR L120: CONTENT BELONGS TO ERRONEOUS SEGMENT
    SEGMENT: ?PR?_MODBUS_CRC16?MODBUS
    MODULE:  .\Objects\modbus.obj (MODBUS)

*** ERROR L120: CONTENT BELONGS TO ERRONEOUS SEGMENT
    SEGMENT: ?PR?_MODBUS_CRC16?MODBUS
    MODULE:  .\Objects\modbus.obj (MODBUS)

*** ERROR L120: CONTENT BELONGS TO ERRONEOUS SEGMENT
    SEGMENT: ?PR?MODBUS_CHECKTIMEOUT?MODBUS
    MODULE:  .\Objects\modbus.obj (MODBUS)

*** ERROR L120: CONTENT BELONGS TO ERRONEOUS SEGMENT
    SEGMENT: ?PR?MODBUS_STARTTIMEOUT?MODBUS
    MODULE:  .\Objects\modbus.obj (MODBUS)

*** ERROR L120: CONTENT BELONGS TO ERRONEOUS SEGMENT
    SEGMENT: ?PR?MODBUS_STOPTIMEOUT?MODBUS
    MODULE:  .\Objects\modbus.obj (MODBUS)

*** ERROR L120: CONTENT BELONGS TO ERRONEOUS SEGMENT
    SEGMENT: ?PR?MODBUS_PROCESSREQUEST?MODBUS
    MODULE:  .\Objects\modbus.obj (MODBUS)

*** ERROR L120: CONTENT BELONGS TO ERRONEOUS SEGMENT
    SEGMENT: ?PR?MODBUS_PROCESSREQUEST?MODBUS
    MODULE:  .\Objects\modbus.obj (MODBUS)

*** ERROR L120: CONTENT BELONGS TO ERRONEOUS SEGMENT
    SEGMENT: ?PR?MODBUS_PROCESSREQUEST?MODBUS
    MODULE:  .\Objects\modbus.obj (MODBUS)

*** ERROR L120: CONTENT BELONGS TO ERRONEOUS SEGMENT
    SEGMENT: ?PR?MODBUS_PROCESSREQUEST?MODBUS
    MODULE:  .\Objects\modbus.obj (MODBUS)

*** ERROR L120: CONTENT BELONGS TO ERRONEOUS SEGMENT
    SEGMENT: ?PR?MODBUS_PROCESSREQUEST?MODBUS
    MODULE:  .\Objects\modbus.obj (MODBUS)

*** ERROR L120: CONTENT BELONGS TO ERRONEOUS SEGMENT
    SEGMENT: ?PR?MODBUS_HANDLEREADDISCRETEINPUTS?MODBUS
    MODULE:  .\Objects\modbus.obj (MODBUS)

*** ERROR L120: CONTENT BELONGS TO ERRONEOUS SEGMENT
BL51 BANKED LINKER/LOCATER V6.22.2.0                                                  12/31/2025  08:48:02  PAGE 143


    SEGMENT: ?PR?MODBUS_HANDLEREADDISCRETEINPUTS?MODBUS
    MODULE:  .\Objects\modbus.obj (MODBUS)

*** ERROR L120: CONTENT BELONGS TO ERRONEOUS SEGMENT
    SEGMENT: ?PR?MODBUS_HANDLEREADHOLDINGREGISTERS?MODBUS
    MODULE:  .\Objects\modbus.obj (MODBUS)

*** ERROR L120: CONTENT BELONGS TO ERRONEOUS SEGMENT
    SEGMENT: ?PR?MODBUS_HANDLEREADHOLDINGREGISTERS?MODBUS
    MODULE:  .\Objects\modbus.obj (MODBUS)

*** ERROR L120: CONTENT BELONGS TO ERRONEOUS SEGMENT
    SEGMENT: ?PR?MODBUS_HANDLEREADHOLDINGREGISTERS?MODBUS
    MODULE:  .\Objects\modbus.obj (MODBUS)

*** ERROR L120: CONTENT BELONGS TO ERRONEOUS SEGMENT
    SEGMENT: ?PR?MODBUS_HANDLEREADHOLDINGREGISTERS?MODBUS
    MODULE:  .\Objects\modbus.obj (MODBUS)

*** ERROR L120: CONTENT BELONGS TO ERRONEOUS SEGMENT
    SEGMENT: ?PR?MODBUS_HANDLEREADINPUTREGISTERS?MODBUS
    MODULE:  .\Objects\modbus.obj (MODBUS)

*** ERROR L120: CONTENT BELONGS TO ERRONEOUS SEGMENT
    SEGMENT: ?PR?MODBUS_HANDLEREADINPUTREGISTERS?MODBUS
    MODULE:  .\Objects\modbus.obj (MODBUS)

*** ERROR L120: CONTENT BELONGS TO ERRONEOUS SEGMENT
    SEGMENT: ?PR?_MODBUS_SENDERROR?MODBUS
    MODULE:  .\Objects\modbus.obj (MODBUS)

*** ERROR L120: CONTENT BELONGS TO ERRONEOUS SEGMENT
    SEGMENT: ?PR?_MODBUS_SENDERROR?MODBUS
    MODULE:  .\Objects\modbus.obj (MODBUS)

*** ERROR L120: CONTENT BELONGS TO ERRONEOUS SEGMENT
    SEGMENT: ?PR?_MODBUS_SENDERROR?MODBUS
    MODULE:  .\Objects\modbus.obj (MODBUS)

Program Size: data=10.3 xdata=3202 code=75056
LINK/LOCATE RUN COMPLETE.  1 WARNING(S),  112 ERROR(S)
