C51 COMPILER V9.60.0.0   MAIN                                                              01/28/2026 08:24:05 PAGE 1   


C51 COMPILER V9.60.0.0, COMPILATION OF MODULE MAIN
OBJECT MODULE PLACED IN .\Objects\main.obj
COMPILER INVOKED BY: C:\Keil_v5\C51\BIN\C51.EXE ..\User\src\main.c LARGE OMF2 OPTIMIZE(5,SIZE) BROWSE NOINTPROMOTE INCDI
                    -R(..\Mdk;..\User\inc;..\Modbus;..\Driver\font;..\Driver\bsp\inc;..\Driver\device\inc) DEBUG PRINT(.\Listings\main.lst) T
                    -ABS(2) OBJECT(.\Objects\main.obj)

line level    source

   1          
   2          
   3          #include "config.h"
   4          #include "menu.h"
   5          #include "system.h"
   6          #include "fm31256.h"
   7          #include "data_deal.h"
   8          #include "modbus.h"
   9          
  10          void main() {
  11   1        
  12   1          system_int();
  13   1          while(1) {
  14   2      
  15   2      
  16   2            
  17   2            Read_Time_Per_1s();
  18   2            change_io(1); 
  19   2            Read_All_IO_State();
  20   2            change_io(0);
  21   2            Data_Get();
  22   2            menu_disp();
  23   2        
  24   2            Frame_Parse_Main();     
  25   2            FM31256_WDG_Feed();//喂外狗
  26   2      
  27   2          }
  28   1      }


MODULE INFORMATION:   STATIC OVERLAYABLE
   CODE SIZE        =     34    ----
   CONSTANT SIZE    =   ----    ----
   XDATA SIZE       =   ----    ----
   PDATA SIZE       =   ----    ----
   DATA SIZE        =   ----    ----
   IDATA SIZE       =   ----    ----
   BIT SIZE         =   ----    ----
   EDATA SIZE       =   ----    ----
   HDATA SIZE       =   ----    ----
   XDATA CONST SIZE =   ----    ----
   FAR CONST SIZE   =   ----    ----
END OF MODULE INFORMATION.


C51 COMPILATION COMPLETE.  0 WARNING(S),  0 ERROR(S)
