C51 COMPILER V9.60.0.0   SYSTEM                                                            12/11/2025 10:35:23 PAGE 1   


C51 COMPILER V9.60.0.0, COMPILATION OF MODULE SYSTEM
OBJECT MODULE PLACED IN .\Objects\system.obj
COMPILER INVOKED BY: C:\Keil_v5\C51\BIN\C51.EXE ..\User\src\system.c LARGE OPTIMIZE(8,SPEED) BROWSE INCDIR(..\Driver\inc
                    -;..\Mdk;..\User\inc;..\Modbus;..\Driver\font) DEBUG OBJECTEXTEND PRINT(.\Listings\system.lst) TABS(2) OBJECT(.\Objects\s
                    -ystem.obj)

line level    source

   1          
   2          
   3          
   4          
   5          
   6          
   7          #include "system.h"
   8          
   9          
  10          
  11          
  12          
  13          
  14          
  15          
  16          
  17          
  18          
  19          void system_int()
  20          {
  21   1      
  22   1        bsp_int();
  23   1      //  LCD_Init();
  24   1      
  25   1      
  26   1      }


MODULE INFORMATION:   STATIC OVERLAYABLE
   CODE SIZE        =      3    ----
   CONSTANT SIZE    =   ----    ----
   XDATA SIZE       =   ----    ----
   PDATA SIZE       =   ----    ----
   DATA SIZE        =   ----    ----
   IDATA SIZE       =   ----    ----
   BIT SIZE         =   ----    ----
END OF MODULE INFORMATION.


C51 COMPILATION COMPLETE.  0 WARNING(S),  0 ERROR(S)
