C51 COMPILER V9.60.0.0   TIME                                                              01/09/2026 10:30:24 PAGE 1   


C51 COMPILER V9.60.0.0, COMPILATION OF MODULE TIME
OBJECT MODULE PLACED IN .\Objects\time.obj
COMPILER INVOKED BY: C:\Keil_v5\C51\BIN\C51.EXE ..\Driver\bsp\src\time.c LARGE OMF2 OPTIMIZE(5,SIZE) BROWSE NOINTPROMOTE
                    - INCDIR(..\Mdk;..\User\inc;..\Modbus;..\Driver\font;..\Driver\bsp\inc;..\Driver\device\inc) DEBUG PRINT(.\Listings\time.
                    -lst) TABS(2) OBJECT(.\Objects\time.obj)

line level    source

   1          
   2          /*
   3          *********************************************************************************************************
   4          *
   5          *   模块名称 : 定时器
   6          *   文件名称 : 
   7          *   版    本 : 
   8          *   说    明 : 定时器2  10ms作为触发adc，按键扫描  定时器1作为uart0.
   9          *             
  10          *
  11          *********************************************************************************************************
  12          */
  13          
  14          
  15          
  16          #include "config.h"
  17          #include "time.h"
  18          #include "adc_key.h"
  19          
  20          
  21          
  22          volatile bit flag_timer_10ms = 0;
  23          
  24          volatile uint32_t system_time_ms = 0;
  25          
  26          
  27          
  28          //1MS
  29          void Timer0_Init(void) {
  30   1          uint8_t SFRPAGE_SAVE = SFRPAGE;
  31   1          SFRPAGE = TIMER01_PAGE; 
  32   1      
  33   1       
  34   1          TMOD |= 0x01;   // 定时器0：16位定时器模式（模式1）
  35   1          CKCON =0X00;//定时器0,1 使用sys/12
  36   1      
  37   1          TH0 = 0xF8;     // 高8位
  38   1          TL0 = 0xCD;     // 低8位
  39   1      
  40   1      
  41   1          ET0 = 1;         // 使能定时器0中断
  42   1          TR0 = 1;         // 启动定时器0
  43   1          SFRPAGE = SFRPAGE_SAVE; // 恢复SFR页面
  44   1      }
  45          
  46          /**
  47           * @brief  初始化 Timer2，实现每 10ms 定时中断
  48           *         使用 16 位自动重载模式
  49           */
  50          void Timer2_Init(void) {
  51   1        
  52   1         char SFRPAGE_SAVE = SFRPAGE;        // Save Current SFR page
  53   1         SFRPAGE = TMR2_PAGE;             // Set SFR page
C51 COMPILER V9.60.0.0   TIME                                                              01/09/2026 10:30:24 PAGE 2   

  54   1      
  55   1          // 停止 Timer2
  56   1          TMR2CN = 0x00;           // 停止定时器，清所有控制位,定时器模式，自动重装载
  57   1      
  58   1          // 设置时钟源：使用 SYSCLK/12（与 Timer0 一致）
  59   1          TMR2CF = 0;           //  Timer2 时钟为 SYSCLK/12 ，向上计数
  60   1      
  61   1          // 设置重载初值（）
  62   1          RCAP2L = 0x00;        // 低字节
  63   1          RCAP2H = 0xB8;        // 高字节
  64   1        
  65   1          TMR2L=0;
  66   1          TMR2H=0XB8;
  67   1      
  68   1          // 清除溢出标志
  69   1          TF2     = 0;             // TMR2CN.7
  70   1          // 开启中断
  71   1          ET2     = 1;             // 允许 Timer2 中断
  72   1      
  73   1          // 启动 Timer2：工作在 16 位自动重载定时器模式
  74   1          TR2     = 1;             // 启动定时器
  75   1          SFRPAGE = SFRPAGE_SAVE;             // Restore SFR page
  76   1      }
  77          
  78          ////配置成25 ms 用于scl超时检测
  79          
  80          //void Timer3_Init(void) {
  81          //      
  82          //    char SFRPAGE_SAVE = SFRPAGE;        // 保存当前页面
  83          
  84          //    SFRPAGE = TMR3_PAGE;                // 切换到 Timer3 页面 (Page 1)
  85          
  86          //    // 1. 停止定时器
  87          //    TMR3CN = 0x00;                      // 清除控制位，停止计数
  88          
  89          //    // 2. 配置 TMR3CF：设置时钟源为 SYSCLK/12
  90          //    TMR3CF = 0x00;                      // TnM1=0, TnM0=0 → SYSCLK/12
  91          //                                        // TOGn=0, TnOE=0, DCEN=0
  92          
  93          //    // 3. 设置自动重载值（25ms @ SYSCLK=22.1184MHz）
  94          //    RCAP3H = 0x4C;                       // 高字节
  95          //    RCAP3L = 0x00;                       // 低字节
  96          
  97          //    // 4. 初始化当前计数值（可选）
  98          //    TMR3H = 0x4C;
  99          //    TMR3L = 0x00;
 100          
 101          //    // 5. 清除溢出标志
 102          //    TF3 = 0;                            // TMR3CN.7
 103          
 104          //    // 6. 使能 Timer3 中断
 105          //    EIE2 |= 0x01;                       // ET3 = 1
 106          
 107          //    // 7. 启动定时器（16位自动重载模式），由硬件iic启动
 108          //        TR3 = 1;                            // TMR3CN.2 = 1
 109          
 110          //    // 8. 恢复原始 SFR 页面
 111          //    SFRPAGE = SFRPAGE_SAVE;   
 112          //    
 113          //}
 114          //10ms
 115          void Timer3_Init(void) {
C51 COMPILER V9.60.0.0   TIME                                                              01/09/2026 10:30:24 PAGE 3   

 116   1            
 117   1          char SFRPAGE_SAVE = SFRPAGE;        // 保存当前页面
 118   1      
 119   1          SFRPAGE = TMR3_PAGE;                // 切换到 Timer3 页面 (Page 1)
 120   1      
 121   1          // 1. 停止定时器
 122   1          TMR3CN = 0x00;                      // 清除控制位，停止计数
 123   1      
 124   1          // 2. 配置 TMR3CF：设置时钟源为 SYSCLK/12
 125   1          TMR3CF = 0x00;                      // TnM1=0, TnM0=0 → SYSCLK/12
 126   1                                              // TOGn=0, TnOE=0, DCEN=0
 127   1      
 128   1          // 3. 设置自动重载值（10ms @ SYSCLK=22.1184MHz）
 129   1          RCAP3H = 0xb8;                       // 高字节
 130   1          RCAP3L = 0x00;                       // 低字节
 131   1      
 132   1          // 4. 初始化当前计数值（可选）
 133   1          TMR3H = 0xb8;
 134   1          TMR3L = 0x00;
 135   1      
 136   1          // 5. 清除溢出标志
 137   1          TF3 = 0;                            // TMR3CN.7
 138   1      
 139   1          // 6. 使能 Timer3 中断
 140   1          EIE2 |= 0x01;                       // ET3 = 1
 141   1      
 142   1          // 7. 启动定时器（16位自动重载模式），由硬件iic启动
 143   1              TR3 = 1;                            // TMR3CN.2 = 1
 144   1      
 145   1          // 8. 恢复原始 SFR 页面
 146   1          SFRPAGE = SFRPAGE_SAVE;   
 147   1          
 148   1      }
 149          
 150          uint32_t Get_SystemTime(void) {
 151   1          uint32_t temp_time;
 152   1          uint8_t SFRPAGE_SAVE = SFRPAGE;
 153   1          
 154   1          EA = 0; // 关闭总中断（仅耗时2条指令，几乎不影响其他中断）
 155   1          // 也可仅关闭定时器0中断：ET0 = 0; （更精准，不影响ADC/定时器1中断）
 156   1          temp_time = system_time_ms;
 157   1          EA = 1; // 恢复总中断
 158   1      
 159   1          SFRPAGE = SFRPAGE_SAVE;
 160   1          return temp_time;
 161   1      }
 162          
 163          // 定时器0中断服务程序
 164          void Timer0_ISR() interrupt 1 {
 165   1      
 166   1      
 167   1          
 168   1          TH0 = 0xF8;     // 重装初值（避免计时偏差）
 169   1          TL0 = 0xCD;
 170   1      
 171   1          TF0 = 0;
 172   1      
 173   1          // 核心：1ms计数器加1（仅1条指令，极致精简）
 174   1          system_time_ms++; 
 175   1      }
 176          
 177          
C51 COMPILER V9.60.0.0   TIME                                                              01/09/2026 10:30:24 PAGE 4   

 178          /**
 179           * @brief  Timer2 中断服务程序（Vector 5）
 180           */
 181          void Timer2_ISR(void) interrupt 5 {
 182   1          // 必须手动清除 TF2 标志
 183   1          TF2 = 0;
 184   1          bsp_KeyScan();
 185   1      }
 186          
 187          
 188          
 189          
 190          
 191          // 定时器3中断服务程序
 192          void Timer3_ISR() interrupt 14 {
 193   1          // 清除溢出标志
 194   1         TF3     = 0;             // TMR3CN.7
 195   1      
 196   1          
 197   1      }
 198          
 199          
 200          // 停止指定定时器
 201          void Timer_Stop(uint8_t timer_num) {
 202   1          if(timer_num >= 5) return;
 203   1          
 204   1          switch(timer_num) {
 205   2              case 0:
 206   2                  TR0 = 0;    // 停止定时器0
 207   2                  ET0 = 0;    // 禁止定时器0中断
 208   2                  break;
 209   2              case 1:
 210   2                  TR1 = 0;    // 停止定时器1
 211   2                  ET1 = 0;    // 禁止定时器1中断
 212   2                  break;
 213   2              case 2:
 214   2                  TR2 = 0;    // 停止定时器2
 215   2                  ET2 = 0;    // 禁止定时器2中断
 216   2                  break;
 217   2              case 3:
 218   2                  TR3 = 0;    // 停止定时器3
 219   2      //            ET3 = 0;    // 禁止定时器3中断
 220   2                  EIE2&=~0X01;
 221   2                  break;
 222   2              case 4:
 223   2                  TR4 = 0;    // 停止定时器4
 224   2      //            ET4 = 0;    // 禁止定时器4中断
 225   2                  EIE2&=~0X04;        
 226   2                  break;
 227   2          }
 228   1          
 229   1      
 230   1      }
 231          
 232          // 启动指定定时器
 233          void Timer_Start(uint8_t timer_num) {
 234   1          if(timer_num >= 5) return;
 235   1          
 236   1          switch(timer_num) {
 237   2              case 0:
 238   2                  TR0 = 1;    // 启动定时器0
 239   2                  ET0 = 1;    // 使能定时器0中断
C51 COMPILER V9.60.0.0   TIME                                                              01/09/2026 10:30:24 PAGE 5   

 240   2                  break;
 241   2              case 1:
 242   2                  TR1 = 1;    // 启动定时器1
 243   2                  ET1 = 1;    // 使能定时器1中断
 244   2                  break;
 245   2              case 2:
 246   2                  TR2 = 1;    // 启动定时器2
 247   2                  ET2 = 1;    // 使能定时器2中断
 248   2                  break;
 249   2              case 3:
 250   2                  TR3 = 1;    // 启动定时器3
 251   2      //            ET3 = 1;    // 使能定时器3中断
 252   2                  EIE2|=0X01;
 253   2                  break;
 254   2              case 4:
 255   2                  TR4 = 1;    // 启动定时器4
 256   2      //            ET4 = 1;    // 使能定时器4中断
 257   2                  EIE2|=0X04;       
 258   2                  break;
 259   2          }
 260   1          
 261   1      
 262   1      }
 263          


MODULE INFORMATION:   STATIC OVERLAYABLE
   CODE SIZE        =    376    ----
   CONSTANT SIZE    =   ----    ----
   XDATA SIZE       =      4       4
   PDATA SIZE       =   ----    ----
   DATA SIZE        =   ----    ----
   IDATA SIZE       =   ----    ----
   BIT SIZE         =      1    ----
   EDATA SIZE       =   ----    ----
   HDATA SIZE       =   ----    ----
   XDATA CONST SIZE =   ----    ----
   FAR CONST SIZE   =   ----    ----
END OF MODULE INFORMATION.


C51 COMPILATION COMPLETE.  0 WARNING(S),  0 ERROR(S)
